01-03 01:22:14.782  6772  6772 I sudoGameJNI: conflict (3, 5) (2, 5)
01-03 01:22:14.782  6772  6772 I sudoGameJNI: conflict (3, 5) (1, 5)
01-03 01:22:14.782  6772  6772 I sudoGameJNI: conflict (3, 5) (5, 5)
01-03 01:22:14.782  6772  6772 I sudoGameJNI: conflict (3, 5) (3, 2)
01-03 01:22:14.782  6772  6772 I sudoGameJNI: conflict (3, 5) (0, 5)
01-03 01:22:14.782  6772  6772 I sudoGameJNI: conflict (3, 5) (4, 5)
01-03 01:22:14.782  6772  6772 I sudoGameJNI: conflict (3, 4) (3, 8)
01-03 01:22:14.782  6772  6772 I sudoGameJNI: conflict (3, 4) (6, 4)
01-03 01:22:14.782  6772  6772 I sudoGameJNI: conflict (3, 4) (1, 4)
01-03 01:22:14.782  6772  6772 I sudoGameJNI: conflict (3, 4) (3, 2)
01-03 01:22:14.782  6772  6772 I sudoGameJNI: conflict (3, 6) (7, 6)
01-03 01:22:14.782  6772  6772 I sudoGameJNI: conflict (3, 6) (1, 6)
01-03 01:22:14.782  6772  6772 I sudoGameJNI: conflict (3, 7) (3, 5)
01-03 01:22:14.782  6772  6772 I sudoGameJNI: conflict (3, 7) (3, 3)
01-03 01:22:14.782  6772  6772 I sudoGameJNI: conflict (3, 7) (3, 6)
01-03 01:22:14.782  6772  6772 I sudoGameJNI: conflict (3, 7) (0, 7)
01-03 01:22:14.782  6772  6772 I sudoGameJNI: conflict (4, 1) (2, 1)
01-03 01:22:14.782  6772  6772 I sudoGameJNI: conflict (4, 2) (4, 0)
01-03 01:22:14.782  6772  6772 I sudoGameJNI: conflict (4, 2) (2, 2)
01-03 01:22:14.782  6772  6772 I sudoGameJNI: conflict (4, 3) (0, 3)
01-03 01:22:14.782  6772  6772 I sudoGameJNI: conflict (4, 3) (3, 3)
01-03 01:22:14.783  6772  6772 I sudoGameJNI: conflict (4, 3) (2, 3)
01-03 01:22:14.783  6772  6772 I sudoGameJNI: conflict (4, 4) (8, 4)
01-03 01:22:14.783  6772  6772 I sudoGameJNI: conflict (4, 4) (0, 4)
01-03 01:22:14.783  6772  6772 I sudoGameJNI: conflict (4, 4) (4, 2)
01-03 01:22:14.783  6772  6772 I sudoGameJNI: conflict (4, 4) (4, 3)
01-03 01:22:14.783  6772  6772 I sudoGameJNI: conflict (4, 4) (6, 4)
01-03 01:22:14.783  6772  6772 I sudoGameJNI: conflict (4, 4) (1, 4)
01-03 01:22:14.783  6772  6772 I sudoGameJNI: conflict (4, 6) (7, 6)
01-03 01:22:14.783  6772  6772 I sudoGameJNI: conflict (4, 6) (1, 6)
01-03 01:22:14.783  6772  6772 I sudoGameJNI: conflict (4, 6) (3, 6)
01-03 01:22:14.783  6772  6772 I sudoGameJNI: conflict (4, 6) (6, 6)
01-03 01:22:14.783  6772  6772 I sudoGameJNI: conflict (4, 6) (3, 7)
01-03 01:22:14.783  6772  6772 I sudoGameJNI: conflict (4, 6) (2, 6)
01-03 01:22:14.783  6772  6772 I sudoGameJNI: conflict (4, 6) (5, 6)
01-03 01:22:14.783  6772  6772 I sudoGameJNI: conflict (4, 7) (4, 0)
01-03 01:22:14.783  6772  6772 I sudoGameJNI: conflict (4, 7) (4, 1)
01-03 01:22:14.783  6772  6772 I sudoGameJNI: conflict (4, 7) (4, 2)
01-03 01:22:14.783  6772  6772 I sudoGameJNI: conflict (4, 7) (0, 7)
01-03 01:22:14.783  6772  6772 I sudoGameJNI: conflict (4, 7) (3, 7)
01-03 01:22:14.783  6772  6772 I sudoGameJNI: conflict (4, 8) (1, 8)
01-03 01:22:14.783  6772  6772 I sudoGameJNI: conflict (4, 8) (5, 8)
01-03 01:22:14.783  6772  6772 I sudoGameJNI: conflict (4, 8) (0, 8)
01-03 01:22:14.783  6772  6772 I sudoGameJNI: conflict (4, 8) (3, 8)
01-03 01:22:14.783  6772  6772 I sudoGameJNI: conflict (4, 8) (2, 8)
01-03 01:22:14.783  6772  6772 I sudoGameJNI: conflict (4, 8) (4, 7)
01-03 01:22:14.783  6772  6772 I sudoGameJNI: conflict (4, 8) (4, 4)
01-03 01:22:14.783  6772  6772 I sudoGameJNI: conflict (4, 8) (4, 6)
01-03 01:22:14.783  6772  6772 I sudoGameJNI: conflict (4, 8) (6, 8)
01-03 01:22:14.783  6772  6772 I sudoGameJNI: conflict (4, 7) (2, 7)
01-03 01:22:14.783  6772  6772 I sudoGameJNI: conflict (4, 7) (1, 7)
01-03 01:22:14.783  6772  6772 I sudoGameJNI: conflict (4, 7) (4, 5)
01-03 01:22:14.783  6772  6772 I sudoGameJNI: conflict (4, 6) (0, 6)
01-03 01:22:14.783  6772  6772 I sudoGameJNI: conflict (4, 4) (3, 4)
01-03 01:22:14.783  6772  6772 I sudoGameJNI: conflict (4, 4) (2, 4)
01-03 01:22:14.783  6772  6772 I sudoGameJNI: conflict (4, 3) (5, 3)
01-03 01:22:14.783  6772  6772 I sudoGameJNI: conflict (4, 3) (8, 3)
01-03 01:22:14.783  6772  6772 I sudoGameJNI: conflict (4, 3) (1, 3)
01-03 01:22:14.783  6772  6772 I sudoGameJNI: conflict (4, 3) (3, 4)
01-03 01:22:14.783  6772  6772 I sudoGameJNI: conflict (4, 3) (7, 3)
01-03 01:22:14.783  6772  6772 I sudoGameJNI: conflict (4, 3) (0, 3)
01-03 01:22:14.783  6772  6772 I sudoGameJNI: conflict (4, 3) (3, 3)
01-03 01:22:14.783  6772  6772 I sudoGameJNI: conflict (4, 3) (2, 3)
01-03 01:22:14.783  6772  6772 I sudoGameJNI: conflict (4, 3) (4, 2)
01-03 01:22:14.783  6772  6772 I sudoGameJNI: conflict (4, 3) (5, 3)
01-03 01:22:14.783  6772  6772 I sudoGameJNI: conflict (4, 3) (8, 3)
01-03 01:22:14.783  6772  6772 I sudoGameJNI: conflict (4, 3) (1, 3)
01-03 01:22:14.783  6772  6772 I sudoGameJNI: conflict (4, 3) (3, 4)
01-03 01:22:14.783  6772  6772 I sudoGameJNI: conflict (4, 3) (7, 3)
01-03 01:22:14.783  6772  6772 I sudoGameJNI: conflict (4, 3) (0, 3)
01-03 01:22:14.783  6772  6772 I sudoGameJNI: conflict (4, 3) (3, 3)
01-03 01:22:14.783  6772  6772 I sudoGameJNI: conflict (4, 3) (2, 3)
01-03 01:22:14.783  6772  6772 I sudoGameJNI: conflict (4, 4) (8, 4)
01-03 01:22:14.783  6772  6772 I sudoGameJNI: conflict (4, 4) (0, 4)
01-03 01:22:14.783  6772  6772 I sudoGameJNI: conflict (4, 6) (7, 6)
01-03 01:22:14.783  6772  6772 I sudoGameJNI: conflict (4, 6) (1, 6)
01-03 01:22:14.783  6772  6772 I sudoGameJNI: conflict (4, 6) (3, 6)
01-03 01:22:14.783  6772  6772 I sudoGameJNI: conflict (4, 6) (6, 6)
01-03 01:22:14.783  6772  6772 I sudoGameJNI: conflict (4, 6) (4, 2)
01-03 01:22:14.783  6772  6772 I sudoGameJNI: conflict (4, 6) (2, 6)
01-03 01:22:14.784  6772  6772 I sudoGameJNI: conflict (4, 6) (5, 6)
01-03 01:22:14.784  6772  6772 I sudoGameJNI: conflict (4, 7) (4, 0)
01-03 01:22:14.784  6772  6772 I sudoGameJNI: conflict (4, 7) (4, 1)
01-03 01:22:14.784  6772  6772 I sudoGameJNI: conflict (4, 7) (4, 4)
01-03 01:22:14.784  6772  6772 I sudoGameJNI: conflict (4, 7) (0, 7)
01-03 01:22:14.784  6772  6772 I sudoGameJNI: conflict (4, 7) (3, 7)
01-03 01:22:14.784  6772  6772 I sudoGameJNI: conflict (4, 8) (1, 8)
01-03 01:22:14.784  6772  6772 I sudoGameJNI: conflict (4, 8) (5, 8)
01-03 01:22:14.784  6772  6772 I sudoGameJNI: conflict (4, 8) (0, 8)
01-03 01:22:14.784  6772  6772 I sudoGameJNI: conflict (4, 8) (3, 8)
01-03 01:22:14.784  6772  6772 I sudoGameJNI: conflict (4, 8) (2, 8)
01-03 01:22:14.784  6772  6772 I sudoGameJNI: conflict (4, 8) (4, 7)
01-03 01:22:14.784  6772  6772 I sudoGameJNI: conflict (4, 8) (5, 6)
01-03 01:22:14.784  6772  6772 I sudoGameJNI: conflict (4, 8) (4, 6)
01-03 01:22:14.784  6772  6772 I sudoGameJNI: conflict (4, 8) (6, 8)
01-03 01:22:14.784  6772  6772 I sudoGameJNI: conflict (4, 7) (2, 7)
01-03 01:22:14.784  6772  6772 I sudoGameJNI: conflict (4, 7) (1, 7)
01-03 01:22:14.784  6772  6772 I sudoGameJNI: conflict (4, 7) (4, 5)
01-03 01:22:14.784  6772  6772 I sudoGameJNI: conflict (4, 6) (0, 6)
01-03 01:22:14.784  6772  6772 I sudoGameJNI: conflict (4, 4) (4, 3)
01-03 01:22:14.784  6772  6772 I sudoGameJNI: conflict (4, 4) (6, 4)
01-03 01:22:14.784  6772  6772 I sudoGameJNI: conflict (4, 4) (1, 4)
01-03 01:22:14.784  6772  6772 I sudoGameJNI: conflict (4, 6) (7, 6)
01-03 01:22:14.784  6772  6772 I sudoGameJNI: conflict (4, 6) (1, 6)
01-03 01:22:14.784  6772  6772 I sudoGameJNI: conflict (4, 6) (3, 6)
01-03 01:22:14.784  6772  6772 I sudoGameJNI: conflict (4, 6) (6, 6)
01-03 01:22:14.784  6772  6772 I sudoGameJNI: conflict (4, 6) (4, 2)
01-03 01:22:14.784  6772  6772 I sudoGameJNI: conflict (4, 6) (2, 6)
01-03 01:22:14.784  6772  6772 I sudoGameJNI: conflict (4, 6) (5, 6)
01-03 01:22:14.784  6772  6772 I sudoGameJNI: conflict (4, 7) (4, 0)
01-03 01:22:14.784  6772  6772 I sudoGameJNI: conflict (4, 7) (4, 1)
01-03 01:22:14.784  6772  6772 I sudoGameJNI: conflict (4, 7) (3, 6)
01-03 01:22:14.784  6772  6772 I sudoGameJNI: conflict (4, 7) (0, 7)
01-03 01:22:14.784  6772  6772 I sudoGameJNI: conflict (4, 7) (3, 7)
01-03 01:22:14.784  6772  6772 I sudoGameJNI: conflict (4, 8) (1, 8)
01-03 01:22:14.784  6772  6772 I sudoGameJNI: conflict (4, 8) (5, 8)
01-03 01:22:14.784  6772  6772 I sudoGameJNI: conflict (4, 8) (0, 8)
01-03 01:22:14.784  6772  6772 I sudoGameJNI: conflict (4, 8) (3, 8)
01-03 01:22:14.784  6772  6772 I sudoGameJNI: conflict (4, 8) (2, 8)
01-03 01:22:14.784  6772  6772 I sudoGameJNI: conflict (4, 8) (4, 7)
01-03 01:22:14.784  6772  6772 I sudoGameJNI: conflict (4, 8) (4, 4)
01-03 01:22:14.784  6772  6772 I sudoGameJNI: conflict (4, 8) (4, 6)
01-03 01:22:14.784  6772  6772 I sudoGameJNI: conflict (4, 8) (6, 8)
01-03 01:22:14.784  6772  6772 I sudoGameJNI: conflict (4, 7) (2, 7)
01-03 01:22:14.784  6772  6772 I sudoGameJNI: conflict (4, 7) (1, 7)
01-03 01:22:14.784  6772  6772 I sudoGameJNI: conflict (4, 7) (4, 5)
01-03 01:22:14.784  6772  6772 I sudoGameJNI: conflict (4, 6) (0, 6)
01-03 01:22:14.784  6772  6772 I sudoGameJNI: conflict (4, 4) (3, 4)
01-03 01:22:14.784  6772  6772 I sudoGameJNI: conflict (4, 4) (2, 4)
01-03 01:22:14.784  6772  6772 I sudoGameJNI: conflict (4, 3) (5, 3)
01-03 01:22:14.784  6772  6772 I sudoGameJNI: conflict (4, 3) (8, 3)
01-03 01:22:14.784  6772  6772 I sudoGameJNI: conflict (4, 3) (1, 3)
01-03 01:22:14.784  6772  6772 I sudoGameJNI: conflict (4, 3) (3, 4)
01-03 01:22:14.784  6772  6772 I sudoGameJNI: conflict (4, 3) (7, 3)
01-03 01:22:14.784  6772  6772 I sudoGameJNI: conflict (4, 2) (0, 2)
01-03 01:22:14.784  6772  6772 I sudoGameJNI: conflict (4, 2) (3, 2)
01-03 01:22:14.784  6772  6772 I sudoGameJNI: conflict (4, 2) (8, 2)
01-03 01:22:14.784  6772  6772 I sudoGameJNI: conflict (4, 2) (1, 2)
01-03 01:22:14.785  6772  6772 I sudoGameJNI: conflict (4, 1) (1, 1)
01-03 01:22:14.785  6772  6772 I sudoGameJNI: conflict (4, 2) (4, 0)
01-03 01:22:14.785  6772  6772 I sudoGameJNI: conflict (4, 2) (2, 2)
01-03 01:22:14.785  6772  6772 I sudoGameJNI: conflict (4, 3) (0, 3)
01-03 01:22:14.785  6772  6772 I sudoGameJNI: conflict (4, 3) (3, 3)
01-03 01:22:14.785  6772  6772 I sudoGameJNI: conflict (4, 3) (2, 3)
01-03 01:22:14.785  6772  6772 I sudoGameJNI: conflict (4, 3) (4, 1)
01-03 01:22:14.785  6772  6772 I sudoGameJNI: conflict (4, 3) (5, 3)
01-03 01:22:14.785  6772  6772 I sudoGameJNI: conflict (4, 3) (8, 3)
01-03 01:22:14.785  6772  6772 I sudoGameJNI: conflict (4, 3) (1, 3)
01-03 01:22:14.785  6772  6772 I sudoGameJNI: conflict (4, 3) (3, 4)
01-03 01:22:14.785  6772  6772 I sudoGameJNI: conflict (4, 3) (7, 3)
01-03 01:22:14.785  6772  6772 I sudoGameJNI: conflict (4, 2) (4, 1)
01-03 01:22:14.785  6772  6772 I sudoGameJNI: conflict (4, 3) (0, 3)
01-03 01:22:14.785  6772  6772 I sudoGameJNI: conflict (4, 3) (3, 3)
01-03 01:22:14.785  6772  6772 I sudoGameJNI: conflict (4, 3) (2, 3)
01-03 01:22:14.785  6772  6772 I sudoGameJNI: conflict (4, 3) (4, 1)
01-03 01:22:14.785  6772  6772 I sudoGameJNI: conflict (4, 3) (5, 3)
01-03 01:22:14.785  6772  6772 I sudoGameJNI: conflict (4, 3) (8, 3)
01-03 01:22:14.785  6772  6772 I sudoGameJNI: conflict (4, 3) (1, 3)
01-03 01:22:14.785  6772  6772 I sudoGameJNI: conflict (4, 3) (3, 4)
01-03 01:22:14.785  6772  6772 I sudoGameJNI: conflict (4, 3) (7, 3)
01-03 01:22:14.785  6772  6772 I sudoGameJNI: conflict (4, 2) (0, 2)
01-03 01:22:14.785  6772  6772 I sudoGameJNI: conflict (4, 2) (3, 2)
01-03 01:22:14.785  6772  6772 I sudoGameJNI: conflict (4, 2) (8, 2)
01-03 01:22:14.785  6772  6772 I sudoGameJNI: conflict (4, 2) (1, 2)
01-03 01:22:14.785  6772  6772 I sudoGameJNI: conflict (4, 2) (4, 0)
01-03 01:22:14.785  6772  6772 I sudoGameJNI: conflict (4, 2) (2, 2)
01-03 01:22:14.785  6772  6772 I sudoGameJNI: conflict (4, 3) (0, 3)
01-03 01:22:14.785  6772  6772 I sudoGameJNI: conflict (4, 3) (3, 3)
01-03 01:22:14.785  6772  6772 I sudoGameJNI: conflict (4, 3) (2, 3)
01-03 01:22:14.785  6772  6772 I sudoGameJNI: conflict (4, 4) (8, 4)
01-03 01:22:14.785  6772  6772 I sudoGameJNI: conflict (4, 4) (0, 4)
01-03 01:22:14.785  6772  6772 I sudoGameJNI: conflict (4, 4) (4, 2)
01-03 01:22:14.785  6772  6772 I sudoGameJNI: conflict (4, 4) (4, 3)
01-03 01:22:14.785  6772  6772 I sudoGameJNI: conflict (4, 4) (6, 4)
01-03 01:22:14.785  6772  6772 I sudoGameJNI: conflict (4, 4) (1, 4)
01-03 01:22:14.785  6772  6772 I sudoGameJNI: conflict (4, 6) (7, 6)
01-03 01:22:14.785  6772  6772 I sudoGameJNI: conflict (4, 6) (1, 6)
01-03 01:22:14.785  6772  6772 I sudoGameJNI: conflict (4, 6) (3, 6)
01-03 01:22:14.785  6772  6772 I sudoGameJNI: conflict (4, 6) (6, 6)
01-03 01:22:14.785  6772  6772 I sudoGameJNI: conflict (4, 6) (4, 1)
01-03 01:22:14.785  6772  6772 I sudoGameJNI: conflict (4, 6) (2, 6)
01-03 01:22:14.785  6772  6772 I sudoGameJNI: conflict (4, 6) (5, 6)
01-03 01:22:14.785  6772  6772 I sudoGameJNI: conflict (4, 7) (4, 0)
01-03 01:22:14.785  6772  6772 I sudoGameJNI: conflict (4, 7) (5, 8)
01-03 01:22:14.785  6772  6772 I sudoGameJNI: conflict (4, 7) (4, 2)
01-03 01:22:14.785  6772  6772 I sudoGameJNI: conflict (4, 7) (0, 7)
01-03 01:22:14.785  6772  6772 I sudoGameJNI: conflict (4, 7) (3, 7)
01-03 01:22:14.785  6772  6772 I sudoGameJNI: conflict (4, 8) (1, 8)
01-03 01:22:14.785  6772  6772 I sudoGameJNI: conflict (4, 8) (5, 8)
01-03 01:22:14.785  6772  6772 I sudoGameJNI: conflict (4, 8) (0, 8)
01-03 01:22:14.785  6772  6772 I sudoGameJNI: conflict (4, 8) (3, 8)
01-03 01:22:14.785  6772  6772 I sudoGameJNI: conflict (4, 8) (2, 8)
01-03 01:22:14.785  6772  6772 I sudoGameJNI: conflict (4, 8) (4, 7)
01-03 01:22:14.785  6772  6772 I sudoGameJNI: conflict (4, 8) (4, 4)
01-03 01:22:14.785  6772  6772 I sudoGameJNI: conflict (4, 8) (4, 6)
01-03 01:22:14.785  6772  6772 I sudoGameJNI: conflict (4, 8) (6, 8)
01-03 01:22:14.785  6772  6772 I sudoGameJNI: conflict (4, 7) (2, 7)
01-03 01:22:14.786  6772  6772 I sudoGameJNI: conflict (4, 7) (1, 7)
01-03 01:22:14.786  6772  6772 I sudoGameJNI: conflict (4, 7) (4, 5)
01-03 01:22:14.786  6772  6772 I sudoGameJNI: conflict (4, 6) (0, 6)
01-03 01:22:14.786  6772  6772 I sudoGameJNI: conflict (4, 4) (3, 4)
01-03 01:22:14.786  6772  6772 I sudoGameJNI: conflict (4, 4) (2, 4)
01-03 01:22:14.786  6772  6772 I sudoGameJNI: conflict (4, 3) (5, 3)
01-03 01:22:14.786  6772  6772 I sudoGameJNI: conflict (4, 3) (8, 3)
01-03 01:22:14.786  6772  6772 I sudoGameJNI: conflict (4, 3) (1, 3)
01-03 01:22:14.786  6772  6772 I sudoGameJNI: conflict (4, 3) (3, 4)
01-03 01:22:14.786  6772  6772 I sudoGameJNI: conflict (4, 3) (7, 3)
01-03 01:22:14.786  6772  6772 I sudoGameJNI: conflict (4, 3) (0, 3)
01-03 01:22:14.786  6772  6772 I sudoGameJNI: conflict (4, 3) (3, 3)
01-03 01:22:14.786  6772  6772 I sudoGameJNI: conflict (4, 3) (2, 3)
01-03 01:22:14.786  6772  6772 I sudoGameJNI: conflict (4, 3) (4, 2)
01-03 01:22:14.786  6772  6772 I sudoGameJNI: conflict (4, 3) (5, 3)
01-03 01:22:14.786  6772  6772 I sudoGameJNI: conflict (4, 3) (8, 3)
01-03 01:22:14.786  6772  6772 I sudoGameJNI: conflict (4, 3) (1, 3)
01-03 01:22:14.786  6772  6772 I sudoGameJNI: conflict (4, 3) (3, 4)
01-03 01:22:14.786  6772  6772 I sudoGameJNI: conflict (4, 3) (7, 3)
01-03 01:22:14.786  6772  6772 I sudoGameJNI: conflict (4, 2) (4, 1)
01-03 01:22:14.786  6772  6772 I sudoGameJNI: conflict (4, 2) (0, 2)
01-03 01:22:14.786  6772  6772 I sudoGameJNI: conflict (4, 2) (3, 2)
01-03 01:22:14.786  6772  6772 I sudoGameJNI: conflict (4, 2) (8, 2)
01-03 01:22:14.786  6772  6772 I sudoGameJNI: conflict (4, 2) (1, 2)
01-03 01:22:14.786  6772  6772 I sudoGameJNI: conflict (4, 1) (7, 1)
01-03 01:22:14.786  6772  6772 I sudoGameJNI: conflict (4, 1) (0, 1)
01-03 01:22:14.786  6772  6772 I sudoGameJNI: conflict (4, 1) (5, 1)
01-03 01:22:14.786  6772  6772 I sudoGameJNI: conflict (4, 1) (3, 1)
01-03 01:22:14.786  6772  6772 I sudoGameJNI: conflict (4, 1) (2, 1)
01-03 01:22:14.786  6772  6772 I sudoGameJNI: conflict (4, 1) (4, 0)
01-03 01:22:14.786  6772  6772 I sudoGameJNI: conflict (4, 1) (1, 1)
01-03 01:22:14.786  6772  6772 I sudoGameJNI: conflict (4, 3) (0, 3)
01-03 01:22:14.786  6772  6772 I sudoGameJNI: conflict (4, 3) (3, 3)
01-03 01:22:14.786  6772  6772 I sudoGameJNI: conflict (4, 3) (2, 3)
01-03 01:22:14.786  6772  6772 I sudoGameJNI: conflict (4, 3) (4, 1)
01-03 01:22:14.786  6772  6772 I sudoGameJNI: conflict (4, 3) (5, 3)
01-03 01:22:14.786  6772  6772 I sudoGameJNI: conflict (4, 3) (8, 3)
01-03 01:22:14.786  6772  6772 I sudoGameJNI: conflict (4, 3) (1, 3)
01-03 01:22:14.786  6772  6772 I sudoGameJNI: conflict (4, 3) (3, 4)
01-03 01:22:14.786  6772  6772 I sudoGameJNI: conflict (4, 3) (7, 3)
01-03 01:22:14.786  6772  6772 I sudoGameJNI: conflict (4, 2) (2, 2)
01-03 01:22:14.786  6772  6772 I sudoGameJNI: conflict (4, 3) (0, 3)
01-03 01:22:14.786  6772  6772 I sudoGameJNI: conflict (4, 3) (3, 3)
01-03 01:22:14.786  6772  6772 I sudoGameJNI: conflict (4, 3) (2, 3)
01-03 01:22:14.786  6772  6772 I sudoGameJNI: conflict (4, 3) (4, 1)
01-03 01:22:14.786  6772  6772 I sudoGameJNI: conflict (4, 3) (5, 3)
01-03 01:22:14.786  6772  6772 I sudoGameJNI: conflict (4, 3) (8, 3)
01-03 01:22:14.786  6772  6772 I sudoGameJNI: conflict (4, 3) (1, 3)
01-03 01:22:14.786  6772  6772 I sudoGameJNI: conflict (4, 3) (3, 4)
01-03 01:22:14.786  6772  6772 I sudoGameJNI: conflict (4, 3) (7, 3)
01-03 01:22:14.786  6772  6772 I sudoGameJNI: conflict (4, 2) (4, 1)
01-03 01:22:14.786  6772  6772 I sudoGameJNI: conflict (4, 3) (0, 3)
01-03 01:22:14.786  6772  6772 I sudoGameJNI: conflict (4, 3) (3, 3)
01-03 01:22:14.786  6772  6772 I sudoGameJNI: conflict (4, 3) (2, 3)
01-03 01:22:14.786  6772  6772 I sudoGameJNI: conflict (4, 3) (4, 1)
01-03 01:22:14.786  6772  6772 I sudoGameJNI: conflict (4, 3) (5, 3)
01-03 01:22:14.786  6772  6772 I sudoGameJNI: conflict (4, 3) (8, 3)
01-03 01:22:14.786  6772  6772 I sudoGameJNI: conflict (4, 3) (1, 3)
01-03 01:22:14.786  6772  6772 I sudoGameJNI: conflict (4, 3) (3, 4)
01-03 01:22:14.786  6772  6772 I sudoGameJNI: conflict (4, 3) (7, 3)
01-03 01:22:14.786  6772  6772 I sudoGameJNI: conflict (4, 2) (0, 2)
01-03 01:22:14.786  6772  6772 I sudoGameJNI: conflict (4, 2) (3, 2)
01-03 01:22:14.786  6772  6772 I sudoGameJNI: conflict (4, 2) (8, 2)
01-03 01:22:14.786  6772  6772 I sudoGameJNI: conflict (4, 2) (1, 2)
01-03 01:22:14.787  6772  6772 I sudoGameJNI: conflict (4, 3) (0, 3)
01-03 01:22:14.787  6772  6772 I sudoGameJNI: conflict (4, 3) (3, 3)
01-03 01:22:14.787  6772  6772 I sudoGameJNI: conflict (4, 3) (2, 3)
01-03 01:22:14.787  6772  6772 I sudoGameJNI: conflict (4, 4) (8, 4)
01-03 01:22:14.787  6772  6772 I sudoGameJNI: conflict (4, 4) (0, 4)
01-03 01:22:14.787  6772  6772 I sudoGameJNI: conflict (4, 6) (7, 6)
01-03 01:22:14.787  6772  6772 I sudoGameJNI: conflict (4, 6) (1, 6)
01-03 01:22:14.787  6772  6772 I sudoGameJNI: conflict (4, 6) (3, 6)
01-03 01:22:14.787  6772  6772 I sudoGameJNI: conflict (4, 6) (6, 6)
01-03 01:22:14.787  6772  6772 I sudoGameJNI: conflict (4, 6) (4, 1)
01-03 01:22:14.787  6772  6772 I sudoGameJNI: conflict (4, 6) (2, 6)
01-03 01:22:14.787  6772  6772 I sudoGameJNI: conflict (4, 6) (5, 6)
01-03 01:22:14.787  6772  6772 I sudoGameJNI: conflict (4, 7) (4, 2)
01-03 01:22:14.787  6772  6772 I sudoGameJNI: conflict (4, 7) (4, 0)
01-03 01:22:14.787  6772  6772 I sudoGameJNI: conflict (4, 7) (4, 4)
01-03 01:22:14.787  6772  6772 I sudoGameJNI: conflict (4, 7) (0, 7)
01-03 01:22:14.787  6772  6772 I sudoGameJNI: conflict (4, 7) (3, 7)
01-03 01:22:14.787  6772  6772 I sudoGameJNI: conflict (4, 8) (1, 8)
01-03 01:22:14.787  6772  6772 I sudoGameJNI: conflict (4, 8) (5, 8)
01-03 01:22:14.787  6772  6772 I sudoGameJNI: conflict (4, 8) (0, 8)
01-03 01:22:14.787  6772  6772 I sudoGameJNI: conflict (4, 8) (3, 8)
01-03 01:22:14.787  6772  6772 I sudoGameJNI: conflict (4, 8) (2, 8)
01-03 01:22:14.787  6772  6772 I sudoGameJNI: conflict (4, 8) (4, 7)
01-03 01:22:14.787  6772  6772 I sudoGameJNI: conflict (4, 8) (5, 6)
01-03 01:22:14.787  6772  6772 I sudoGameJNI: conflict (4, 8) (4, 6)
01-03 01:22:14.787  6772  6772 I sudoGameJNI: conflict (4, 8) (6, 8)
01-03 01:22:14.787  6772  6772 I sudoGameJNI: conflict (4, 7) (2, 7)
01-03 01:22:14.787  6772  6772 I sudoGameJNI: conflict (4, 7) (1, 7)
01-03 01:22:14.787  6772  6772 I sudoGameJNI: conflict (4, 7) (4, 5)
01-03 01:22:14.787  6772  6772 I sudoGameJNI: conflict (4, 6) (0, 6)
01-03 01:22:14.787  6772  6772 I sudoGameJNI: conflict (4, 4) (4, 3)
01-03 01:22:14.787  6772  6772 I sudoGameJNI: conflict (4, 4) (6, 4)
01-03 01:22:14.787  6772  6772 I sudoGameJNI: conflict (4, 4) (1, 4)
01-03 01:22:14.787  6772  6772 I sudoGameJNI: conflict (4, 6) (7, 6)
01-03 01:22:14.787  6772  6772 I sudoGameJNI: conflict (4, 6) (1, 6)
01-03 01:22:14.787  6772  6772 I sudoGameJNI: conflict (4, 6) (3, 6)
01-03 01:22:14.787  6772  6772 I sudoGameJNI: conflict (4, 6) (6, 6)
01-03 01:22:14.787  6772  6772 I sudoGameJNI: conflict (4, 6) (4, 1)
01-03 01:22:14.787  6772  6772 I sudoGameJNI: conflict (4, 6) (2, 6)
01-03 01:22:14.787  6772  6772 I sudoGameJNI: conflict (4, 6) (5, 6)
01-03 01:22:14.787  6772  6772 I sudoGameJNI: conflict (4, 7) (4, 2)
01-03 01:22:14.787  6772  6772 I sudoGameJNI: conflict (4, 7) (4, 0)
01-03 01:22:14.787  6772  6772 I sudoGameJNI: conflict (4, 7) (3, 6)
01-03 01:22:14.787  6772  6772 I sudoGameJNI: conflict (4, 7) (0, 7)
01-03 01:22:14.787  6772  6772 I sudoGameJNI: conflict (4, 7) (3, 7)
01-03 01:22:14.787  6772  6772 I sudoGameJNI: conflict (4, 8) (1, 8)
01-03 01:22:14.787  6772  6772 I sudoGameJNI: conflict (4, 8) (5, 8)
01-03 01:22:14.787  6772  6772 I sudoGameJNI: conflict (4, 8) (0, 8)
01-03 01:22:14.787  6772  6772 I sudoGameJNI: conflict (4, 8) (3, 8)
01-03 01:22:14.787  6772  6772 I sudoGameJNI: conflict (4, 8) (2, 8)
01-03 01:22:14.787  6772  6772 I sudoGameJNI: conflict (4, 8) (4, 7)
01-03 01:22:14.787  6772  6772 I sudoGameJNI: conflict (4, 8) (4, 4)
01-03 01:22:14.787  6772  6772 I sudoGameJNI: conflict (4, 8) (4, 6)
01-03 01:22:14.787  6772  6772 I sudoGameJNI: conflict (4, 8) (6, 8)
01-03 01:22:14.787  6772  6772 I sudoGameJNI: conflict (4, 7) (2, 7)
01-03 01:22:14.787  6772  6772 I sudoGameJNI: conflict (4, 7) (1, 7)
01-03 01:22:14.787  6772  6772 I sudoGameJNI: conflict (4, 7) (4, 5)
01-03 01:22:14.787  6772  6772 I sudoGameJNI: conflict (4, 6) (0, 6)
01-03 01:22:14.787  6772  6772 I sudoGameJNI: conflict (4, 4) (3, 4)
01-03 01:22:14.787  6772  6772 I sudoGameJNI: conflict (4, 4) (2, 4)
01-03 01:22:14.787  6772  6772 I sudoGameJNI: conflict (4, 3) (5, 3)
01-03 01:22:14.788  6772  6772 I sudoGameJNI: conflict (4, 3) (8, 3)
01-03 01:22:14.788  6772  6772 I sudoGameJNI: conflict (4, 3) (1, 3)
01-03 01:22:14.788  6772  6772 I sudoGameJNI: conflict (4, 3) (3, 4)
01-03 01:22:14.788  6772  6772 I sudoGameJNI: conflict (4, 3) (7, 3)
01-03 01:22:14.788  6772  6772 I sudoGameJNI: conflict (4, 2) (2, 2)
01-03 01:22:14.788  6772  6772 I sudoGameJNI: conflict (4, 3) (0, 3)
01-03 01:22:14.788  6772  6772 I sudoGameJNI: conflict (4, 3) (3, 3)
01-03 01:22:14.788  6772  6772 I sudoGameJNI: conflict (4, 3) (2, 3)
01-03 01:22:14.788  6772  6772 I sudoGameJNI: conflict (4, 4) (8, 4)
01-03 01:22:14.788  6772  6772 I sudoGameJNI: conflict (4, 4) (0, 4)
01-03 01:22:14.788  6772  6772 I sudoGameJNI: conflict (4, 4) (4, 2)
01-03 01:22:14.788  6772  6772 I sudoGameJNI: conflict (4, 4) (4, 3)
01-03 01:22:14.788  6772  6772 I sudoGameJNI: conflict (4, 4) (6, 4)
01-03 01:22:14.788  6772  6772 I sudoGameJNI: conflict (4, 4) (1, 4)
01-03 01:22:14.788  6772  6772 I sudoGameJNI: conflict (4, 6) (7, 6)
01-03 01:22:14.788  6772  6772 I sudoGameJNI: conflict (4, 6) (1, 6)
01-03 01:22:14.788  6772  6772 I sudoGameJNI: conflict (4, 6) (3, 6)
01-03 01:22:14.788  6772  6772 I sudoGameJNI: conflict (4, 6) (6, 6)
01-03 01:22:14.788  6772  6772 I sudoGameJNI: conflict (4, 6) (4, 1)
01-03 01:22:14.788  6772  6772 I sudoGameJNI: conflict (4, 6) (2, 6)
01-03 01:22:14.788  6772  6772 I sudoGameJNI: conflict (4, 6) (5, 6)
01-03 01:22:14.788  6772  6772 I sudoGameJNI: conflict (4, 8) (1, 8)
01-03 01:22:14.788  6772  6772 I sudoGameJNI: conflict (4, 8) (5, 8)
01-03 01:22:14.788  6772  6772 I sudoGameJNI: conflict (4, 8) (0, 8)
01-03 01:22:14.788  6772  6772 I sudoGameJNI: conflict (4, 8) (3, 8)
01-03 01:22:14.788  6772  6772 I sudoGameJNI: conflict (4, 8) (2, 8)
01-03 01:22:14.788  6772  6772 I sudoGameJNI: conflict (5, 2) (5, 0)
01-03 01:22:14.788  6772  6772 I sudoGameJNI: conflict (5, 2) (2, 2)
01-03 01:22:14.788  6772  6772 I sudoGameJNI: conflict (5, 2) (4, 2)
01-03 01:22:14.788  6772  6772 I sudoGameJNI: conflict (5, 4) (8, 4)
01-03 01:22:14.788  6772  6772 I sudoGameJNI: conflict (5, 4) (0, 4)
01-03 01:22:14.788  6772  6772 I sudoGameJNI: conflict (5, 7) (4, 7)
01-03 01:22:14.788  6772  6772 I sudoGameJNI: conflict (5, 7) (5, 8)
01-03 01:22:14.788  6772  6772 I sudoGameJNI: conflict (5, 7) (5, 4)
01-03 01:22:14.788  6772  6772 I sudoGameJNI: conflict (5, 7) (0, 7)
01-03 01:22:14.788  6772  6772 I sudoGameJNI: conflict (5, 7) (3, 7)
01-03 01:22:14.788  6772  6772 I sudoGameJNI: conflict (5, 7) (5, 5)
01-03 01:22:14.788  6772  6772 I sudoGameJNI: conflict (5, 7) (2, 7)
01-03 01:22:14.788  6772  6772 I sudoGameJNI: conflict (5, 7) (1, 7)
01-03 01:22:14.788  6772  6772 I sudoGameJNI: conflict (6, 0) (5, 0)
01-03 01:22:14.788  6772  6772 I sudoGameJNI: conflict (6, 0) (4, 0)
01-03 01:22:14.788  6772  6772 I sudoGameJNI: conflict (6, 1) (2, 1)
01-03 01:22:14.788  6772  6772 I sudoGameJNI: conflict (6, 3) (0, 3)
01-03 01:22:14.788  6772  6772 I sudoGameJNI: conflict (6, 3) (3, 3)
01-03 01:22:14.788  6772  6772 I sudoGameJNI: conflict (6, 3) (2, 3)
01-03 01:22:14.788  6772  6772 I sudoGameJNI: conflict (6, 3) (4, 3)
01-03 01:22:14.788  6772  6772 I sudoGameJNI: conflict (6, 3) (5, 3)
01-03 01:22:14.788  6772  6772 I sudoGameJNI: conflict (6, 3) (8, 3)
01-03 01:22:14.788  6772  6772 I sudoGameJNI: conflict (6, 3) (1, 3)
01-03 01:22:14.788  6772  6772 I sudoGameJNI: conflict (6, 5) (3, 5)
01-03 01:22:14.788  6772  6772 I sudoGameJNI: conflict (6, 5) (6, 1)
01-03 01:22:14.788  6772  6772 I sudoGameJNI: conflict (6, 5) (6, 0)
01-03 01:22:14.788  6772  6772 I sudoGameJNI: conflict (6, 5) (2, 5)
01-03 01:22:14.788  6772  6772 I sudoGameJNI: conflict (6, 5) (1, 5)
01-03 01:22:14.788  6772  6772 I sudoGameJNI: conflict (6, 5) (5, 5)
01-03 01:22:14.788  6772  6772 I sudoGameJNI: conflict (6, 7) (4, 7)
01-03 01:22:14.788  6772  6772 I sudoGameJNI: conflict (6, 7) (6, 1)
01-03 01:22:14.788  6772  6772 I sudoGameJNI: conflict (6, 7) (6, 0)
01-03 01:22:14.788  6772  6772 I sudoGameJNI: conflict (6, 7) (0, 7)
01-03 01:22:14.788  6772  6772 I sudoGameJNI: conflict (6, 7) (3, 7)
01-03 01:22:14.788  6772  6772 I sudoGameJNI: conflict (7, 0) (5, 0)
01-03 01:22:14.789  6772  6772 I sudoGameJNI: conflict (7, 0) (4, 0)
01-03 01:22:14.789  6772  6772 I sudoGameJNI: conflict (7, 0) (6, 0)
01-03 01:22:14.789  6772  6772 I sudoGameJNI: conflict (7, 0) (1, 0)
01-03 01:22:14.789  6772  6772 I sudoGameJNI: conflict (7, 0) (0, 0)
01-03 01:22:14.789  6772  6772 I sudoGameJNI: conflict (7, 0) (3, 0)
01-03 01:22:14.789  6772  6772 I sudoGameJNI: conflict (7, 2) (6, 2)
01-03 01:22:14.789  6772  6772 I sudoGameJNI: conflict (7, 2) (2, 2)
01-03 01:22:14.789  6772  6772 I sudoGameJNI: conflict (7, 2) (4, 2)
01-03 01:22:14.789  6772  6772 I sudoGameJNI: conflict (7, 2) (5, 2)
01-03 01:22:14.789  6772  6772 I sudoGameJNI: conflict (7, 4) (8, 4)
01-03 01:22:14.789  6772  6772 I sudoGameJNI: conflict (7, 4) (0, 4)
01-03 01:22:14.789  6772  6772 I sudoGameJNI: conflict (7, 4) (5, 4)
01-03 01:22:14.789  6772  6772 I sudoGameJNI: conflict (7, 5) (3, 5)
01-03 01:22:14.789  6772  6772 I sudoGameJNI: conflict (7, 7) (4, 7)
01-03 01:22:14.789  6772  6772 I sudoGameJNI: conflict (7, 7) (7, 5)
01-03 01:22:14.789  6772  6772 I sudoGameJNI: conflict (7, 8) (1, 8)
01-03 01:22:14.789  6772  6772 I sudoGameJNI: conflict (7, 8) (5, 8)
01-03 01:22:14.789  6772  6772 I sudoGameJNI: conflict (7, 8) (0, 8)
01-03 01:22:14.789  6772  6772 I sudoGameJNI: conflict (7, 8) (3, 8)
01-03 01:22:14.789  6772  6772 I sudoGameJNI: conflict (7, 8) (2, 8)
01-03 01:22:14.789  6772  6772 I sudoGameJNI: conflict (7, 8) (4, 8)
01-03 01:22:14.789  6772  6772 I sudoGameJNI: conflict (7, 8) (7, 0)
01-03 01:22:14.789  6772  6772 I sudoGameJNI: conflict (8, 0) (5, 0)
01-03 01:22:14.789  6772  6772 I sudoGameJNI: conflict (8, 0) (4, 0)
01-03 01:22:14.789  6772  6772 I sudoGameJNI: conflict (8, 0) (6, 0)
01-03 01:22:14.789  6772  6772 I sudoGameJNI: conflict (8, 0) (1, 0)
01-03 01:22:14.789  6772  6772 I sudoGameJNI: conflict (8, 0) (0, 0)
01-03 01:22:14.789  6772  6772 I sudoGameJNI: conflict (8, 0) (3, 0)
01-03 01:22:14.789  6772  6772 I sudoGameJNI: conflict (8, 0) (7, 0)
01-03 01:22:14.789  6772  6772 I sudoGameJNI: conflict (8, 0) (2, 0)
01-03 01:22:14.789  6772  6772 I sudoGameJNI: conflict (8, 1) (2, 1)
01-03 01:22:14.789  6772  6772 I sudoGameJNI: conflict (8, 1) (6, 1)
01-03 01:22:14.789  6772  6772 I sudoGameJNI: conflict (8, 1) (1, 1)
01-03 01:22:14.789  6772  6772 I sudoGameJNI: conflict (8, 5) (3, 5)
01-03 01:22:14.789  6772  6772 I sudoGameJNI: conflict (8, 5) (7, 5)
01-03 01:22:14.789  6772  6772 I sudoGameJNI: conflict (8, 6) (7, 6)
01-03 01:22:14.789  6772  6772 I sudoGameJNI: conflict (8, 6) (1, 6)
01-03 01:22:14.789  6772  6772 I sudoGameJNI: conflict (8, 6) (3, 6)
01-03 01:22:14.789  6772  6772 I sudoGameJNI: conflict (8, 6) (6, 6)
01-03 01:22:14.789  6772  6772 I sudoGameJNI: conflict (8, 7) (4, 7)
01-03 01:22:14.789  6772  6772 I sudoGameJNI: conflict (8, 8) (1, 8)
01-03 01:22:14.789  6772  6772 I sudoGameJNI: conflict (8, 8) (5, 8)
01-03 01:22:14.789  6772  6772 I sudoGameJNI: conflict (8, 8) (0, 8)
01-03 01:22:14.789  6772  6772 I sudoGameJNI: conflict (8, 8) (3, 8)
01-03 01:22:14.789  6772  6772 I sudoGameJNI: conflict (8, 8) (2, 8)
01-03 01:22:14.789  6772  6772 I sudoGameJNI: conflict (8, 8) (4, 8)
01-03 01:22:14.789  6772  6772 I sudoGameJNI: ret = 1
01-03 01:22:14.789  6772  6772 D GameModel: canFindSolution = true
01-03 01:22:14.789  6772  6772 D GameModel: mIntBoard[0][1] = 0
01-03 01:22:14.789  6772  6772 I sudoGameJNI: getBoard 0, 0 = -5
01-03 01:22:14.789  6772  6772 I sudoGameJNI: getBoard 0, 1 = 0
01-03 01:22:14.789  6772  6772 I sudoGameJNI: getBoard 0, 2 = 0
01-03 01:22:14.789  6772  6772 I sudoGameJNI: getBoard 0, 3 = 0
01-03 01:22:14.790  6772  6772 I sudoGameJNI: getBoard 0, 4 = -2
01-03 01:22:14.790  6772  6772 I sudoGameJNI: getBoard 0, 5 = 0
01-03 01:22:14.790  6772  6772 I sudoGameJNI: getBoard 0, 6 = -9
01-03 01:22:14.790  6772  6772 I sudoGameJNI: getBoard 0, 7 = 0
01-03 01:22:14.790  6772  6772 I sudoGameJNI: getBoard 0, 8 = 0
01-03 01:22:14.790  6772  6772 I sudoGameJNI: getBoard 1, 0 = -4
01-03 01:22:14.790  6772  6772 I sudoGameJNI: getBoard 1, 1 = 0
01-03 01:22:14.790  6772  6772 I sudoGameJNI: getBoard 1, 2 = 0
01-03 01:22:14.790  6772  6772 I sudoGameJNI: getBoard 1, 3 = -7
01-03 01:22:14.790  6772  6772 I sudoGameJNI: getBoard 1, 4 = 0
01-03 01:22:14.790  6772  6772 I sudoGameJNI: getBoard 1, 5 = -5
01-03 01:22:14.790  6772  6772 I sudoGameJNI: getBoard 1, 6 = 0
01-03 01:22:14.790  6772  6772 I sudoGameJNI: getBoard 1, 7 = -8
01-03 01:22:14.790  6772  6772 I sudoGameJNI: getBoard 1, 8 = -1
01-03 01:22:14.790  6772  6772 I sudoGameJNI: getBoard 2, 0 = -8
01-03 01:22:14.790  6772  6772 I sudoGameJNI: getBoard 2, 1 = -1
01-03 01:22:14.790  6772  6772 I sudoGameJNI: getBoard 2, 2 = -2
01-03 01:22:14.790  6772  6772 I sudoGameJNI: getBoard 2, 3 = 0
01-03 01:22:14.790  6772  6772 I sudoGameJNI: getBoard 2, 4 = -9
01-03 01:22:14.790  6772  6772 I sudoGameJNI: getBoard 2, 5 = 0
01-03 01:22:14.790  6772  6772 I sudoGameJNI: getBoard 2, 6 = 0
01-03 01:22:14.790  6772  6772 I sudoGameJNI: getBoard 2, 7 = -7
01-03 01:22:14.790  6772  6772 I sudoGameJNI: getBoard 2, 8 = 0
01-03 01:22:14.790  6772  6772 I sudoGameJNI: getBoard 3, 0 = 0
01-03 01:22:14.790  6772  6772 I sudoGameJNI: getBoard 3, 1 = 0
01-03 01:22:14.790  6772  6772 I sudoGameJNI: getBoard 3, 2 = -7
01-03 01:22:14.790  6772  6772 I sudoGameJNI: getBoard 3, 3 = 0
01-03 01:22:14.790  6772  6772 I sudoGameJNI: getBoard 3, 4 = 0
01-03 01:22:14.790  6772  6772 I sudoGameJNI: getBoard 3, 5 = 0
01-03 01:22:14.790  6772  6772 I sudoGameJNI: getBoard 3, 6 = 0
01-03 01:22:14.790  6772  6772 I sudoGameJNI: getBoard 3, 7 = 0
01-03 01:22:14.790  6772  6772 I sudoGameJNI: getBoard 3, 8 = -4
01-03 01:22:14.790  6772  6772 I sudoGameJNI: getBoard 4, 0 = 0
01-03 01:22:14.790  6772  6772 I sudoGameJNI: getBoard 4, 1 = 0
01-03 01:22:14.790  6772  6772 I sudoGameJNI: getBoard 4, 2 = 0
01-03 01:22:14.790  6772  6772 I sudoGameJNI: getBoard 4, 3 = 0
01-03 01:22:14.790  6772  6772 I sudoGameJNI: getBoard 4, 4 = 0
01-03 01:22:14.790  6772  6772 I sudoGameJNI: getBoard 4, 5 = -9
01-03 01:22:14.790  6772  6772 I sudoGameJNI: getBoard 4, 6 = 0
01-03 01:22:14.790  6772  6772 I sudoGameJNI: getBoard 4, 7 = 0
01-03 01:22:14.790  6772  6772 I sudoGameJNI: getBoard 4, 8 = 0
01-03 01:22:14.790  6772  6772 I sudoGameJNI: getBoard 5, 0 = 0
01-03 01:22:14.790  6772  6772 I sudoGameJNI: getBoard 5, 1 = -8
01-03 01:22:14.790  6772  6772 I sudoGameJNI: getBoard 5, 2 = 0
01-03 01:22:14.790  6772  6772 I sudoGameJNI: getBoard 5, 3 = -5
01-03 01:22:14.790  6772  6772 I sudoGameJNI: getBoard 5, 4 = 0
01-03 01:22:14.790  6772  6772 I sudoGameJNI: getBoard 5, 5 = -6
01-03 01:22:14.790  6772  6772 I sudoGameJNI: getBoard 5, 6 = -7
01-03 01:22:14.790  6772  6772 I sudoGameJNI: getBoard 5, 7 = 0
01-03 01:22:14.790  6772  6772 I sudoGameJNI: getBoard 5, 8 = -2
01-03 01:22:14.790  6772  6772 I sudoGameJNI: getBoard 6, 0 = 0
01-03 01:22:14.790  6772  6772 I sudoGameJNI: getBoard 6, 1 = 0
01-03 01:22:14.790  6772  6772 I sudoGameJNI: getBoard 6, 2 = 0
01-03 01:22:14.790  6772  6772 I sudoGameJNI: getBoard 6, 3 = 0
01-03 01:22:14.790  6772  6772 I sudoGameJNI: getBoard 6, 4 = -5
01-03 01:22:14.790  6772  6772 I sudoGameJNI: getBoard 6, 5 = 0
01-03 01:22:14.790  6772  6772 I sudoGameJNI: getBoard 6, 6 = -4
01-03 01:22:14.790  6772  6772 I sudoGameJNI: getBoard 6, 7 = 0
01-03 01:22:14.790  6772  6772 I sudoGameJNI: getBoard 6, 8 = -9
01-03 01:22:14.790  6772  6772 I sudoGameJNI: getBoard 7, 0 = 0
01-03 01:22:14.790  6772  6772 I sudoGameJNI: getBoard 7, 1 = -6
01-03 01:22:14.790  6772  6772 I sudoGameJNI: getBoard 7, 2 = 0
01-03 01:22:14.791  6772  6772 I sudoGameJNI: getBoard 7, 3 = -9
01-03 01:22:14.791  6772  6772 I sudoGameJNI: getBoard 7, 4 = 0
01-03 01:22:14.791  6772  6772 I sudoGameJNI: getBoard 7, 5 = 0
01-03 01:22:14.791  6772  6772 I sudoGameJNI: getBoard 7, 6 = -1
01-03 01:22:14.791  6772  6772 I sudoGameJNI: getBoard 7, 7 = 0
01-03 01:22:14.791  6772  6772 I sudoGameJNI: getBoard 7, 8 = 0
01-03 01:22:14.791  6772  6772 I sudoGameJNI: getBoard 8, 0 = 0
01-03 01:22:14.791  6772  6772 I sudoGameJNI: getBoard 8, 1 = 0
01-03 01:22:14.791  6772  6772 I sudoGameJNI: getBoard 8, 2 = -8
01-03 01:22:14.791  6772  6772 I sudoGameJNI: getBoard 8, 3 = -6
01-03 01:22:14.791  6772  6772 I sudoGameJNI: getBoard 8, 4 = -1
01-03 01:22:14.791  6772  6772 I sudoGameJNI: getBoard 8, 5 = 0
01-03 01:22:14.791  6772  6772 I sudoGameJNI: getBoard 8, 6 = 0
01-03 01:22:14.791  6772  6772 I sudoGameJNI: getBoard 8, 7 = 0
01-03 01:22:14.791  6772  6772 I sudoGameJNI: getBoard 8, 8 = 0
01-03 01:22:14.791  6772  6772 I Choreographer: Skipped 36 frames!  The application may be doing too much work on its main thread.
01-03 01:22:15.118  6772  6790 D OpenGLRenderer: endAllActiveAnimators on 0xd25a1e80 (ListPopupWindow$DropDownListView) with handle 0xdd6fa010
01-03 01:22:15.124   429   562 E SurfaceFlinger: Failed to find layer (PopupWindow:b432040) in layer parent (no-parent).
01-03 01:22:16.026   575   925 I chatty  : uid=1001(radio) /vendor/bin/qmuxd expire 20 lines
01-03 01:22:17.495  2962  3124 I chatty  : uid=1001(radio) HwBinder:2962_1 expire 16 lines
01-03 01:22:17.497  5718  5718 D QC_RIL_OEM_HOOK: Received Broadcast Intent ACTION_UNSOL_RESPONSE_OEM_HOOK_RAW
01-03 01:22:17.498  5718  5718 D QC_RIL_OEM_HOOK: Oem ID in QCRILHOOK UNSOL RESP is QOEMHOOK
01-03 01:22:47.320  5718  5718 D QC_RIL_OEM_HOOK: Received Broadcast Intent ACTION_UNSOL_RESPONSE_OEM_HOOK_RAW
01-03 01:22:47.320  5718  5718 D QC_RIL_OEM_HOOK: Oem ID in QCRILHOOK UNSOL RESP is QOEMHOOK
01-03 01:22:47.338   575   925 I chatty  : uid=1001(radio) /vendor/bin/qmuxd expire 10 lines
01-03 01:23:04.833  5718  5718 D QC_RIL_OEM_HOOK: Received Broadcast Intent ACTION_UNSOL_RESPONSE_OEM_HOOK_RAW
01-03 01:23:04.835  5718  5718 D QC_RIL_OEM_HOOK: Oem ID in QCRILHOOK UNSOL RESP is QOEMHOOK
01-03 01:23:04.837  5718  5769 I MIPIManagerFlow: checkIfMatchRules:radioIf:5,activeBand:81,activeChannel:612
01-03 01:23:04.837  5718  5769 I MIPIManagerFlow: checkIfMatchRules match key:5,81,NA
01-03 01:23:04.837  5718  5769 I QcRilHookFlow: invoke the qcRilSetMipiFreq method,Mipi:948000000
01-03 01:23:04.838  5718  5769 D QC_RIL_OEM_HOOK: qcRilSetMipiFreq: clkrate : 948000000
01-03 01:23:04.838  5718  5769 V QC_RIL_OEM_HOOK: sendRilOemHookMsgAsync: Outgoing Data is 514f454d484f4f4b142009000400000000558138
01-03 01:23:04.844   575   925 I chatty  : uid=1001(radio) /vendor/bin/qmuxd expire 24 lines
01-03 01:23:04.846  5718  5732 D QC_RIL_OEM_HOOK: qcRilSetMipiFreq DONE!
01-03 01:24:12.685   420   420 I rmt_storage: rmt_storage_connect_cb: clnt_h=0x9 conn_h=0x7c70c2b000
01-03 01:24:12.686   420   420 I rmt_storage: rmt_storage_rw_iovec_cb: /boot/modem_fs1: req_h=0x9 msg_id=3: R/W request received
01-03 01:24:12.686   420   420 I rmt_storage: wakelock acquired: 1, error no: 42
01-03 01:24:12.687   420   552 I rmt_storage: rmt_storage_client_thread: /boot/modem_fs1: Unblock worker thread (th_id: 534465872976)
01-03 01:24:12.869   420   552 I rmt_storage: rmt_storage_client_thread: /boot/modem_fs1: req_h=0x9 msg_id=3: Bytes written = 1572864
01-03 01:24:12.869   420   552 I rmt_storage: rmt_storage_client_thread: /boot/modem_fs1: req_h=0x9 msg_id=3: Send response: res=0 err=0
01-03 01:24:12.869   420   552 I rmt_storage: rmt_storage_client_thread: /boot/modem_fs1: About to block rmt_storage client thread (th_id: 534465872976) wakelock released: 1, error no: 0
01-03 01:24:12.869   420   552 I rmt_storage: 
01-03 01:24:12.872   420   420 I rmt_storage: rmt_storage_disconnect_cb: clnt_h=0x9 conn_h=0x7c70c2b000
01-03 01:24:18.926   575   925 I chatty  : uid=1001(radio) /vendor/bin/qmuxd expire 16 lines
01-03 01:24:59.993  4302  4302 D MusicPlaybackService: stopSelfResult
01-03 01:24:59.994  4302  4302 D MusicPlaybackService: cancelNotification id=1
01-03 01:24:59.995  4302  4302 V MusicPlaybackService: setting should show notification to false
01-03 01:24:59.996  4302  4302 D MusicPlaybackService: Playback service destroyed
01-03 01:25:00.008  4302  4302 I CastAutoReconnector: Stopping reconnect scan for route: 
01-03 01:25:00.013   878  2635 I MediaFocusControl:  AudioFocus  abandonAudioFocus() from uid/pid 10081/4302 clientId=android.media.AudioManager@1be32fccom.google.android.music.playback.DevicePlayback$19@c6cad85
01-03 01:25:00.094   582   582 W Zygote  : runOnce, args = --runtime-args,--setuid=10029,--setgid=10029,--generate-debug-info,--mount-external-default,--target-sdk-version=10000,--setgroups=50029,20029,9997,3002,--nice-name=com.android.musicfx,--seinfo=default:privapp,--app-data-dir=/data/user/0/com.android.musicfx,android.app.ActivityThread
01-03 01:25:00.098  4302  4656 D LocalAsyncMediaPlayer: resetBuffering
01-03 01:25:00.113   878   894 I ActivityManager: Start proc 6903:com.android.musicfx/u0a29 for broadcast com.android.musicfx/.ControlPanelReceiver
01-03 01:25:00.121  4302  4302 D MusicLifecycle: com.google.android.music.playback.MusicPlaybackService generated event: Service destroyed
01-03 01:25:00.121  4302  4302 I CastAutoReconnector: Removing callback.
01-03 01:25:00.122  2593  3397 V Avrcp   : MediaController session destroyed
01-03 01:25:00.124  2593  3397 V Avrcp   : received onActiveSessionsChanged
01-03 01:25:00.124  2593  3397 D Avrcp   : Current MediaPlayer List Empty.= false
01-03 01:25:00.125  2593  3397 D Avrcp   : size of new list and old list are different
01-03 01:25:00.125  2593  3397 D Avrcp   : isCtrlListChanged: true
01-03 01:25:00.125  2593  3397 D Avrcp   : isAvailablePlayersChanged: true
01-03 01:25:00.126  2593  3397 V Avrcp   : initMediaPlayerInfoList: 0 controllers
01-03 01:25:00.126  2593  3397 D Avrcp   : prepareMediaPlayerRspObj: numPlayers = 0
01-03 01:25:00.126  2593  3397 I Avrcp   : No players available in the media players list
01-03 01:25:00.126  2593  3397 E Avrcp   : Opening player to support AVRCP operations failed, No browsable players available!
01-03 01:25:00.126  2593  3397 D Avrcp   : sendAvailablePlayersChanged
01-03 01:25:00.126  2593  3397 E bt_btif : register_notification_rsp: Avrcp device is not connected, handle: 0x0
01-03 01:25:00.132  6903  6903 E zygote64: Could not create perf file at /data/misc/trace/perf-6903.map Are you on a user build? Perf only works on userdebug/eng builds
01-03 01:25:00.132  6903  6903 E zygote64: Could not create jit dump file at /data/misc/trace/jit-6903.dump Are you on a user build? Perf only works on userdebug/eng builds
01-03 01:25:00.315  6903  6903 W System  : ClassLoader referenced unknown path: /system/priv-app/MusicFX/lib/arm64
01-03 01:25:00.339  6903  6903 V MusicFXControlPanelReceiver: onReceive
01-03 01:25:00.340  6903  6903 V MusicFXControlPanelReceiver: Action: android.media.action.CLOSE_AUDIO_EFFECT_CONTROL_SESSION
01-03 01:25:00.340  6903  6903 V MusicFXControlPanelReceiver: Package name: com.google.android.music
01-03 01:25:00.340  6903  6903 V MusicFXControlPanelReceiver: Audio session: 9
01-03 01:25:00.341  6903  6903 V MusicFXControlPanelEffect: closeSession(android.app.ReceiverRestrictedContext@c43e6e7, com.google.android.music, 9)
01-03 01:25:00.344   878  2709 I ActivityManager: Killing 5991:com.google.android.gms.feedback/u0a17 (adj 906): empty #17
01-03 01:25:00.358  6903  6917 D libEGL  : loaded /vendor/lib64/egl/libEGL_adreno.so
01-03 01:25:00.373  6903  6917 D libEGL  : loaded /vendor/lib64/egl/libGLESv1_CM_adreno.so
01-03 01:25:00.421  6903  6917 D libEGL  : loaded /vendor/lib64/egl/libGLESv2_adreno.so
01-03 01:25:00.443   878  3470 D ActivityManager: cleanUpApplicationRecord -- 5991
01-03 01:25:00.444   878  3470 W ActivityManager: Scheduling restart of crashed service com.google.android.gms/.feedback.FeedbackService in 1000ms
01-03 01:25:01.453   582   582 W Zygote  : runOnce, args = --runtime-args,--setuid=10017,--setgid=10017,--generate-debug-info,--mount-external-write,--target-sdk-version=23,--setgroups=50017,20017,9997,2001,1005,3002,3003,3001,1007,3006,3007,--nice-name=com.google.android.gms.feedback,--seinfo=default:privapp,--instruction-set=arm64,--app-data-dir=/data/user/0/com.google.android.gms,android.app.ActivityThread
01-03 01:25:01.454   582  6907 I zygote64: Starting a blocking GC HeapTrim
01-03 01:25:01.489   878   894 I ActivityManager: Start proc 6918:com.google.android.gms.feedback/u0a17 for service com.google.android.gms/.feedback.FeedbackService
01-03 01:25:01.493  6918  6918 E zygote64: Could not create perf file at /data/misc/trace/perf-6918.map Are you on a user build? Perf only works on userdebug/eng builds
01-03 01:25:01.495  6918  6918 E zygote64: Could not create jit dump file at /data/misc/trace/jit-6918.dump Are you on a user build? Perf only works on userdebug/eng builds
01-03 01:25:01.756  6918  6918 W System  : ClassLoader referenced unknown path: /system/priv-app/PrebuiltGmsCore/lib/arm64
01-03 01:25:01.798  6918  6932 D libEGL  : loaded /vendor/lib64/egl/libEGL_adreno.so
01-03 01:25:01.816  6918  6932 D libEGL  : loaded /vendor/lib64/egl/libGLESv1_CM_adreno.so
01-03 01:25:01.864  6918  6932 D libEGL  : loaded /vendor/lib64/egl/libGLESv2_adreno.so
01-03 01:25:01.976  6918  6918 W linker  : "/system/priv-app/PrebuiltGmsCore/PrebuiltGmsCore.apk!/lib/arm64-v8a/libgmscore.so" unused DT entry: type 0x7ffffffd arg 0x885
01-03 01:25:01.985  6918  6918 W linker  : "/system/priv-app/PrebuiltGmsCore/PrebuiltGmsCore.apk!/lib/arm64-v8a/libconscrypt_gmscore_jni.so" unused DT entry: type 0x7ffffffd arg 0x169
01-03 01:25:01.986  6918  6918 V JNIHelp : Registering com/google/android/gms/org/conscrypt/NativeCrypto's 239 native methods...
01-03 01:25:02.009  6918  6918 D NetworkSecurityConfig: No Network Security Config specified, using platform default
01-03 01:25:02.012  6918  6918 I ProviderInstaller: Installed default security provider GmsCore_OpenSSL
01-03 01:25:02.168   878  4001 I ActivityManager: Killing 5951:com.google.android.apps.maps/u0a77 (adj 906): empty #17
01-03 01:25:02.205   878  2708 D ActivityManager: cleanUpApplicationRecord -- 5951
01-03 01:25:02.443   575   925 I chatty  : uid=1001(radio) /vendor/bin/qmuxd expire 42 lines
01-03 01:25:02.980  6029  6029 W Finsky  : [1] com.google.android.finsky.application.FinskyAppImpl.V(1772): No account configured on this device.
01-03 01:25:02.986  6029  6029 I chatty  : uid=10033(u0_a33) com.android.vending identical 2 lines
01-03 01:25:02.989  6029  6029 W Finsky  : [1] com.google.android.finsky.application.FinskyAppImpl.V(1772): No account configured on this device.
01-03 01:25:02.990  6029  6029 I Finsky  : [1] com.google.android.finsky.dailyhygiene.DailyHygiene$DailyHygieneService.onStartCommand(2397): Beginning daily hygiene, foreground = false, reason = 5
01-03 01:25:02.993  6029  6029 W Finsky  : [1] com.google.android.finsky.application.FinskyAppImpl.V(1772): No account configured on this device.
01-03 01:25:02.995  6029  6029 W Finsky  : [1] com.google.android.finsky.application.FinskyAppImpl.e(1406): No account configured on this device.
01-03 01:25:02.996  6029  6029 I Finsky  : [1] com.google.android.finsky.dailyhygiene.DailyHygiene.a(507): Probe unauthenticated for daily hygiene pass
01-03 01:25:03.066  6029  6029 W Finsky  : [1] com.google.android.finsky.dailyhygiene.e.a(685): Self-update check failed with error: com.android.volley.NoConnectionError: java.net.UnknownHostException: Unable to resolve host "android.clients.google.com": No address associated with hostname
01-03 01:25:03.067  6029  6029 W Finsky  : [1] com.google.android.finsky.dailyhygiene.DailyHygiene.a(722): Concluding Daily Hygiene because unauthenticated
01-03 01:25:03.069  6029  6029 W Finsky  : [1] com.google.android.finsky.dailyhygiene.DailyHygiene.d(1010): Concluding Daily Hygiene because unauthenticated
01-03 01:25:03.070  6029  6029 I Finsky  : [1] com.google.android.finsky.dailyhygiene.DailyHygiene.a(1530): Scheduling new run in 27 minutes (failures=2)
01-03 01:25:03.072  6029  6029 W Finsky  : [1] com.google.android.finsky.application.FinskyAppImpl.V(1772): No account configured on this device.
01-03 01:25:05.267  6029  6063 I PlayCommon: [304] com.google.android.play.a.g.e(909): Preparing logs for uploading
01-03 01:25:05.279  6029  6063 W PlayCommon: [304] com.google.android.play.a.g.a(1253): No account for auth token provided
01-03 01:25:05.280  6029  6063 I PlayCommon: [304] com.google.android.play.a.g.a(1049): Connecting to server: https://play.googleapis.com/play/log?format=raw&proto_v2=true
01-03 01:25:05.288  6029  6063 E PlayCommon: [304] com.google.android.play.a.g.a(1060): Failed to connect to server: java.net.UnknownHostException: Unable to resolve host "play.googleapis.com": No address associated with hostname
01-03 01:25:08.117  6029  6063 I PlayCommon: [304] com.google.android.play.a.g.e(909): Preparing logs for uploading
01-03 01:25:08.121  6029  6063 W PlayCommon: [304] com.google.android.play.a.g.a(1253): No account for auth token provided
01-03 01:25:08.121  6029  6063 I PlayCommon: [304] com.google.android.play.a.g.a(1049): Connecting to server: https://play.googleapis.com/play/log?format=raw&proto_v2=true
01-03 01:25:08.132  6029  6063 E PlayCommon: [304] com.google.android.play.a.g.a(1060): Failed to connect to server: java.net.UnknownHostException: Unable to resolve host "play.googleapis.com": No address associated with hostname
01-03 01:27:49.224   878  2347 E WifiScanningService: Got invalid work source request: WorkSource{} from ClientInfo[uid=10017,android.os.Messenger@fddf40c]
01-03 01:27:49.232   878  2347 I WifiHAL : Got channel list with 11 channels
01-03 01:27:49.235   878  2347 I WifiHAL : Got channel list with 9 channels
01-03 01:27:49.238   878  2347 I WifiHAL : Got channel list with 15 channels
01-03 01:27:49.254   575   925 I chatty  : uid=1001(radio) /vendor/bin/qmuxd expire 12 lines
01-03 01:28:03.105  5718  5718 D QC_RIL_OEM_HOOK: Received Broadcast Intent ACTION_UNSOL_RESPONSE_OEM_HOOK_RAW
01-03 01:28:03.105  5718  5718 D QC_RIL_OEM_HOOK: Oem ID in QCRILHOOK UNSOL RESP is QOEMHOOK
01-03 01:28:03.109  5718  5769 I MIPIManagerFlow: checkIfMatchRules:radioIf:5,activeBand:81,activeChannel:587
01-03 01:28:03.110  5718  5769 I MIPIManagerFlow: checkIfMatchRules match key:5,81,NA
01-03 01:28:03.110  5718  5769 I QcRilHookFlow: invoke the qcRilSetMipiFreq method,Mipi:948000000
01-03 01:28:03.110  5718  5769 D QC_RIL_OEM_HOOK: qcRilSetMipiFreq: clkrate : 948000000
01-03 01:28:03.110  5718  5769 V QC_RIL_OEM_HOOK: sendRilOemHookMsgAsync: Outgoing Data is 514f454d484f4f4b142009000400000000558138
01-03 01:28:03.122   575   925 I chatty  : uid=1001(radio) /vendor/bin/qmuxd expire 42 lines
01-03 01:28:03.125  5718  5731 D QC_RIL_OEM_HOOK: qcRilSetMipiFreq DONE!
01-03 01:30:05.396  6029  6063 I PlayCommon: [304] com.google.android.play.a.g.e(909): Preparing logs for uploading
01-03 01:30:05.408  6029  6063 W PlayCommon: [304] com.google.android.play.a.g.a(1253): No account for auth token provided
01-03 01:30:05.409  6029  6063 I PlayCommon: [304] com.google.android.play.a.g.a(1049): Connecting to server: https://play.googleapis.com/play/log?format=raw&proto_v2=true
01-03 01:30:05.424  6029  6063 E PlayCommon: [304] com.google.android.play.a.g.a(1060): Failed to connect to server: java.net.UnknownHostException: Unable to resolve host "play.googleapis.com": No address associated with hostname
01-03 01:30:17.652   575   925 I chatty  : uid=1001(radio) /vendor/bin/qmuxd expire 30 lines
01-03 01:30:19.103  5718  5718 D QC_RIL_OEM_HOOK: Received Broadcast Intent ACTION_UNSOL_RESPONSE_OEM_HOOK_RAW
