01-03 02:12:42.454  2962  3124 E IPCThreadState: Not sending reply in one-way transaction
01-03 02:12:42.455  5718  5718 D QC_RIL_OEM_HOOK: Received Broadcast Intent ACTION_UNSOL_RESPONSE_OEM_HOOK_RAW
01-03 02:12:42.456  5718  5718 D QC_RIL_OEM_HOOK: Oem ID in QCRILHOOK UNSOL RESP is QOEMHOOK
01-03 02:12:42.456  2962  3124 E IPCThreadState: Not sending reply in one-way transaction
01-03 02:12:42.459  5718  5769 I MIPIManagerFlow: checkIfMatchRules:radioIf:5,activeBand:81,activeChannel:587
01-03 02:12:42.459  5718  5769 I MIPIManagerFlow: checkIfMatchRules match key:5,81,NA
01-03 02:12:42.459  5718  5769 I QcRilHookFlow: invoke the qcRilSetMipiFreq method,Mipi:948000000
01-03 02:12:42.460  5718  5769 D QC_RIL_OEM_HOOK: qcRilSetMipiFreq: clkrate : 948000000
01-03 02:12:42.460  5718  5769 V QC_RIL_OEM_HOOK: sendRilOemHookMsgAsync: Outgoing Data is 514f454d484f4f4b142009000400000000558138
01-03 02:12:42.471  5718  5732 D QC_RIL_OEM_HOOK: qcRilSetMipiFreq DONE!
01-03 02:12:42.473   575   925 E QC-QMI  : linux_qmi_qmux_io_wake_lock: Err in writing wakelock=qmuxd_port_wl_0, error [1:Operation not permitted]
01-03 02:12:42.473   575   925 E QC-QMI  : linux_qmi_qmux_io_wake_unlock: Err in writing wakelock=qmuxd_port_wl_0, error [1:Operation not permitted]
01-03 02:12:44.539   575   925 E QC-QMI  : linux_qmi_qmux_io_wake_lock: Err in writing wakelock=qmuxd_port_wl_0, error [1:Operation not permitted]
01-03 02:12:44.539   575   925 E QC-QMI  : linux_qmi_qmux_io_wake_unlock: Err in writing wakelock=qmuxd_port_wl_0, error [1:Operation not permitted]
01-03 02:12:47.218   575   925 E QC-QMI  : linux_qmi_qmux_io_wake_lock: Err in writing wakelock=qmuxd_port_wl_0, error [1:Operation not permitted]
01-03 02:12:47.218   575   925 E QC-QMI  : linux_qmi_qmux_io_wake_unlock: Err in writing wakelock=qmuxd_port_wl_0, error [1:Operation not permitted]
01-03 02:12:47.219   575   925 E QC-QMI  : linux_qmi_qmux_io_wake_lock: Err in writing wakelock=qmuxd_port_wl_0, error [1:Operation not permitted]
01-03 02:12:47.220   575   925 E QC-QMI  : linux_qmi_qmux_io_wake_unlock: Err in writing wakelock=qmuxd_port_wl_0, error [1:Operation not permitted]
01-03 02:12:47.236  2962  3124 E IPCThreadState: Not sending reply in one-way transaction
01-03 02:12:47.239  5718  5718 D QC_RIL_OEM_HOOK: Received Broadcast Intent ACTION_UNSOL_RESPONSE_OEM_HOOK_RAW
01-03 02:12:47.239  5718  5718 D QC_RIL_OEM_HOOK: Oem ID in QCRILHOOK UNSOL RESP is QOEMHOOK
01-03 02:12:47.241  2962  3124 E IPCThreadState: Not sending reply in one-way transaction
01-03 02:12:47.243  2962  3124 E IPCThreadState: Not sending reply in one-way transaction
01-03 02:12:47.251  5718  5769 I MIPIManagerFlow: checkIfMatchRules:radioIf:5,activeBand:81,activeChannel:612
01-03 02:12:47.251  5718  5769 I MIPIManagerFlow: checkIfMatchRules match key:5,81,NA
01-03 02:12:47.251  5718  5769 I QcRilHookFlow: invoke the qcRilSetMipiFreq method,Mipi:948000000
01-03 02:12:47.252  5718  5769 D QC_RIL_OEM_HOOK: qcRilSetMipiFreq: clkrate : 948000000
01-03 02:12:47.252  5718  5769 V QC_RIL_OEM_HOOK: sendRilOemHookMsgAsync: Outgoing Data is 514f454d484f4f4b142009000400000000558138
01-03 02:12:47.262   575   925 E QC-QMI  : linux_qmi_qmux_io_wake_lock: Err in writing wakelock=qmuxd_port_wl_0, error [1:Operation not permitted]
01-03 02:12:47.262  5718  5731 D QC_RIL_OEM_HOOK: qcRilSetMipiFreq DONE!
01-03 02:12:47.262   575   925 E QC-QMI  : linux_qmi_qmux_io_wake_unlock: Err in writing wakelock=qmuxd_port_wl_0, error [1:Operation not permitted]
01-03 02:12:49.632   575   925 E QC-QMI  : linux_qmi_qmux_io_wake_lock: Err in writing wakelock=qmuxd_port_wl_0, error [1:Operation not permitted]
01-03 02:12:49.633   575   925 E QC-QMI  : linux_qmi_qmux_io_wake_unlock: Err in writing wakelock=qmuxd_port_wl_0, error [1:Operation not permitted]
01-03 02:12:52.191   575   925 E QC-QMI  : linux_qmi_qmux_io_wake_lock: Err in writing wakelock=qmuxd_port_wl_0, error [1:Operation not permitted]
01-03 02:12:52.192   575   925 E QC-QMI  : linux_qmi_qmux_io_wake_unlock: Err in writing wakelock=qmuxd_port_wl_0, error [1:Operation not permitted]
01-03 02:12:59.886   575   925 E QC-QMI  : linux_qmi_qmux_io_wake_lock: Err in writing wakelock=qmuxd_port_wl_0, error [1:Operation not permitted]
01-03 02:12:59.886   575   925 E QC-QMI  : linux_qmi_qmux_io_wake_unlock: Err in writing wakelock=qmuxd_port_wl_0, error [1:Operation not permitted]
01-03 02:13:07.562   575   925 E QC-QMI  : linux_qmi_qmux_io_wake_lock: Err in writing wakelock=qmuxd_port_wl_0, error [1:Operation not permitted]
01-03 02:13:07.563   575   925 E QC-QMI  : linux_qmi_qmux_io_wake_unlock: Err in writing wakelock=qmuxd_port_wl_0, error [1:Operation not permitted]
01-03 02:13:12.684   575   925 E QC-QMI  : linux_qmi_qmux_io_wake_lock: Err in writing wakelock=qmuxd_port_wl_0, error [1:Operation not permitted]
01-03 02:13:12.684   575   925 E QC-QMI  : linux_qmi_qmux_io_wake_unlock: Err in writing wakelock=qmuxd_port_wl_0, error [1:Operation not permitted]
01-03 02:13:15.240   575   925 E QC-QMI  : linux_qmi_qmux_io_wake_lock: Err in writing wakelock=qmuxd_port_wl_0, error [1:Operation not permitted]
01-03 02:13:15.240   575   925 E QC-QMI  : linux_qmi_qmux_io_wake_unlock: Err in writing wakelock=qmuxd_port_wl_0, error [1:Operation not permitted]
01-03 02:13:28.048   575   925 E QC-QMI  : linux_qmi_qmux_io_wake_lock: Err in writing wakelock=qmuxd_port_wl_0, error [1:Operation not permitted]
01-03 02:13:28.048   575   925 E QC-QMI  : linux_qmi_qmux_io_wake_unlock: Err in writing wakelock=qmuxd_port_wl_0, error [1:Operation not permitted]
01-03 02:13:30.604   575   925 E QC-QMI  : linux_qmi_qmux_io_wake_lock: Err in writing wakelock=qmuxd_port_wl_0, error [1:Operation not permitted]
01-03 02:13:30.604   575   925 E QC-QMI  : linux_qmi_qmux_io_wake_unlock: Err in writing wakelock=qmuxd_port_wl_0, error [1:Operation not permitted]
01-03 02:13:35.725   575   925 E QC-QMI  : linux_qmi_qmux_io_wake_lock: Err in writing wakelock=qmuxd_port_wl_0, error [1:Operation not permitted]
01-03 02:13:35.726   575   925 E QC-QMI  : linux_qmi_qmux_io_wake_unlock: Err in writing wakelock=qmuxd_port_wl_0, error [1:Operation not permitted]
01-03 02:13:45.967   575   925 E QC-QMI  : linux_qmi_qmux_io_wake_lock: Err in writing wakelock=qmuxd_port_wl_0, error [1:Operation not permitted]
01-03 02:13:45.968   575   925 E QC-QMI  : linux_qmi_qmux_io_wake_unlock: Err in writing wakelock=qmuxd_port_wl_0, error [1:Operation not permitted]
01-03 02:13:58.768   575   925 E QC-QMI  : linux_qmi_qmux_io_wake_lock: Err in writing wakelock=qmuxd_port_wl_0, error [1:Operation not permitted]
01-03 02:13:58.768   575   925 E QC-QMI  : linux_qmi_qmux_io_wake_unlock: Err in writing wakelock=qmuxd_port_wl_0, error [1:Operation not permitted]
01-03 02:14:00.941   575   925 E QC-QMI  : linux_qmi_qmux_io_wake_lock: Err in writing wakelock=qmuxd_port_wl_0, error [1:Operation not permitted]
01-03 02:14:00.942   575   925 E QC-QMI  : linux_qmi_qmux_io_wake_unlock: Err in writing wakelock=qmuxd_port_wl_0, error [1:Operation not permitted]
01-03 02:14:00.943   575   925 E QC-QMI  : linux_qmi_qmux_io_wake_lock: Err in writing wakelock=qmuxd_port_wl_0, error [1:Operation not permitted]
01-03 02:14:00.943   575   925 E QC-QMI  : linux_qmi_qmux_io_wake_unlock: Err in writing wakelock=qmuxd_port_wl_0, error [1:Operation not permitted]
01-03 02:14:00.957   878   897 E KernelMemoryBandwidthStats: Failed to read memory bandwidth: /sys/kernel/memory_state_time/show_stat (No such file or directory)
01-03 02:14:01.314   575   925 E QC-QMI  : linux_qmi_qmux_io_wake_lock: Err in writing wakelock=qmuxd_port_wl_0, error [1:Operation not permitted]
01-03 02:14:01.314   575   925 E QC-QMI  : linux_qmi_qmux_io_wake_unlock: Err in writing wakelock=qmuxd_port_wl_0, error [1:Operation not permitted]
01-03 02:14:24.521   575   925 E QC-QMI  : linux_qmi_qmux_io_wake_lock: Err in writing wakelock=qmuxd_port_wl_0, error [1:Operation not permitted]
01-03 02:14:24.522   575   925 E QC-QMI  : linux_qmi_qmux_io_wake_unlock: Err in writing wakelock=qmuxd_port_wl_0, error [1:Operation not permitted]
01-03 02:14:24.523   575   925 E QC-QMI  : linux_qmi_qmux_io_wake_lock: Err in writing wakelock=qmuxd_port_wl_0, error [1:Operation not permitted]
01-03 02:14:24.523   575   925 E QC-QMI  : linux_qmi_qmux_io_wake_unlock: Err in writing wakelock=qmuxd_port_wl_0, error [1:Operation not permitted]
01-03 02:14:24.540  2962  3124 E IPCThreadState: Not sending reply in one-way transaction
01-03 02:14:24.546  2962  3124 I chatty  : uid=1001(radio) HwBinder:2962_1 identical 1 line
01-03 02:14:24.550  2962  3124 E IPCThreadState: Not sending reply in one-way transaction
01-03 02:14:24.567  5718  5718 D QC_RIL_OEM_HOOK: Received Broadcast Intent ACTION_UNSOL_RESPONSE_OEM_HOOK_RAW
01-03 02:14:24.567  5718  5718 D QC_RIL_OEM_HOOK: Oem ID in QCRILHOOK UNSOL RESP is QOEMHOOK
01-03 02:14:24.571  5718  5769 I MIPIManagerFlow: checkIfMatchRules:radioIf:5,activeBand:81,activeChannel:587
01-03 02:14:24.572  5718  5769 I MIPIManagerFlow: checkIfMatchRules match key:5,81,NA
01-03 02:14:24.572  5718  5769 I QcRilHookFlow: invoke the qcRilSetMipiFreq method,Mipi:948000000
01-03 02:14:24.572  5718  5769 D QC_RIL_OEM_HOOK: qcRilSetMipiFreq: clkrate : 948000000
01-03 02:14:24.572  5718  5769 V QC_RIL_OEM_HOOK: sendRilOemHookMsgAsync: Outgoing Data is 514f454d484f4f4b142009000400000000558138
01-03 02:14:24.573   575   925 E QC-QMI  : linux_qmi_qmux_io_wake_lock: Err in writing wakelock=qmuxd_port_wl_0, error [1:Operation not permitted]
01-03 02:14:24.573   575   925 E QC-QMI  : linux_qmi_qmux_io_wake_unlock: Err in writing wakelock=qmuxd_port_wl_0, error [1:Operation not permitted]
01-03 02:14:24.581  5718  5732 D QC_RIL_OEM_HOOK: qcRilSetMipiFreq DONE!
01-03 02:14:32.384   575   925 E QC-QMI  : linux_qmi_qmux_io_wake_lock: Err in writing wakelock=qmuxd_port_wl_0, error [1:Operation not permitted]
01-03 02:14:32.385   575   925 E QC-QMI  : linux_qmi_qmux_io_wake_unlock: Err in writing wakelock=qmuxd_port_wl_0, error [1:Operation not permitted]
01-03 02:14:40.061   575   925 E QC-QMI  : linux_qmi_qmux_io_wake_lock: Err in writing wakelock=qmuxd_port_wl_0, error [1:Operation not permitted]
01-03 02:14:40.061   575   925 E QC-QMI  : linux_qmi_qmux_io_wake_unlock: Err in writing wakelock=qmuxd_port_wl_0, error [1:Operation not permitted]
01-03 02:14:45.183   575   925 E QC-QMI  : linux_qmi_qmux_io_wake_lock: Err in writing wakelock=qmuxd_port_wl_0, error [1:Operation not permitted]
01-03 02:14:45.183   575   925 E QC-QMI  : linux_qmi_qmux_io_wake_unlock: Err in writing wakelock=qmuxd_port_wl_0, error [1:Operation not permitted]
01-03 02:14:47.748   575   925 E QC-QMI  : linux_qmi_qmux_io_wake_lock: Err in writing wakelock=qmuxd_port_wl_0, error [1:Operation not permitted]
01-03 02:14:47.748   575   925 E QC-QMI  : linux_qmi_qmux_io_wake_unlock: Err in writing wakelock=qmuxd_port_wl_0, error [1:Operation not permitted]
01-03 02:14:57.347  2962  2962 D CallStatisticsService: Post delayed to sync data packages to nv.
01-03 02:14:57.348  2962  2962 D CallStatisticsService: handleMessage PHONE_DATA.
01-03 02:14:57.349  2962  2962 D CallStatisticsService: txTotal(Kb) = 0
01-03 02:14:57.349  2962  2962 D CallStatisticsService: rxTotal(Kb) = 0
01-03 02:14:57.349  2962  2962 E CallStatisticsService: TX And RX Data packages are totally 0, no need to update.
01-03 02:15:06.491  6029  6063 I PlayCommon: [304] com.google.android.play.a.g.e(909): Preparing logs for uploading
01-03 02:15:06.504  6029  6063 W PlayCommon: [304] com.google.android.play.a.g.a(1253): No account for auth token provided
01-03 02:15:06.506  6029  6063 I PlayCommon: [304] com.google.android.play.a.g.a(1049): Connecting to server: https://play.googleapis.com/play/log?format=raw&proto_v2=true
01-03 02:15:06.513  6029  6063 E PlayCommon: [304] com.google.android.play.a.g.a(1060): Failed to connect to server: java.net.UnknownHostException: Unable to resolve host "play.googleapis.com": No address associated with hostname
01-03 02:15:26.142   575   925 E QC-QMI  : linux_qmi_qmux_io_wake_lock: Err in writing wakelock=qmuxd_port_wl_0, error [1:Operation not permitted]
01-03 02:15:26.143   575   925 E QC-QMI  : linux_qmi_qmux_io_wake_unlock: Err in writing wakelock=qmuxd_port_wl_0, error [1:Operation not permitted]
01-03 02:15:27.628   575   925 E QC-QMI  : linux_qmi_qmux_io_wake_lock: Err in writing wakelock=qmuxd_port_wl_0, error [1:Operation not permitted]
01-03 02:15:27.633   575   925 E QC-QMI  : linux_qmi_qmux_io_wake_unlock: Err in writing wakelock=qmuxd_port_wl_0, error [1:Operation not permitted]
01-03 02:15:27.635   575   925 E QC-QMI  : linux_qmi_qmux_io_wake_lock: Err in writing wakelock=qmuxd_port_wl_0, error [1:Operation not permitted]
01-03 02:15:27.635   575   925 E QC-QMI  : linux_qmi_qmux_io_wake_unlock: Err in writing wakelock=qmuxd_port_wl_0, error [1:Operation not permitted]
01-03 02:15:27.651  5718  5718 D QC_RIL_OEM_HOOK: Received Broadcast Intent ACTION_UNSOL_RESPONSE_OEM_HOOK_RAW
01-03 02:15:27.652  5718  5718 D QC_RIL_OEM_HOOK: Oem ID in QCRILHOOK UNSOL RESP is QOEMHOOK
01-03 02:15:27.655  2962  3124 E IPCThreadState: Not sending reply in one-way transaction
01-03 02:15:27.656  2962  3124 I chatty  : uid=1001(radio) HwBinder:2962_1 identical 1 line
01-03 02:15:27.660  2962  3124 E IPCThreadState: Not sending reply in one-way transaction
01-03 02:15:27.673  5718  5769 I MIPIManagerFlow: checkIfMatchRules:radioIf:5,activeBand:81,activeChannel:612
01-03 02:15:27.673  5718  5769 I MIPIManagerFlow: checkIfMatchRules match key:5,81,NA
01-03 02:15:27.673  5718  5769 I QcRilHookFlow: invoke the qcRilSetMipiFreq method,Mipi:948000000
01-03 02:15:27.673  5718  5769 D QC_RIL_OEM_HOOK: qcRilSetMipiFreq: clkrate : 948000000
01-03 02:15:27.673  5718  5769 V QC_RIL_OEM_HOOK: sendRilOemHookMsgAsync: Outgoing Data is 514f454d484f4f4b142009000400000000558138
01-03 02:15:27.681   575   925 E QC-QMI  : linux_qmi_qmux_io_wake_lock: Err in writing wakelock=qmuxd_port_wl_0, error [1:Operation not permitted]
01-03 02:15:27.681   575   925 E QC-QMI  : linux_qmi_qmux_io_wake_unlock: Err in writing wakelock=qmuxd_port_wl_0, error [1:Operation not permitted]
01-03 02:15:27.691  5718  5731 D QC_RIL_OEM_HOOK: qcRilSetMipiFreq DONE!
01-03 02:15:29.631   575   925 E QC-QMI  : linux_qmi_qmux_io_wake_lock: Err in writing wakelock=qmuxd_port_wl_0, error [1:Operation not permitted]
01-03 02:15:29.632   575   925 E QC-QMI  : linux_qmi_qmux_io_wake_unlock: Err in writing wakelock=qmuxd_port_wl_0, error [1:Operation not permitted]
01-03 02:15:37.324   575   925 E QC-QMI  : linux_qmi_qmux_io_wake_lock: Err in writing wakelock=qmuxd_port_wl_0, error [1:Operation not permitted]
01-03 02:15:37.324   575   925 E QC-QMI  : linux_qmi_qmux_io_wake_unlock: Err in writing wakelock=qmuxd_port_wl_0, error [1:Operation not permitted]
01-03 02:15:49.002   575   925 E QC-QMI  : linux_qmi_qmux_io_wake_lock: Err in writing wakelock=qmuxd_port_wl_0, error [1:Operation not permitted]
01-03 02:15:49.002   575   925 E QC-QMI  : linux_qmi_qmux_io_wake_unlock: Err in writing wakelock=qmuxd_port_wl_0, error [1:Operation not permitted]
01-03 02:15:49.003   575   925 E QC-QMI  : linux_qmi_qmux_io_wake_lock: Err in writing wakelock=qmuxd_port_wl_0, error [1:Operation not permitted]
01-03 02:15:49.004   575   925 E QC-QMI  : linux_qmi_qmux_io_wake_unlock: Err in writing wakelock=qmuxd_port_wl_0, error [1:Operation not permitted]
01-03 02:15:49.022  5718  5718 D QC_RIL_OEM_HOOK: Received Broadcast Intent ACTION_UNSOL_RESPONSE_OEM_HOOK_RAW
01-03 02:15:49.022  5718  5718 D QC_RIL_OEM_HOOK: Oem ID in QCRILHOOK UNSOL RESP is QOEMHOOK
01-03 02:15:49.025  2962  3124 E IPCThreadState: Not sending reply in one-way transaction
01-03 02:15:49.026  2962  3124 I chatty  : uid=1001(radio) HwBinder:2962_1 identical 1 line
01-03 02:15:49.027  2962  3124 E IPCThreadState: Not sending reply in one-way transaction
01-03 02:15:49.034  5718  5769 I MIPIManagerFlow: checkIfMatchRules:radioIf:5,activeBand:81,activeChannel:587
01-03 02:15:49.034  5718  5769 I MIPIManagerFlow: checkIfMatchRules match key:5,81,NA
01-03 02:15:49.034  5718  5769 I QcRilHookFlow: invoke the qcRilSetMipiFreq method,Mipi:948000000
01-03 02:15:49.034  5718  5769 D QC_RIL_OEM_HOOK: qcRilSetMipiFreq: clkrate : 948000000
01-03 02:15:49.035  5718  5769 V QC_RIL_OEM_HOOK: sendRilOemHookMsgAsync: Outgoing Data is 514f454d484f4f4b142009000400000000558138
01-03 02:15:49.044  5718  5732 D QC_RIL_OEM_HOOK: qcRilSetMipiFreq DONE!
01-03 02:15:49.044   575   925 E QC-QMI  : linux_qmi_qmux_io_wake_lock: Err in writing wakelock=qmuxd_port_wl_0, error [1:Operation not permitted]
01-03 02:15:49.044   575   925 E QC-QMI  : linux_qmi_qmux_io_wake_unlock: Err in writing wakelock=qmuxd_port_wl_0, error [1:Operation not permitted]
01-03 02:15:50.455   575   925 E QC-QMI  : linux_qmi_qmux_io_wake_lock: Err in writing wakelock=qmuxd_port_wl_0, error [1:Operation not permitted]
01-03 02:15:50.455   575   925 E QC-QMI  : linux_qmi_qmux_io_wake_unlock: Err in writing wakelock=qmuxd_port_wl_0, error [1:Operation not permitted]
01-03 02:15:58.141   575   925 E QC-QMI  : linux_qmi_qmux_io_wake_lock: Err in writing wakelock=qmuxd_port_wl_0, error [1:Operation not permitted]
01-03 02:15:58.144   575   925 E QC-QMI  : linux_qmi_qmux_io_wake_unlock: Err in writing wakelock=qmuxd_port_wl_0, error [1:Operation not permitted]
01-03 02:16:00.708   575   925 E QC-QMI  : linux_qmi_qmux_io_wake_lock: Err in writing wakelock=qmuxd_port_wl_0, error [1:Operation not permitted]
01-03 02:16:00.708   575   925 E QC-QMI  : linux_qmi_qmux_io_wake_unlock: Err in writing wakelock=qmuxd_port_wl_0, error [1:Operation not permitted]
01-03 02:16:05.829   575   925 E QC-QMI  : linux_qmi_qmux_io_wake_lock: Err in writing wakelock=qmuxd_port_wl_0, error [1:Operation not permitted]
01-03 02:16:05.830   575   925 E QC-QMI  : linux_qmi_qmux_io_wake_unlock: Err in writing wakelock=qmuxd_port_wl_0, error [1:Operation not permitted]
01-03 02:16:13.505   575   925 E QC-QMI  : linux_qmi_qmux_io_wake_lock: Err in writing wakelock=qmuxd_port_wl_0, error [1:Operation not permitted]
01-03 02:16:13.506   575   925 E QC-QMI  : linux_qmi_qmux_io_wake_unlock: Err in writing wakelock=qmuxd_port_wl_0, error [1:Operation not permitted]
01-03 02:16:21.183   575   925 E QC-QMI  : linux_qmi_qmux_io_wake_lock: Err in writing wakelock=qmuxd_port_wl_0, error [1:Operation not permitted]
01-03 02:16:21.184   575   925 E QC-QMI  : linux_qmi_qmux_io_wake_unlock: Err in writing wakelock=qmuxd_port_wl_0, error [1:Operation not permitted]
01-03 02:16:31.426   575   925 E QC-QMI  : linux_qmi_qmux_io_wake_lock: Err in writing wakelock=qmuxd_port_wl_0, error [1:Operation not permitted]
01-03 02:16:31.427   575   925 E QC-QMI  : linux_qmi_qmux_io_wake_unlock: Err in writing wakelock=qmuxd_port_wl_0, error [1:Operation not permitted]
01-03 02:16:39.102   575   925 E QC-QMI  : linux_qmi_qmux_io_wake_lock: Err in writing wakelock=qmuxd_port_wl_0, error [1:Operation not permitted]
01-03 02:16:39.102   575   925 E QC-QMI  : linux_qmi_qmux_io_wake_unlock: Err in writing wakelock=qmuxd_port_wl_0, error [1:Operation not permitted]
01-03 02:16:46.786   575   925 E QC-QMI  : linux_qmi_qmux_io_wake_lock: Err in writing wakelock=qmuxd_port_wl_0, error [1:Operation not permitted]
01-03 02:16:46.786   575   925 E QC-QMI  : linux_qmi_qmux_io_wake_unlock: Err in writing wakelock=qmuxd_port_wl_0, error [1:Operation not permitted]
01-03 02:16:59.587   575   925 E QC-QMI  : linux_qmi_qmux_io_wake_lock: Err in writing wakelock=qmuxd_port_wl_0, error [1:Operation not permitted]
01-03 02:16:59.588   575   925 E QC-QMI  : linux_qmi_qmux_io_wake_unlock: Err in writing wakelock=qmuxd_port_wl_0, error [1:Operation not permitted]
01-03 02:17:02.142   575   925 E QC-QMI  : linux_qmi_qmux_io_wake_lock: Err in writing wakelock=qmuxd_port_wl_0, error [1:Operation not permitted]
01-03 02:17:02.143   575   925 E QC-QMI  : linux_qmi_qmux_io_wake_unlock: Err in writing wakelock=qmuxd_port_wl_0, error [1:Operation not permitted]
01-03 02:17:09.829   575   925 E QC-QMI  : linux_qmi_qmux_io_wake_lock: Err in writing wakelock=qmuxd_port_wl_0, error [1:Operation not permitted]
01-03 02:17:09.829   575   925 E QC-QMI  : linux_qmi_qmux_io_wake_unlock: Err in writing wakelock=qmuxd_port_wl_0, error [1:Operation not permitted]
01-03 02:17:25.184   575   925 E QC-QMI  : linux_qmi_qmux_io_wake_lock: Err in writing wakelock=qmuxd_port_wl_0, error [1:Operation not permitted]
01-03 02:17:25.184   575   925 E QC-QMI  : linux_qmi_qmux_io_wake_unlock: Err in writing wakelock=qmuxd_port_wl_0, error [1:Operation not permitted]
01-03 02:17:30.304   575   925 E QC-QMI  : linux_qmi_qmux_io_wake_lock: Err in writing wakelock=qmuxd_port_wl_0, error [1:Operation not permitted]
01-03 02:17:30.307   575   925 E QC-QMI  : linux_qmi_qmux_io_wake_unlock: Err in writing wakelock=qmuxd_port_wl_0, error [1:Operation not permitted]
01-03 02:17:30.811  2962  3009 I zygote64: Background concurrent copying GC freed 834(8MB) AllocSpace objects, 0(0B) LOS objects, 50% free, 3MB/6MB, paused 11.111ms total 42.163ms
01-03 02:17:45.668   575   925 E QC-QMI  : linux_qmi_qmux_io_wake_lock: Err in writing wakelock=qmuxd_port_wl_0, error [1:Operation not permitted]
01-03 02:17:45.668   575   925 E QC-QMI  : linux_qmi_qmux_io_wake_unlock: Err in writing wakelock=qmuxd_port_wl_0, error [1:Operation not permitted]
01-03 02:17:48.224   575   925 E QC-QMI  : linux_qmi_qmux_io_wake_lock: Err in writing wakelock=qmuxd_port_wl_0, error [1:Operation not permitted]
01-03 02:17:48.228   575   925 E QC-QMI  : linux_qmi_qmux_io_wake_unlock: Err in writing wakelock=qmuxd_port_wl_0, error [1:Operation not permitted]
01-03 02:17:53.345   575   925 E QC-QMI  : linux_qmi_qmux_io_wake_lock: Err in writing wakelock=qmuxd_port_wl_0, error [1:Operation not permitted]
01-03 02:17:53.346   575   925 E QC-QMI  : linux_qmi_qmux_io_wake_unlock: Err in writing wakelock=qmuxd_port_wl_0, error [1:Operation not permitted]
01-03 02:17:55.900   575   925 E QC-QMI  : linux_qmi_qmux_io_wake_lock: Err in writing wakelock=qmuxd_port_wl_0, error [1:Operation not permitted]
01-03 02:17:55.901   575   925 E QC-QMI  : linux_qmi_qmux_io_wake_unlock: Err in writing wakelock=qmuxd_port_wl_0, error [1:Operation not permitted]
01-03 02:18:01.021   575   925 E QC-QMI  : linux_qmi_qmux_io_wake_lock: Err in writing wakelock=qmuxd_port_wl_0, error [1:Operation not permitted]
01-03 02:18:01.021   575   925 E QC-QMI  : linux_qmi_qmux_io_wake_unlock: Err in writing wakelock=qmuxd_port_wl_0, error [1:Operation not permitted]
01-03 02:18:03.588   575   925 E QC-QMI  : linux_qmi_qmux_io_wake_lock: Err in writing wakelock=qmuxd_port_wl_0, error [1:Operation not permitted]
01-03 02:18:03.588   575   925 E QC-QMI  : linux_qmi_qmux_io_wake_unlock: Err in writing wakelock=qmuxd_port_wl_0, error [1:Operation not permitted]
01-03 02:18:16.385   575   925 E QC-QMI  : linux_qmi_qmux_io_wake_lock: Err in writing wakelock=qmuxd_port_wl_0, error [1:Operation not permitted]
01-03 02:18:16.386   575   925 E QC-QMI  : linux_qmi_qmux_io_wake_unlock: Err in writing wakelock=qmuxd_port_wl_0, error [1:Operation not permitted]
01-03 02:18:26.628   575   925 E QC-QMI  : linux_qmi_qmux_io_wake_lock: Err in writing wakelock=qmuxd_port_wl_0, error [1:Operation not permitted]
01-03 02:18:26.630   575   925 E QC-QMI  : linux_qmi_qmux_io_wake_unlock: Err in writing wakelock=qmuxd_port_wl_0, error [1:Operation not permitted]
01-03 02:18:41.983   575   925 E QC-QMI  : linux_qmi_qmux_io_wake_lock: Err in writing wakelock=qmuxd_port_wl_0, error [1:Operation not permitted]
01-03 02:18:41.983   575   925 E QC-QMI  : linux_qmi_qmux_io_wake_unlock: Err in writing wakelock=qmuxd_port_wl_0, error [1:Operation not permitted]
01-03 02:18:47.102   575   925 E QC-QMI  : linux_qmi_qmux_io_wake_lock: Err in writing wakelock=qmuxd_port_wl_0, error [1:Operation not permitted]
01-03 02:18:47.105   575   925 E QC-QMI  : linux_qmi_qmux_io_wake_unlock: Err in writing wakelock=qmuxd_port_wl_0, error [1:Operation not permitted]
01-03 02:18:49.668   575   925 E QC-QMI  : linux_qmi_qmux_io_wake_lock: Err in writing wakelock=qmuxd_port_wl_0, error [1:Operation not permitted]
01-03 02:18:49.669   575   925 E QC-QMI  : linux_qmi_qmux_io_wake_unlock: Err in writing wakelock=qmuxd_port_wl_0, error [1:Operation not permitted]
01-03 02:18:57.345   575   925 E QC-QMI  : linux_qmi_qmux_io_wake_lock: Err in writing wakelock=qmuxd_port_wl_0, error [1:Operation not permitted]
01-03 02:18:57.349   575   925 E QC-QMI  : linux_qmi_qmux_io_wake_unlock: Err in writing wakelock=qmuxd_port_wl_0, error [1:Operation not permitted]
01-03 02:19:10.145   575   925 E QC-QMI  : linux_qmi_qmux_io_wake_lock: Err in writing wakelock=qmuxd_port_wl_0, error [1:Operation not permitted]
01-03 02:19:10.145   575   925 E QC-QMI  : linux_qmi_qmux_io_wake_unlock: Err in writing wakelock=qmuxd_port_wl_0, error [1:Operation not permitted]
01-03 02:19:12.706   575   925 E QC-QMI  : linux_qmi_qmux_io_wake_lock: Err in writing wakelock=qmuxd_port_wl_0, error [1:Operation not permitted]
01-03 02:19:12.708   575   925 E QC-QMI  : linux_qmi_qmux_io_wake_unlock: Err in writing wakelock=qmuxd_port_wl_0, error [1:Operation not permitted]
01-03 02:19:17.820   575   925 E QC-QMI  : linux_qmi_qmux_io_wake_lock: Err in writing wakelock=qmuxd_port_wl_0, error [1:Operation not permitted]
01-03 02:19:17.820   575   925 E QC-QMI  : linux_qmi_qmux_io_wake_unlock: Err in writing wakelock=qmuxd_port_wl_0, error [1:Operation not permitted]
01-03 02:19:20.385   575   925 E QC-QMI  : linux_qmi_qmux_io_wake_lock: Err in writing wakelock=qmuxd_port_wl_0, error [1:Operation not permitted]
01-03 02:19:20.386   575   925 E QC-QMI  : linux_qmi_qmux_io_wake_unlock: Err in writing wakelock=qmuxd_port_wl_0, error [1:Operation not permitted]
01-03 02:19:28.063   575   925 E QC-QMI  : linux_qmi_qmux_io_wake_lock: Err in writing wakelock=qmuxd_port_wl_0, error [1:Operation not permitted]
01-03 02:19:28.064   575   925 E QC-QMI  : linux_qmi_qmux_io_wake_unlock: Err in writing wakelock=qmuxd_port_wl_0, error [1:Operation not permitted]
01-03 02:19:43.428   575   925 E QC-QMI  : linux_qmi_qmux_io_wake_lock: Err in writing wakelock=qmuxd_port_wl_0, error [1:Operation not permitted]
01-03 02:19:43.429   575   925 E QC-QMI  : linux_qmi_qmux_io_wake_unlock: Err in writing wakelock=qmuxd_port_wl_0, error [1:Operation not permitted]
01-03 02:19:48.545   575   925 E QC-QMI  : linux_qmi_qmux_io_wake_lock: Err in writing wakelock=qmuxd_port_wl_0, error [1:Operation not permitted]
01-03 02:19:48.546   575   925 E QC-QMI  : linux_qmi_qmux_io_wake_unlock: Err in writing wakelock=qmuxd_port_wl_0, error [1:Operation not permitted]
01-03 02:19:53.708   878   878 I ActivityManager: Killing 7308:com.android.printspooler/u0a89 (adj 902): empty for 2014s
01-03 02:19:53.716   878   878 I ActivityManager: Killing 7541:com.google.android.apps.cloudprint/u0a56 (adj 904): empty for 2014s
01-03 02:19:53.716   878   878 I ActivityManager: Killing 7325:android.process.acore/u0a0 (adj 904): empty for 2015s
01-03 02:19:53.717   878   878 I ActivityManager: Killing 7502:com.google.android.partnersetup/u0a25 (adj 904): empty for 2015s
01-03 02:19:53.717   878   878 I ActivityManager: Killing 7410:com.google.android.apps.docs/u0a60 (adj 904): empty for 2016s
01-03 02:19:53.718   878   878 I ActivityManager: Killing 7283:com.android.keychain/1000 (adj 904): empty for 2019s
01-03 02:19:53.721   878   878 I ActivityManager: Killing 7260:com.android.defcontainer/u0a9 (adj 906): empty for 2019s
01-03 02:19:53.727   878   894 I ProcessStatsService: Prepared write state in 4ms
01-03 02:19:53.775   878  4001 D ActivityManager: cleanUpApplicationRecord -- 7283
01-03 02:19:53.785   878  3470 D ActivityManager: cleanUpApplicationRecord -- 7260
01-03 02:19:53.835   878  4077 D ActivityManager: cleanUpApplicationRecord -- 7541
01-03 02:19:53.842   878  4076 D ActivityManager: cleanUpApplicationRecord -- 7502
01-03 02:19:53.844   878   891 D ActivityManager: cleanUpApplicationRecord -- 7325
01-03 02:19:53.847   878   890 D ActivityManager: cleanUpApplicationRecord -- 7308
01-03 02:19:53.868   878  2635 D ActivityManager: cleanUpApplicationRecord -- 7410
01-03 02:19:58.781   575   925 E QC-QMI  : linux_qmi_qmux_io_wake_lock: Err in writing wakelock=qmuxd_port_wl_0, error [1:Operation not permitted]
01-03 02:19:58.781   575   925 E QC-QMI  : linux_qmi_qmux_io_wake_unlock: Err in writing wakelock=qmuxd_port_wl_0, error [1:Operation not permitted]
01-03 02:20:06.469   575   925 E QC-QMI  : linux_qmi_qmux_io_wake_lock: Err in writing wakelock=qmuxd_port_wl_0, error [1:Operation not permitted]
01-03 02:20:06.470   575   925 E QC-QMI  : linux_qmi_qmux_io_wake_unlock: Err in writing wakelock=qmuxd_port_wl_0, error [1:Operation not permitted]
01-03 02:20:06.621  6029  6063 I PlayCommon: [304] com.google.android.play.a.g.e(909): Preparing logs for uploading
01-03 02:20:06.637  6029  6063 W PlayCommon: [304] com.google.android.play.a.g.a(1253): No account for auth token provided
01-03 02:20:06.637  6029  6063 I PlayCommon: [304] com.google.android.play.a.g.a(1049): Connecting to server: https://play.googleapis.com/play/log?format=raw&proto_v2=true
01-03 02:20:06.646  6029  6063 E PlayCommon: [304] com.google.android.play.a.g.a(1060): Failed to connect to server: java.net.UnknownHostException: Unable to resolve host "play.googleapis.com": No address associated with hostname
01-03 02:20:21.822   575   925 E QC-QMI  : linux_qmi_qmux_io_wake_lock: Err in writing wakelock=qmuxd_port_wl_0, error [1:Operation not permitted]
01-03 02:20:21.822   575   925 E QC-QMI  : linux_qmi_qmux_io_wake_unlock: Err in writing wakelock=qmuxd_port_wl_0, error [1:Operation not permitted]
01-03 02:20:26.943   575   925 E QC-QMI  : linux_qmi_qmux_io_wake_lock: Err in writing wakelock=qmuxd_port_wl_0, error [1:Operation not permitted]
01-03 02:20:26.943   575   925 E QC-QMI  : linux_qmi_qmux_io_wake_unlock: Err in writing wakelock=qmuxd_port_wl_0, error [1:Operation not permitted]
01-03 02:20:42.308   575   925 E QC-QMI  : linux_qmi_qmux_io_wake_lock: Err in writing wakelock=qmuxd_port_wl_0, error [1:Operation not permitted]
01-03 02:20:42.308   575   925 E QC-QMI  : linux_qmi_qmux_io_wake_unlock: Err in writing wakelock=qmuxd_port_wl_0, error [1:Operation not permitted]
01-03 02:20:44.862   575   925 E QC-QMI  : linux_qmi_qmux_io_wake_lock: Err in writing wakelock=qmuxd_port_wl_0, error [1:Operation not permitted]
01-03 02:20:44.862   575   925 E QC-QMI  : linux_qmi_qmux_io_wake_unlock: Err in writing wakelock=qmuxd_port_wl_0, error [1:Operation not permitted]
01-03 02:20:52.549   575   925 E QC-QMI  : linux_qmi_qmux_io_wake_lock: Err in writing wakelock=qmuxd_port_wl_0, error [1:Operation not permitted]
01-03 02:20:52.552   575   925 E QC-QMI  : linux_qmi_qmux_io_wake_unlock: Err in writing wakelock=qmuxd_port_wl_0, error [1:Operation not permitted]
01-03 02:21:00.225   575   925 E QC-QMI  : linux_qmi_qmux_io_wake_lock: Err in writing wakelock=qmuxd_port_wl_0, error [1:Operation not permitted]
01-03 02:21:00.226   575   925 E QC-QMI  : linux_qmi_qmux_io_wake_unlock: Err in writing wakelock=qmuxd_port_wl_0, error [1:Operation not permitted]
01-03 02:21:05.347   575   925 E QC-QMI  : linux_qmi_qmux_io_wake_lock: Err in writing wakelock=qmuxd_port_wl_0, error [1:Operation not permitted]
01-03 02:21:05.350   575   925 E QC-QMI  : linux_qmi_qmux_io_wake_unlock: Err in writing wakelock=qmuxd_port_wl_0, error [1:Operation not permitted]
01-03 02:21:07.903   575   925 E QC-QMI  : linux_qmi_qmux_io_wake_lock: Err in writing wakelock=qmuxd_port_wl_0, error [1:Operation not permitted]
01-03 02:21:07.904   575   925 E QC-QMI  : linux_qmi_qmux_io_wake_unlock: Err in writing wakelock=qmuxd_port_wl_0, error [1:Operation not permitted]
01-03 02:21:20.701   575   925 E QC-QMI  : linux_qmi_qmux_io_wake_lock: Err in writing wakelock=qmuxd_port_wl_0, error [1:Operation not permitted]
01-03 02:21:20.701   575   925 E QC-QMI  : linux_qmi_qmux_io_wake_unlock: Err in writing wakelock=qmuxd_port_wl_0, error [1:Operation not permitted]
01-03 02:21:23.266   575   925 E QC-QMI  : linux_qmi_qmux_io_wake_lock: Err in writing wakelock=qmuxd_port_wl_0, error [1:Operation not permitted]
01-03 02:21:23.268   575   925 E QC-QMI  : linux_qmi_qmux_io_wake_unlock: Err in writing wakelock=qmuxd_port_wl_0, error [1:Operation not permitted]
01-03 02:21:46.308   575   925 E QC-QMI  : linux_qmi_qmux_io_wake_lock: Err in writing wakelock=qmuxd_port_wl_0, error [1:Operation not permitted]
01-03 02:21:46.308   575   925 E QC-QMI  : linux_qmi_qmux_io_wake_unlock: Err in writing wakelock=qmuxd_port_wl_0, error [1:Operation not permitted]
01-03 02:21:51.427   575   925 E QC-QMI  : linux_qmi_qmux_io_wake_lock: Err in writing wakelock=qmuxd_port_wl_0, error [1:Operation not permitted]
01-03 02:21:51.430   575   925 E QC-QMI  : linux_qmi_qmux_io_wake_unlock: Err in writing wakelock=qmuxd_port_wl_0, error [1:Operation not permitted]
01-03 02:21:53.984   575   925 E QC-QMI  : linux_qmi_qmux_io_wake_lock: Err in writing wakelock=qmuxd_port_wl_0, error [1:Operation not permitted]
01-03 02:21:53.985   575   925 E QC-QMI  : linux_qmi_qmux_io_wake_unlock: Err in writing wakelock=qmuxd_port_wl_0, error [1:Operation not permitted]
01-03 02:21:59.106   575   925 E QC-QMI  : linux_qmi_qmux_io_wake_lock: Err in writing wakelock=qmuxd_port_wl_0, error [1:Operation not permitted]
01-03 02:21:59.109   575   925 E QC-QMI  : linux_qmi_qmux_io_wake_unlock: Err in writing wakelock=qmuxd_port_wl_0, error [1:Operation not permitted]
01-03 02:22:09.345   575   925 E QC-QMI  : linux_qmi_qmux_io_wake_lock: Err in writing wakelock=qmuxd_port_wl_0, error [1:Operation not permitted]
01-03 02:22:09.345   575   925 E QC-QMI  : linux_qmi_qmux_io_wake_unlock: Err in writing wakelock=qmuxd_port_wl_0, error [1:Operation not permitted]
01-03 02:22:14.469   575   925 E QC-QMI  : linux_qmi_qmux_io_wake_lock: Err in writing wakelock=qmuxd_port_wl_0, error [1:Operation not permitted]
01-03 02:22:14.470   575   925 E QC-QMI  : linux_qmi_qmux_io_wake_unlock: Err in writing wakelock=qmuxd_port_wl_0, error [1:Operation not permitted]
01-03 02:22:17.024   575   925 E QC-QMI  : linux_qmi_qmux_io_wake_lock: Err in writing wakelock=qmuxd_port_wl_0, error [1:Operation not permitted]
01-03 02:22:17.026   575   925 E QC-QMI  : linux_qmi_qmux_io_wake_unlock: Err in writing wakelock=qmuxd_port_wl_0, error [1:Operation not permitted]
01-03 02:22:24.702   575   925 E QC-QMI  : linux_qmi_qmux_io_wake_lock: Err in writing wakelock=qmuxd_port_wl_0, error [1:Operation not permitted]
01-03 02:22:24.705   575   925 E QC-QMI  : linux_qmi_qmux_io_wake_unlock: Err in writing wakelock=qmuxd_port_wl_0, error [1:Operation not permitted]
01-03 02:22:29.821   575   925 E QC-QMI  : linux_qmi_qmux_io_wake_lock: Err in writing wakelock=qmuxd_port_wl_0, error [1:Operation not permitted]
01-03 02:22:29.822   575   925 E QC-QMI  : linux_qmi_qmux_io_wake_unlock: Err in writing wakelock=qmuxd_port_wl_0, error [1:Operation not permitted]
01-03 02:22:32.387   575   925 E QC-QMI  : linux_qmi_qmux_io_wake_lock: Err in writing wakelock=qmuxd_port_wl_0, error [1:Operation not permitted]
01-03 02:22:32.388   575   925 E QC-QMI  : linux_qmi_qmux_io_wake_unlock: Err in writing wakelock=qmuxd_port_wl_0, error [1:Operation not permitted]
01-03 02:22:37.509   575   925 E QC-QMI  : linux_qmi_qmux_io_wake_lock: Err in writing wakelock=qmuxd_port_wl_0, error [1:Operation not permitted]
01-03 02:22:37.512   575   925 E QC-QMI  : linux_qmi_qmux_io_wake_unlock: Err in writing wakelock=qmuxd_port_wl_0, error [1:Operation not permitted]
01-03 02:22:45.146  3884  3884 W ContentTaskController: Invalid task was provided to stopTracking.
01-03 02:22:45.152   582   582 W Zygote  : runOnce, args = --runtime-args,--setuid=10073,--setgid=10073,--generate-debug-info,--mount-external-default,--target-sdk-version=25,--setgroups=50073,20073,9997,3002,3003,--nice-name=com.google.android.talk,--seinfo=default,--instruction-set=arm64,--app-data-dir=/data/user/0/com.google.android.talk,android.app.ActivityThread
01-03 02:22:45.167   878  4079 I ActivityManager: Start proc 8707:com.google.android.talk/u0a73 for service com.google.android.talk/com.google.android.apps.hangouts.concurrent.impl.GcmTriggeredNotifier
01-03 02:22:45.173  8707  8707 E zygote64: Could not create perf file at /data/misc/trace/perf-8707.map Are you on a user build? Perf only works on userdebug/eng builds
01-03 02:22:45.173  8707  8707 E zygote64: Could not create jit dump file at /data/misc/trace/jit-8707.dump Are you on a user build? Perf only works on userdebug/eng builds
01-03 02:22:45.186   878   888 I zygote64: Background concurrent copying GC freed 175(8MB) AllocSpace objects, 0(0B) LOS objects, 42% free, 28MB/50MB, paused 1.873ms total 130.818ms
01-03 02:22:45.306  8707  8707 W System  : ClassLoader referenced unknown path: /system/app/Hangouts/lib/arm64
01-03 02:22:45.314  4462  8713 I EventLogChimeraService: Opted in for usage reporting
01-03 02:22:45.328  4462  8713 I EventLogChimeraService: Aggregate from 1483426364833 (log), 1483426364833 (data)
01-03 02:22:45.374  8707  8724 D libEGL  : loaded /vendor/lib64/egl/libEGL_adreno.so
01-03 02:22:45.471  3884  4283 W GCoreFlp: No location to return for getLastLocation()
01-03 02:22:45.471  3884  3897 W FusedLocationProvider: location=null
01-03 02:22:45.518  8707  8724 D libEGL  : loaded /vendor/lib64/egl/libGLESv1_CM_adreno.so
01-03 02:22:45.551  3884  4283 W GCoreFlp: No location to return for getLastLocation()
01-03 02:22:45.552  3884  4292 W FusedLocationProvider: location=null
01-03 02:22:45.558  8707  8724 D libEGL  : loaded /vendor/lib64/egl/libGLESv2_adreno.so
01-03 02:22:45.631  8707  8707 D BabelGcmRegistration: GcmRegistration: Checking GCM registration
01-03 02:22:45.632  8707  8707 D BabelGcmRegistration: GcmRegistration: Requesting GCM registration
01-03 02:22:45.648  8707  8707 D Babel   : created account SMS => Redacted-3-chars
01-03 02:22:45.666  8707  8707 I Babel_telephony: TeleModule.onApplicationCreate
01-03 02:22:45.670  8707  8739 I Babel_SMS: MmsConfig: mnc/mcc: 0/0
01-03 02:22:45.670  8707  8739 I Babel_SMS: MmsConfig.loadMmsSettings
01-03 02:22:45.673  8707  8707 D Babel_Prime: Primes crash monitoring is disabled
01-03 02:22:45.673  8707  8707 I Babel_App: Startup - clean
01-03 02:22:45.683  3884  4295 E GCM     : Missing checkin config file
01-03 02:22:45.683  3884  4295 W GCM     : GCM FAILED TO INITIALIZE - missing checkin
01-03 02:22:45.701  8707  8707 D Babel_Prime: startMemoryMonitor disabled
01-03 02:22:45.713  8707  8739 I Babel_SMS: MmsConfig.loadDeviceMmsSettings from API: userAgent=Android-Mms/2.0, uaProfUrl=http://wap1.huawei.com/uaprof/HUAWEI_angler-Uaprofile.xml
01-03 02:22:45.714  8707  8739 I Babel_SMS: MmsConfig.loadFromDatabase
01-03 02:22:45.726  8707  8739 E Babel_SMS: canonicalizeMccMnc: invalid mccmnc 
01-03 02:22:45.726  8707  8739 I Babel_SMS: MmsConfig.loadFromResources
01-03 02:22:45.727  8707  8739 E Babel_SMS: canonicalizeMccMnc: invalid mccmnc nullnull
01-03 02:22:45.728  8707  8739 I Babel_SMS: MmsConfig.loadMmsSettings: userAgent=Android-Mms/2.0, uaProfUrl=http://wap1.huawei.com/uaprof/HUAWEI_angler-Uaprofile.xml
01-03 02:22:45.729  8707  8736 W BabelGcmRegistration: Error registering for GCM
01-03 02:22:45.731  8707  8736 W BabelGcmRegistration: java.io.IOException: AUTHENTICATION_FAILED
01-03 02:22:45.731  8707  8736 W BabelGcmRegistration: 	at gzx.a(Unknown Source)
01-03 02:22:45.731  8707  8736 W BabelGcmRegistration: 	at icx.a(SourceFile:42)
01-03 02:22:45.731  8707  8736 W BabelGcmRegistration: 	at fhq.a(SourceFile:355)
01-03 02:22:45.731  8707  8736 W BabelGcmRegistration: 	at fhq.doInBackground(SourceFile:350)
01-03 02:22:45.731  8707  8736 W BabelGcmRegistration: 	at android.os.AsyncTask$2.call(AsyncTask.java:305)
01-03 02:22:45.731  8707  8736 W BabelGcmRegistration: 	at java.util.concurrent.FutureTask.run(FutureTask.java:266)
01-03 02:22:45.731  8707  8736 W BabelGcmRegistration: 	at android.os.AsyncTask$SerialExecutor$1.run(AsyncTask.java:243)
01-03 02:22:45.731  8707  8736 W BabelGcmRegistration: 	at java.util.concurrent.ThreadPoolExecutor.runWorker(ThreadPoolExecutor.java:1162)
01-03 02:22:45.731  8707  8736 W BabelGcmRegistration: 	at java.util.concurrent.ThreadPoolExecutor$Worker.run(ThreadPoolExecutor.java:636)
01-03 02:22:45.731  8707  8736 W BabelGcmRegistration: 	at java.lang.Thread.run(Thread.java:761)
01-03 02:22:45.755  8707  8707 I Babel_ConcService: Binding ConcurrentService
01-03 02:22:45.806  8707  8745 I Babel_ConcService: Acquired partial wake lock to keep ConcurrentService alive
01-03 02:22:45.807  8707  8745 I Babel_ConcService: Released partial wake lock as ConcurrentService became idle
01-03 02:22:45.809  8707  8746 I Babel_ConcService: Acquired partial wake lock to keep ConcurrentService alive
01-03 02:22:45.810  8707  8746 I Babel_ConcService: Released partial wake lock as ConcurrentService became idle
01-03 02:22:45.825  3884  3884 W ContentTaskController: Invalid task was provided to stopTracking.
01-03 02:22:45.888  3884  3884 W ContentTaskController: Invalid task was provided to stopTracking.
01-03 02:22:45.960  3884  4283 W GCoreFlp: No location to return for getLastLocation()
01-03 02:22:45.961  3884  3897 W FusedLocationProvider: location=null
01-03 02:22:45.973  3884  4295 W ContentTaskController: Invalid newTask was provided to startTracking.
01-03 02:22:46.049  3884  4283 W GCoreFlp: No location to return for getLastLocation()
01-03 02:22:46.050  3884  3896 W FusedLocationProvider: location=null
01-03 02:22:46.157  4462  8748 I PhenotypeFlagCommitter: Experiment Configs successfully retrieved for com.google.android.metrics
01-03 02:22:46.167  4462  8747 I PhenotypeFlagCommitter: Experiment Configs successfully retrieved for com.google.android.metrics
01-03 02:22:46.260  3884  3884 W ContentTaskController: Invalid newTask was provided to startTracking.
01-03 02:22:46.394  3884  3884 W ContentTaskController: Invalid task was provided to stopTracking.
01-03 02:22:46.454  3884  3884 W ContentTaskController: Invalid newTask was provided to startTracking.
01-03 02:22:46.515  3884  4283 W GCoreFlp: No location to return for getLastLocation()
01-03 02:22:46.515  3884  4290 W FusedLocationProvider: location=null
01-03 02:22:46.602  3884  4283 W GCoreFlp: No location to return for getLastLocation()
01-03 02:22:46.603  3884  3896 W FusedLocationProvider: location=null
01-03 02:22:46.643  4462  8751 I PhenotypeFlagCommitter: Experiment Configs successfully retrieved for com.google.android.metrics
01-03 02:22:46.671  3884  3884 W ContentTaskController: Invalid newTask was provided to startTracking.
01-03 02:22:46.779  3884  3884 W ContentTaskController: Invalid task was provided to stopTracking.
01-03 02:22:46.821  3884  3884 W ContentTaskController: Invalid task was provided to stopTracking.
01-03 02:22:46.880  3884  4283 W GCoreFlp: No location to return for getLastLocation()
01-03 02:22:46.881  3884  4292 W FusedLocationProvider: location=null
01-03 02:22:46.892  3884  4283 W GCoreFlp: No location to return for getLastLocation()
01-03 02:22:46.892  3884  3897 W FusedLocationProvider: location=null
01-03 02:22:46.956  4462  8754 I PhenotypeFlagCommitter: Experiment Configs successfully retrieved for com.google.android.metrics
01-03 02:22:46.971  4462  8753 I PhenotypeFlagCommitter: Experiment Configs successfully retrieved for com.google.android.metrics
01-03 02:22:47.074  3884  3884 W ContentTaskController: Invalid newTask was provided to startTracking.
01-03 02:22:47.291  3884  3884 W ContentTaskController: Invalid newTask was provided to startTracking.
01-03 02:22:47.292  3884  4283 W GCoreFlp: No location to return for getLastLocation()
01-03 02:22:47.294  3884  4292 W FusedLocationProvider: location=null
01-03 02:22:47.397  3884  3884 W ContentTaskController: Invalid task was provided to stopTracking.
01-03 02:22:47.434  3884  3884 W ContentTaskController: Invalid task was provided to stopTracking.
01-03 02:22:47.513  3884  4283 W GCoreFlp: No location to return for getLastLocation()
01-03 02:22:47.513  3884  3897 W FusedLocationProvider: location=null
01-03 02:22:47.528  3884  4283 W GCoreFlp: No location to return for getLastLocation()
01-03 02:22:47.529  3884  4290 W FusedLocationProvider: location=null
01-03 02:22:47.597  4462  8759 I PhenotypeFlagCommitter: Experiment Configs successfully retrieved for com.google.android.metrics
01-03 02:22:47.616  4462  8760 I PhenotypeFlagCommitter: Experiment Configs successfully retrieved for com.google.android.metrics
01-03 02:22:47.728   878   891 I ProcessStatsService: Added stats: 2017-01-02-23-17-10, over +1h30m0s871ms
01-03 02:22:47.736   878   891 I ProcessStatsService: Added stats: 2017-01-02-20-02-36, over +3h14m33s788ms
01-03 02:22:47.743   878   891 I ProcessStatsService: Added stats: 2017-01-02-16-40-30, over +3h22m6s99ms
01-03 02:22:47.748   878   891 I ProcessStatsService: Added stats: 2017-01-02-13-37-18, over +3h3m11s892ms
01-03 02:22:47.754   878   891 I ProcessStatsService: Added stats: 2017-01-02-10-09-59, over +3h27m19s192ms
01-03 02:22:47.762   878   891 I ProcessStatsService: Added stats: 2017-01-02-06-55-35, over +3h14m23s374ms
01-03 02:22:47.771   878   891 I ProcessStatsService: Added stats: 2017-01-02-05-53-33, over +30m26s708ms
01-03 02:22:48.003  3884  3884 W ContentTaskController: Invalid newTask was provided to startTracking.
01-03 02:22:48.039  3884  3884 W ContentTaskController: Invalid newTask was provided to startTracking.
01-03 02:22:52.864   575   925 E QC-QMI  : linux_qmi_qmux_io_wake_lock: Err in writing wakelock=qmuxd_port_wl_0, error [1:Operation not permitted]
01-03 02:22:52.866   575   925 E QC-QMI  : linux_qmi_qmux_io_wake_unlock: Err in writing wakelock=qmuxd_port_wl_0, error [1:Operation not permitted]
01-03 02:22:55.429   575   925 E QC-QMI  : linux_qmi_qmux_io_wake_lock: Err in writing wakelock=qmuxd_port_wl_0, error [1:Operation not permitted]
01-03 02:22:55.429   575   925 E QC-QMI  : linux_qmi_qmux_io_wake_unlock: Err in writing wakelock=qmuxd_port_wl_0, error [1:Operation not permitted]
01-03 02:23:00.541   575   925 E QC-QMI  : linux_qmi_qmux_io_wake_lock: Err in writing wakelock=qmuxd_port_wl_0, error [1:Operation not permitted]
01-03 02:23:00.541   575   925 E QC-QMI  : linux_qmi_qmux_io_wake_unlock: Err in writing wakelock=qmuxd_port_wl_0, error [1:Operation not permitted]
01-03 02:23:00.626  8707  8729 W Babel   : bbw TOOK TOO LONG! (15001ms > 10000ms)
01-03 02:23:00.687  8707  8738 W Babel   : bbw TOOK TOO LONG! (15007ms > 10000ms)
01-03 02:23:00.704  8707  8742 W Babel   : bbw TOOK TOO LONG! (15001ms > 10000ms)
01-03 02:23:00.763  3884  4295 W ContentTaskController: Invalid newTask was provided to startTracking.
01-03 02:23:00.768  8707  8767 I Babel_ConcService: Acquired partial wake lock to keep ConcurrentService alive
01-03 02:23:00.769  8707  8767 I Babel_ConcService: Released partial wake lock as ConcurrentService became idle
01-03 02:23:00.910   878  2708 I Telecom : PhoneAccountRegistrar: SimCallManager queried, returning: null: TSI.gSCM@ACs
01-03 02:23:00.969  8707  8707 I Babel_telephony: TeleModule.updateConnectionManagerRegistration, registration preference changed from false to false
01-03 02:23:00.970  8707  8707 W Babel   : BAM#gBA: invalid account id: -1
01-03 02:23:00.970  8707  8707 W Babel   : BAM#gBA: invalid account id: -1
01-03 02:23:00.970  8707  8707 I Babel_telephony: TeleModule.updateIncomingCallRegistration, preferred account for incoming calls changed from: null to null
01-03 02:23:00.993   878  4076 I Telecom : PhoneAccountRegistrar: SimCallManager queried, returning: null: TSI.gSCM@AC0
01-03 02:23:01.041  8707  8775 I Babel   : connection state changed from UNKNOWN to DISCONNECTED
01-03 02:23:02.580   878  1759 I nanohub : osLog: [Activity]  detected still, confidence: 100, votes: 3, motionConfidence: 0
01-03 02:23:06.181  3884  4283 W GCoreFlp: No location to return for getLastLocation()
01-03 02:23:06.181  3884  4290 W FusedLocationProvider: location=null
01-03 02:23:08.227   575   925 E QC-QMI  : linux_qmi_qmux_io_wake_lock: Err in writing wakelock=qmuxd_port_wl_0, error [1:Operation not permitted]
01-03 02:23:08.228   575   925 E QC-QMI  : linux_qmi_qmux_io_wake_unlock: Err in writing wakelock=qmuxd_port_wl_0, error [1:Operation not permitted]
01-03 02:23:15.905   575   925 E QC-QMI  : linux_qmi_qmux_io_wake_lock: Err in writing wakelock=qmuxd_port_wl_0, error [1:Operation not permitted]
01-03 02:23:15.908   575   925 E QC-QMI  : linux_qmi_qmux_io_wake_unlock: Err in writing wakelock=qmuxd_port_wl_0, error [1:Operation not permitted]
01-03 02:23:22.509   575   925 E QC-QMI  : linux_qmi_qmux_io_wake_lock: Err in writing wakelock=qmuxd_port_wl_0, error [1:Operation not permitted]
01-03 02:23:22.509   575   925 E QC-QMI  : linux_qmi_qmux_io_wake_unlock: Err in writing wakelock=qmuxd_port_wl_0, error [1:Operation not permitted]
01-03 02:23:22.510   575   925 E QC-QMI  : linux_qmi_qmux_io_wake_lock: Err in writing wakelock=qmuxd_port_wl_0, error [1:Operation not permitted]
01-03 02:23:22.510   575   925 E QC-QMI  : linux_qmi_qmux_io_wake_unlock: Err in writing wakelock=qmuxd_port_wl_0, error [1:Operation not permitted]
01-03 02:23:22.531  2962  3124 E IPCThreadState: Not sending reply in one-way transaction
01-03 02:23:22.533  2962  3124 I chatty  : uid=1001(radio) HwBinder:2962_1 identical 1 line
01-03 02:23:22.536  2962  3124 E IPCThreadState: Not sending reply in one-way transaction
01-03 02:23:22.537  5718  5718 D QC_RIL_OEM_HOOK: Received Broadcast Intent ACTION_UNSOL_RESPONSE_OEM_HOOK_RAW
01-03 02:23:22.537  5718  5718 D QC_RIL_OEM_HOOK: Oem ID in QCRILHOOK UNSOL RESP is QOEMHOOK
