01-03 01:30:19.104  5718  5718 D QC_RIL_OEM_HOOK: Oem ID in QCRILHOOK UNSOL RESP is QOEMHOOK
01-03 01:30:19.111  5718  5769 I MIPIManagerFlow: checkIfMatchRules:radioIf:5,activeBand:81,activeChannel:612
01-03 01:30:19.112  5718  5769 I MIPIManagerFlow: checkIfMatchRules match key:5,81,NA
01-03 01:30:19.112  5718  5769 I QcRilHookFlow: invoke the qcRilSetMipiFreq method,Mipi:948000000
01-03 01:30:19.112  5718  5769 D QC_RIL_OEM_HOOK: qcRilSetMipiFreq: clkrate : 948000000
01-03 01:30:19.112  5718  5769 V QC_RIL_OEM_HOOK: sendRilOemHookMsgAsync: Outgoing Data is 514f454d484f4f4b142009000400000000558138
01-03 01:30:19.122  5718  5732 D QC_RIL_OEM_HOOK: qcRilSetMipiFreq DONE!
01-03 01:31:14.139  5718  5718 D QC_RIL_OEM_HOOK: Received Broadcast Intent ACTION_UNSOL_RESPONSE_OEM_HOOK_RAW
01-03 01:31:14.139  5718  5718 D QC_RIL_OEM_HOOK: Oem ID in QCRILHOOK UNSOL RESP is QOEMHOOK
01-03 01:31:14.144  5718  5769 I MIPIManagerFlow: checkIfMatchRules:radioIf:5,activeBand:81,activeChannel:587
01-03 01:31:14.144  5718  5769 I MIPIManagerFlow: checkIfMatchRules match key:5,81,NA
01-03 01:31:14.144  5718  5769 I QcRilHookFlow: invoke the qcRilSetMipiFreq method,Mipi:948000000
01-03 01:31:14.145  5718  5769 D QC_RIL_OEM_HOOK: qcRilSetMipiFreq: clkrate : 948000000
01-03 01:31:14.145  5718  5769 V QC_RIL_OEM_HOOK: sendRilOemHookMsgAsync: Outgoing Data is 514f454d484f4f4b142009000400000000558138
01-03 01:31:14.157   575   925 I chatty  : uid=1001(radio) /vendor/bin/qmuxd expire 16 lines
01-03 01:31:14.163  5718  5731 D QC_RIL_OEM_HOOK: qcRilSetMipiFreq DONE!
01-03 01:31:38.136  2962  3124 I chatty  : uid=1001(radio) HwBinder:2962_1 expire 13 lines
01-03 01:31:38.139  5718  5718 D QC_RIL_OEM_HOOK: Received Broadcast Intent ACTION_UNSOL_RESPONSE_OEM_HOOK_RAW
01-03 01:31:38.140  5718  5718 D QC_RIL_OEM_HOOK: Oem ID in QCRILHOOK UNSOL RESP is QOEMHOOK
01-03 01:31:38.151  5718  5769 I MIPIManagerFlow: checkIfMatchRules:radioIf:5,activeBand:81,activeChannel:612
01-03 01:31:38.153  5718  5769 I MIPIManagerFlow: checkIfMatchRules match key:5,81,NA
01-03 01:31:38.153  5718  5769 I QcRilHookFlow: invoke the qcRilSetMipiFreq method,Mipi:948000000
01-03 01:31:38.154  5718  5769 D QC_RIL_OEM_HOOK: qcRilSetMipiFreq: clkrate : 948000000
01-03 01:31:38.154  5718  5769 V QC_RIL_OEM_HOOK: sendRilOemHookMsgAsync: Outgoing Data is 514f454d484f4f4b142009000400000000558138
01-03 01:31:38.163   575   925 I chatty  : uid=1001(radio) /vendor/bin/qmuxd expire 54 lines
01-03 01:31:38.171  5718  5732 D QC_RIL_OEM_HOOK: qcRilSetMipiFreq DONE!
01-03 01:34:19.901   878   893 I UsageStatsService: User[0] Flushing usage stats to disk
01-03 01:34:46.608  5718  5718 D QC_RIL_OEM_HOOK: Received Broadcast Intent ACTION_UNSOL_RESPONSE_OEM_HOOK_RAW
01-03 01:34:46.609  5718  5718 D QC_RIL_OEM_HOOK: Oem ID in QCRILHOOK UNSOL RESP is QOEMHOOK
01-03 01:34:46.614  5718  5769 I MIPIManagerFlow: checkIfMatchRules:radioIf:5,activeBand:81,activeChannel:587
01-03 01:34:46.615  5718  5769 I MIPIManagerFlow: checkIfMatchRules match key:5,81,NA
01-03 01:34:46.615  5718  5769 I QcRilHookFlow: invoke the qcRilSetMipiFreq method,Mipi:948000000
01-03 01:34:46.615  5718  5769 D QC_RIL_OEM_HOOK: qcRilSetMipiFreq: clkrate : 948000000
01-03 01:34:46.615  5718  5769 V QC_RIL_OEM_HOOK: sendRilOemHookMsgAsync: Outgoing Data is 514f454d484f4f4b142009000400000000558138
01-03 01:34:46.624  5718  5732 D QC_RIL_OEM_HOOK: qcRilSetMipiFreq DONE!
01-03 01:34:46.628   575   925 I chatty  : uid=1001(radio) /vendor/bin/qmuxd expire 34 lines
01-03 01:35:05.531  6029  6063 I PlayCommon: [304] com.google.android.play.a.g.e(909): Preparing logs for uploading
01-03 01:35:05.543  6029  6063 W PlayCommon: [304] com.google.android.play.a.g.a(1253): No account for auth token provided
01-03 01:35:05.544  6029  6063 I PlayCommon: [304] com.google.android.play.a.g.a(1049): Connecting to server: https://play.googleapis.com/play/log?format=raw&proto_v2=true
01-03 01:35:05.555  6029  6063 E PlayCommon: [304] com.google.android.play.a.g.a(1060): Failed to connect to server: java.net.UnknownHostException: Unable to resolve host "play.googleapis.com": No address associated with hostname
01-03 01:37:00.676  5718  5718 D QC_RIL_OEM_HOOK: Received Broadcast Intent ACTION_UNSOL_RESPONSE_OEM_HOOK_RAW
01-03 01:37:00.677  5718  5718 D QC_RIL_OEM_HOOK: Oem ID in QCRILHOOK UNSOL RESP is QOEMHOOK
01-03 01:37:00.686  5718  5769 I MIPIManagerFlow: checkIfMatchRules:radioIf:5,activeBand:81,activeChannel:612
01-03 01:37:00.687  5718  5769 I MIPIManagerFlow: checkIfMatchRules match key:5,81,NA
01-03 01:37:00.687  5718  5769 I QcRilHookFlow: invoke the qcRilSetMipiFreq method,Mipi:948000000
01-03 01:37:00.692  5718  5769 D QC_RIL_OEM_HOOK: qcRilSetMipiFreq: clkrate : 948000000
01-03 01:37:00.692  5718  5769 V QC_RIL_OEM_HOOK: sendRilOemHookMsgAsync: Outgoing Data is 514f454d484f4f4b142009000400000000558138
01-03 01:37:00.704   575   925 I chatty  : uid=1001(radio) /vendor/bin/qmuxd expire 46 lines
01-03 01:37:00.709  5718  5731 D QC_RIL_OEM_HOOK: qcRilSetMipiFreq DONE!
01-03 01:40:05.662  6029  6063 I PlayCommon: [304] com.google.android.play.a.g.e(909): Preparing logs for uploading
01-03 01:40:05.674  6029  6063 W PlayCommon: [304] com.google.android.play.a.g.a(1253): No account for auth token provided
01-03 01:40:05.675  6029  6063 I PlayCommon: [304] com.google.android.play.a.g.a(1049): Connecting to server: https://play.googleapis.com/play/log?format=raw&proto_v2=true
01-03 01:40:05.685  6029  6063 E PlayCommon: [304] com.google.android.play.a.g.a(1060): Failed to connect to server: java.net.UnknownHostException: Unable to resolve host "play.googleapis.com": No address associated with hostname
01-03 01:40:08.685   575   925 I chatty  : uid=1001(radio) /vendor/bin/qmuxd expire 12 lines
01-03 01:40:37.029  5718  5718 D QC_RIL_OEM_HOOK: Received Broadcast Intent ACTION_UNSOL_RESPONSE_OEM_HOOK_RAW
01-03 01:40:37.030  5718  5718 D QC_RIL_OEM_HOOK: Oem ID in QCRILHOOK UNSOL RESP is QOEMHOOK
01-03 01:40:37.030  5718  5769 I MIPIManagerFlow: checkIfMatchRules:radioIf:5,activeBand:81,activeChannel:587
01-03 01:40:37.030  5718  5769 I MIPIManagerFlow: checkIfMatchRules match key:5,81,NA
01-03 01:40:37.030  5718  5769 I QcRilHookFlow: invoke the qcRilSetMipiFreq method,Mipi:948000000
01-03 01:40:37.030  5718  5769 D QC_RIL_OEM_HOOK: qcRilSetMipiFreq: clkrate : 948000000
01-03 01:40:37.031  5718  5769 V QC_RIL_OEM_HOOK: sendRilOemHookMsgAsync: Outgoing Data is 514f454d484f4f4b142009000400000000558138
01-03 01:40:37.040  5718  5732 D QC_RIL_OEM_HOOK: qcRilSetMipiFreq DONE!
01-03 01:40:37.042   575   925 I chatty  : uid=1001(radio) /vendor/bin/qmuxd expire 18 lines
01-03 01:42:08.220  5718  5718 D QC_RIL_OEM_HOOK: Received Broadcast Intent ACTION_UNSOL_RESPONSE_OEM_HOOK_RAW
01-03 01:42:08.220  5718  5718 D QC_RIL_OEM_HOOK: Oem ID in QCRILHOOK UNSOL RESP is QOEMHOOK
01-03 01:42:08.223  2962  3124 I chatty  : uid=1001(radio) HwBinder:2962_1 expire 15 lines
01-03 01:42:08.229  5718  5769 I MIPIManagerFlow: checkIfMatchRules:radioIf:5,activeBand:81,activeChannel:612
01-03 01:42:08.229  5718  5769 I MIPIManagerFlow: checkIfMatchRules match key:5,81,NA
01-03 01:42:08.229  5718  5769 I QcRilHookFlow: invoke the qcRilSetMipiFreq method,Mipi:948000000
01-03 01:42:08.230  5718  5769 D QC_RIL_OEM_HOOK: qcRilSetMipiFreq: clkrate : 948000000
01-03 01:42:08.230  5718  5769 V QC_RIL_OEM_HOOK: sendRilOemHookMsgAsync: Outgoing Data is 514f454d484f4f4b142009000400000000558138
01-03 01:42:08.247   575   925 I chatty  : uid=1001(radio) /vendor/bin/qmuxd expire 22 lines
01-03 01:42:08.248  5718  5731 D QC_RIL_OEM_HOOK: qcRilSetMipiFreq DONE!
01-03 01:43:13.577  5718  5718 D QC_RIL_OEM_HOOK: Received Broadcast Intent ACTION_UNSOL_RESPONSE_OEM_HOOK_RAW
01-03 01:43:13.578  5718  5718 D QC_RIL_OEM_HOOK: Oem ID in QCRILHOOK UNSOL RESP is QOEMHOOK
01-03 01:43:13.578  5718  5769 I MIPIManagerFlow: checkIfMatchRules:radioIf:5,activeBand:81,activeChannel:587
01-03 01:43:13.579  5718  5769 I MIPIManagerFlow: checkIfMatchRules match key:5,81,NA
01-03 01:43:13.579  5718  5769 I QcRilHookFlow: invoke the qcRilSetMipiFreq method,Mipi:948000000
01-03 01:43:13.579  5718  5769 D QC_RIL_OEM_HOOK: qcRilSetMipiFreq: clkrate : 948000000
01-03 01:43:13.579  5718  5769 V QC_RIL_OEM_HOOK: sendRilOemHookMsgAsync: Outgoing Data is 514f454d484f4f4b142009000400000000558138
01-03 01:43:13.593  5718  5731 D QC_RIL_OEM_HOOK: qcRilSetMipiFreq DONE!
01-03 01:43:13.596   575   925 I chatty  : uid=1001(radio) /vendor/bin/qmuxd expire 36 lines
01-03 01:44:00.968   878   897 E KernelMemoryBandwidthStats: Failed to read memory bandwidth: /sys/kernel/memory_state_time/show_stat (No such file or directory)
01-03 01:44:23.575  5718  5718 D QC_RIL_OEM_HOOK: Received Broadcast Intent ACTION_UNSOL_RESPONSE_OEM_HOOK_RAW
01-03 01:44:23.575  5718  5718 D QC_RIL_OEM_HOOK: Oem ID in QCRILHOOK UNSOL RESP is QOEMHOOK
01-03 01:44:23.576  5718  5769 I MIPIManagerFlow: checkIfMatchRules:radioIf:5,activeBand:81,activeChannel:612
01-03 01:44:23.576  5718  5769 I MIPIManagerFlow: checkIfMatchRules match key:5,81,NA
01-03 01:44:23.576  5718  5769 I QcRilHookFlow: invoke the qcRilSetMipiFreq method,Mipi:948000000
01-03 01:44:23.577  5718  5769 D QC_RIL_OEM_HOOK: qcRilSetMipiFreq: clkrate : 948000000
01-03 01:44:23.578  5718  5769 V QC_RIL_OEM_HOOK: sendRilOemHookMsgAsync: Outgoing Data is 514f454d484f4f4b142009000400000000558138
01-03 01:44:23.583   575   925 I chatty  : uid=1001(radio) /vendor/bin/qmuxd expire 14 lines
01-03 01:44:23.592  5718  5731 D QC_RIL_OEM_HOOK: qcRilSetMipiFreq DONE!
01-03 01:44:54.306  5718  5718 D QC_RIL_OEM_HOOK: Received Broadcast Intent ACTION_UNSOL_RESPONSE_OEM_HOOK_RAW
01-03 01:44:54.307  5718  5718 D QC_RIL_OEM_HOOK: Oem ID in QCRILHOOK UNSOL RESP is QOEMHOOK
01-03 01:44:54.320   575   925 I chatty  : uid=1001(radio) /vendor/bin/qmuxd expire 12 lines
01-03 01:44:59.805  5718  5718 D QC_RIL_OEM_HOOK: Received Broadcast Intent ACTION_UNSOL_RESPONSE_OEM_HOOK_RAW
01-03 01:44:59.805  5718  5718 D QC_RIL_OEM_HOOK: Oem ID in QCRILHOOK UNSOL RESP is QOEMHOOK
01-03 01:45:00.030   878   894 I ProcessStatsService: Prepared write state in 9ms
01-03 01:45:00.110   878   893 I ProcessStatsService: Pruning old procstats: /data/system/procstats/state-2017-01-02-02-29-00.bin
01-03 01:45:05.792  6029  6063 I PlayCommon: [304] com.google.android.play.a.g.e(909): Preparing logs for uploading
01-03 01:45:05.804  6029  6063 W PlayCommon: [304] com.google.android.play.a.g.a(1253): No account for auth token provided
01-03 01:45:05.805  6029  6063 I PlayCommon: [304] com.google.android.play.a.g.a(1049): Connecting to server: https://play.googleapis.com/play/log?format=raw&proto_v2=true
01-03 01:45:05.818  6029  6063 E PlayCommon: [304] com.google.android.play.a.g.a(1060): Failed to connect to server: java.net.UnknownHostException: Unable to resolve host "play.googleapis.com": No address associated with hostname
01-03 01:45:10.758   575   925 I chatty  : uid=1001(radio) /vendor/bin/qmuxd expire 10 lines
01-03 01:46:00.005   878   878 I ActivityManager: Killing 4593:android.process.acore/u0a0 (adj 904): empty for 1826s
01-03 01:46:00.006   878   878 I ActivityManager: Killing 4753:com.android.providers.calendar/u0a2 (adj 904): empty for 1839s
01-03 01:46:00.010   878   878 I ActivityManager: Killing 6115:com.google.android.gm/u0a87 (adj 904): empty for 1850s
01-03 01:46:00.011   878   878 I ActivityManager: Killing 6081:com.google.android.apps.walletnfcrel/u0a93 (adj 904): empty for 1850s
01-03 01:46:00.012   878   878 I ActivityManager: Killing 4302:com.google.android.music:main/u0a81 (adj 906): empty for 1850s
01-03 01:46:00.102   878  4079 E AudioService.PlaybackActivityMonitor: Invalid operation: unknown player 39
01-03 01:46:00.102   878  4076 D ActivityManager: cleanUpApplicationRecord -- 4302
01-03 01:46:00.102   878  4079 E AudioService.PlaybackActivityMonitor: Error releasing player 39
01-03 01:46:00.132   878   891 D ActivityManager: cleanUpApplicationRecord -- 4593
01-03 01:46:00.140   878  4081 D ActivityManager: cleanUpApplicationRecord -- 6081
01-03 01:46:00.144   878  4076 D ActivityManager: cleanUpApplicationRecord -- 6115
01-03 01:46:00.151   878   891 D ActivityManager: cleanUpApplicationRecord -- 4753
01-03 01:46:04.526   575   925 I chatty  : uid=1001(radio) /vendor/bin/qmuxd expire 10 lines
01-03 01:46:11.672  7233  7233 D AndroidRuntime: >>>>>> START com.android.internal.os.RuntimeInit uid 0 <<<<<<
01-03 01:46:11.672  7240  7240 D AndroidRuntime: >>>>>> START com.android.internal.os.RuntimeInit uid 0 <<<<<<
01-03 01:46:11.686  7233  7233 D AndroidRuntime: CheckJNI is OFF
01-03 01:46:11.686  7240  7240 D AndroidRuntime: CheckJNI is OFF
01-03 01:46:11.924  7233  7233 D ICU     : No timezone override file found: /data/misc/zoneinfo/current/icu/icu_tzdata.dat
01-03 01:46:11.924  7240  7240 D ICU     : No timezone override file found: /data/misc/zoneinfo/current/icu/icu_tzdata.dat
01-03 01:46:12.137  7240  7240 I Radio-JNI: register_android_hardware_Radio DONE
01-03 01:46:12.137  7233  7233 I Radio-JNI: register_android_hardware_Radio DONE
01-03 01:46:12.159  7240  7240 D AndroidRuntime: Calling main entry com.android.commands.pm.Pm
01-03 01:46:12.159  7233  7233 D AndroidRuntime: Calling main entry com.android.commands.wm.Wm
01-03 01:46:12.174  7233  7233 D AndroidRuntime: Shutting down VM
01-03 01:46:12.509   878  4001 W zygote64: Long monitor contention with owner PackageInstaller (1561) at java.lang.String[] java.io.UnixFileSystem.list0(java.io.File)(UnixFileSystem.java:-2) waiters=0 in android.content.pm.PackageInstaller$SessionInfo com.android.server.pm.PackageInstallerSession.generateInfo() for 172ms
01-03 01:46:12.518   582   582 W Zygote  : runOnce, args = --runtime-args,--setuid=10009,--setgid=10009,--generate-debug-info,--mount-external-default,--target-sdk-version=10000,--setgroups=50009,20009,9997,2001,1023,1015,--nice-name=com.android.defcontainer,--seinfo=platform:privapp,--instruction-set=arm64,--app-data-dir=/data/user_de/0/com.android.defcontainer,android.app.ActivityThread
01-03 01:46:12.536   878   909 I ActivityManager: Start proc 7260:com.android.defcontainer/u0a9 for service com.android.defcontainer/.DefaultContainerService
01-03 01:46:12.546  7260  7260 E zygote64: Could not create perf file at /data/misc/trace/perf-7260.map Are you on a user build? Perf only works on userdebug/eng builds
01-03 01:46:12.546  7260  7260 E zygote64: Could not create jit dump file at /data/misc/trace/jit-7260.dump Are you on a user build? Perf only works on userdebug/eng builds
01-03 01:46:12.705  7260  7267 E zygote64: Failed sending reply to debugger: Broken pipe
01-03 01:46:12.705  7260  7267 I zygote64: Debugger is no longer active
01-03 01:46:12.705  7260  7267 I zygote64: Waiting for a blocking GC Instrumentation
01-03 01:46:12.708  7260  7267 I zygote64: Starting a blocking GC Instrumentation
01-03 01:46:12.873  7260  7274 D libEGL  : loaded /vendor/lib64/egl/libEGL_adreno.so
01-03 01:46:13.112  7260  7274 D libEGL  : loaded /vendor/lib64/egl/libGLESv1_CM_adreno.so
01-03 01:46:13.181  6029  6029 I Finsky  : [1] com.google.android.vending.verifier.PackageVerificationReceiver.onReceive(1101): Skipping verification. Disabled by user setting
01-03 01:46:13.181  7260  7274 D libEGL  : loaded /vendor/lib64/egl/libGLESv2_adreno.so
01-03 01:46:13.198   878   909 I PackageManager.DexOptimizer: Running dexopt (dexoptNeeded=1) on: /data/app/vmdl1718185765.tmp/base.apk pkg=com.example.sudogame isa=arm dexoptFlags=boot_complete,debuggable,public target-filter=interpret-only oatDir=/data/app/vmdl1718185765.tmp/oat sharedLibraries=null
01-03 01:46:13.251  7276  7276 I dex2oat : /system/bin/dex2oat --input-vdex-fd=-1 --output-vdex-fd=15 --compiler-filter=interpret-only -j4 --generate-debug-info --debuggable
01-03 01:46:13.877  7276  7276 I dex2oat : dex2oat took 630.280ms (1.066s cpu) (threads: 4) arena alloc=4KB (4536B) java alloc=4MB (4337872B) native alloc=2MB (2134304B) free=2MB (3108576B)
01-03 01:46:13.904   878   894 I ActivityManager: Force stopping com.example.sudogame appid=10098 user=-1: installPackageLI
01-03 01:46:13.904   878   894 I ActivityManager: Killing 6772:com.example.sudogame/u0a98 (adj 0): stop com.example.sudogame
01-03 01:46:13.905   878   894 D ActivityManager: cleanUpApplicationRecord -- 6772
01-03 01:46:13.906   878   894 W ActivityManager: Force removing ActivityRecord{8393866 u0 com.example.sudogame/.MainActivity t27}: app died, no saved state
01-03 01:46:13.944   429   562 E SurfaceFlinger: Failed to find layer (com.example.sudogame/com.example.sudogame.MainActivity) in layer parent (no-parent).
01-03 01:46:13.946   878   902 E JavaBinder: !!! FAILED BINDER TRANSACTION !!!  (parcel size = 60)
01-03 01:46:13.948   878  4077 D GraphicsStats: Buffer count: 3
01-03 01:46:13.959   878  2590 W OpenGLRenderer: Warning: attempt to read pixels from hardware bitmap, which is very slow operation
01-03 01:46:13.959   878  3054 I OpenGLRenderer: Initialized EGL, version 1.4
01-03 01:46:13.959   878  3054 D OpenGLRenderer: Swap behavior 2
01-03 01:46:13.997   878   909 I PackageManager: Package com.example.sudogame codePath changed from /data/app/com.example.sudogame-K0nbyQV6taD-okU3aONNrA== to /data/app/com.example.sudogame-Y_sSPBKX27D0cHue8zZgOQ==; Retaining data and using new
01-03 01:46:13.998   878   909 W PackageManager: Code path for com.example.sudogame changing from /data/app/com.example.sudogame-K0nbyQV6taD-okU3aONNrA== to /data/app/com.example.sudogame-Y_sSPBKX27D0cHue8zZgOQ==
01-03 01:46:13.998   878   909 W PackageManager: Resource path for com.example.sudogame changing from /data/app/com.example.sudogame-K0nbyQV6taD-okU3aONNrA== to /data/app/com.example.sudogame-Y_sSPBKX27D0cHue8zZgOQ==
01-03 01:46:14.127   878  4076 W zygote64: Long monitor contention with owner PackageManager (909) at void com.android.server.pm.PackageManagerService.updateSettingsInternalLI(android.content.pm.PackageParser$Package, java.lang.String, int[], int[], com.android.server.pm.PackageManagerService$PackageInstalledInfo, android.os.UserHandle, int)(PackageManagerService.java:16336) waiters=1 in int com.android.server.pm.PackageManagerService.checkUidPermission(java.lang.String, int) for 119ms
01-03 01:46:14.145   878   909 I zygote64: Starting a blocking GC Explicit
01-03 01:46:14.163   878  1889 D skia    : --- SkAndroidCodec::NewFromStream returned null
01-03 01:46:14.163   878  1889 W WindowManager: Failed to load bitmap: /data/system_ce/0/snapshots/27.png
01-03 01:46:14.220   429   429 E         : ConsumerFrameEventHistory::addRelease: Did not find frame.
01-03 01:46:14.297   878   909 I zygote64: Explicit concurrent copying GC freed 54256(20MB) AllocSpace objects, 10(224KB) LOS objects, 42% free, 24MB/42MB, paused 527us total 151.948ms
01-03 01:46:14.310   589  1068 E installd: Failed to unlink /data/dalvik-cache/arm/data@app@com.example.sudogame-K0nbyQV6taD-okU3aONNrA==@base.apk@classes.dex: No such file or directory
01-03 01:46:14.314   589  1020 E         : Couldn't opendir /data/app/vmdl1718185765.tmp: No such file or directory
01-03 01:46:14.314   589  1020 E installd: Failed to delete /data/app/vmdl1718185765.tmp: No such file or directory
01-03 01:46:14.315   878   909 I ActivityManager: Force stopping com.example.sudogame appid=10098 user=0: pkg removed
01-03 01:46:14.325  7240  7240 I app_process: System.exit called, status: 0
01-03 01:46:14.326  2593  2593 D Avrcp   : AvrcpServiceBroadcastReceiver-> Action: android.intent.action.PACKAGE_REMOVED
01-03 01:46:14.326  7240  7240 I AndroidRuntime: VM exiting with result code 0.
01-03 01:46:14.326   582   582 W Zygote  : runOnce, args = --runtime-args,--setuid=1000,--setgid=1000,--generate-debug-info,--mount-external-default,--target-sdk-version=10000,--setgroups=41000,11000,9997,3002,1023,1015,3003,3001,--nice-name=com.android.keychain,--seinfo=platform,--instruction-set=arm64,--app-data-dir=/data/user/0/com.android.keychain,android.app.ActivityThread
01-03 01:46:14.328   582  7264 I zygote64: Starting a blocking GC HeapTrim
01-03 01:46:14.335  2593  2593 D BluetoothMapAppObserver: onReceive
01-03 01:46:14.335  2593  2593 D BluetoothMapAppObserver: The removed package is: com.example.sudogame
01-03 01:46:14.337   878  2044 I InputReader: Reconfiguring input devices.  changes=0x00000010
01-03 01:46:14.351  7283  7283 E zygote64: Could not create perf file at /data/misc/trace/perf-7283.map Are you on a user build? Perf only works on userdebug/eng builds
01-03 01:46:14.351  7283  7283 E zygote64: Could not create jit dump file at /data/misc/trace/jit-7283.dump Are you on a user build? Perf only works on userdebug/eng builds
01-03 01:46:14.355   878   894 I ActivityManager: Start proc 7283:com.android.keychain/1000 for broadcast com.android.keychain/.KeyChainBroadcastReceiver
01-03 01:46:14.358   878  2044 I InputReader: Reconfiguring input devices.  changes=0x00000010
01-03 01:46:14.360  2593  2593 D Avrcp   : AvrcpServiceBroadcastReceiver-> Action: android.intent.action.PACKAGE_ADDED
01-03 01:46:14.360  2593  2593 D Avrcp   : AvrcpServiceBroadcastReceiver-> packageName: com.example.sudogame
01-03 01:46:14.360  2593  2593 D Avrcp   : packageName: com.example.sudogame removed: false
01-03 01:46:14.361  2593  2593 D Avrcp   : isBrowsableListUpdated: browsable list size mismatch, true
01-03 01:46:14.367  2593  2593 D Avrcp   : Trying to connect to com.google.android.music.browse.MediaBrowserService
01-03 01:46:14.399   582   582 W Zygote  : runOnce, args = --runtime-args,--setuid=10081,--setgid=10081,--generate-debug-info,--mount-external-write,--target-sdk-version=25,--setgroups=50081,20081,9997,3002,3003,--nice-name=com.google.android.music:main,--seinfo=default,--app-data-dir=/data/user/0/com.google.android.music,android.app.ActivityThread
01-03 01:46:14.399   582  7287 I zygote64: Starting a blocking GC HeapTrim
01-03 01:46:14.404   878  2044 I InputReader: Reconfiguring input devices.  changes=0x00000010
01-03 01:46:14.412   878  4077 I ActivityManager: Start proc 7291:com.google.android.music:main/u0a81 for service com.google.android.music/.browse.MediaBrowserService
01-03 01:46:14.415  7291  7291 E zygote64: Could not create perf file at /data/misc/trace/perf-7291.map Are you on a user build? Perf only works on userdebug/eng builds
01-03 01:46:14.415  7291  7291 E zygote64: Could not create jit dump file at /data/misc/trace/jit-7291.dump Are you on a user build? Perf only works on userdebug/eng builds
01-03 01:46:14.422  2593  2593 D BluetoothMapAppObserver: onReceive
01-03 01:46:14.422  2593  2593 D BluetoothMapAppObserver: The installed package is: com.example.sudogame
01-03 01:46:14.422  2593  2593 D BluetoothMapAppObserver: Found 0 application(s) with intent android.bluetooth.action.BLUETOOTH_MAP_PROVIDER
01-03 01:46:14.423  2593  2593 D BluetoothMapAppObserver: Found 0 application(s) with intent android.bluetooth.action.BLUETOOTH_MAP_IM_PROVIDER
01-03 01:46:14.432  7289  7289 I dumpsys : getTransportForFrameworkPackages: android.hidl.manager@1.0::IServiceManager declares transport method hwbinder
01-03 01:46:14.452   878   878 I Telecom : DefaultDialerCache: Refreshing default dialer for user 0: now com.google.android.dialer: DDC.oR@ACo
01-03 01:46:14.468  2962  2962 I chatty  : uid=1001(radio) com.android.phone expire 5 lines
01-03 01:46:14.481  3934  3934 D RegisteredNfcFServicesCache: Service unchanged, not updating
01-03 01:46:14.490   582   582 W Zygote  : runOnce, args = --runtime-args,--setuid=10089,--setgid=10089,--generate-debug-info,--mount-external-default,--target-sdk-version=10000,--setgroups=50089,20089,9997,--nice-name=com.android.printspooler,--seinfo=default,--instruction-set=arm64,--app-data-dir=/data/user/0/com.android.printspooler,android.app.ActivityThread
01-03 01:46:14.491   582  7295 I zygote64: Starting a blocking GC HeapTrim
01-03 01:46:14.501  7283  7283 W System  : ClassLoader referenced unknown path: /system/app/KeyChain/lib/arm64
01-03 01:46:14.506  7308  7308 E zygote64: Could not create perf file at /data/misc/trace/perf-7308.map Are you on a user build? Perf only works on userdebug/eng builds
01-03 01:46:14.506  7308  7308 E zygote64: Could not create jit dump file at /data/misc/trace/jit-7308.dump Are you on a user build? Perf only works on userdebug/eng builds
01-03 01:46:14.508   878   893 I ActivityManager: Start proc 7308:com.android.printspooler/u0a89 for service com.android.printspooler/.model.PrintSpoolerService
01-03 01:46:14.524  7283  7283 W ContextImpl: Calling a method in the system process without a qualified user: android.app.ContextImpl.startService:1395 android.content.ContextWrapper.startService:623 android.content.ContextWrapper.startService:623 com.android.keychain.KeyChainBroadcastReceiver.onReceive:12 android.app.ActivityThread.handleReceiver:3152 
01-03 01:46:14.529  7291  7315 E zygote64: Failed sending reply to debugger: Broken pipe
01-03 01:46:14.529  7291  7315 I zygote64: Debugger is no longer active
01-03 01:46:14.529  7291  7315 I zygote64: Starting a blocking GC Instrumentation
01-03 01:46:14.541   582   582 W Zygote  : runOnce, args = --runtime-args,--setuid=10000,--setgid=10000,--generate-debug-info,--mount-external-default,--target-sdk-version=10000,--setgroups=50000,20000,9997,--nice-name=android.process.acore,--seinfo=default:privapp,--app-data-dir=/data/user/0/com.android.providers.contacts,android.app.ActivityThread
01-03 01:46:14.542   582  7313 I zygote64: Starting a blocking GC HeapTrim
01-03 01:46:14.544  7291  7291 W System  : ClassLoader referenced unknown path: /system/app/Music2/lib/arm64
01-03 01:46:14.546  7283  7320 D libEGL  : loaded /vendor/lib64/egl/libEGL_adreno.so
01-03 01:46:14.553   878   890 I ActivityManager: Start proc 7325:android.process.acore/u0a0 for broadcast com.android.providers.contacts/.PackageIntentReceiver
01-03 01:46:14.562  7325  7325 E zygote64: Could not create perf file at /data/misc/trace/perf-7325.map Are you on a user build? Perf only works on userdebug/eng builds
01-03 01:46:14.562  7325  7325 E zygote64: Could not create jit dump file at /data/misc/trace/jit-7325.dump Are you on a user build? Perf only works on userdebug/eng builds
01-03 01:46:14.568  7291  7330 D libEGL  : loaded /vendor/lib64/egl/libEGL_adreno.so
01-03 01:46:14.571  7291  7291 I MultiDex: VM with version 2.1.0 has multidex support
01-03 01:46:14.571  7291  7291 I MultiDex: install
01-03 01:46:14.571  7291  7291 I MultiDex: VM has multidex support, MultiDex support library is disabled.
01-03 01:46:14.585  7283  7320 D libEGL  : loaded /vendor/lib64/egl/libGLESv1_CM_adreno.so
01-03 01:46:14.597  7291  7330 D libEGL  : loaded /vendor/lib64/egl/libGLESv1_CM_adreno.so
01-03 01:46:14.637   878  4081 I ActivityManager: START u0 {act=android.intent.action.MAIN cat=[android.intent.category.LAUNCHER] flg=0x10000000 cmp=com.example.sudogame/.MainActivity} from uid 0
01-03 01:46:14.643  7291  7330 D libEGL  : loaded /vendor/lib64/egl/libGLESv2_adreno.so
01-03 01:46:14.649  7291  7291 I BaseStore: ConfigStore database version: 1
01-03 01:46:14.649  7308  7353 D libEGL  : loaded /vendor/lib64/egl/libEGL_adreno.so
01-03 01:46:14.654   583   583 W Zygote  : runOnce, args = --runtime-args,--setuid=10098,--setgid=10098,--enable-jdwp,--enable-checkjni,--generate-debug-info,--mount-external-default,--target-sdk-version=23,--setgroups=50098,20098,9997,--nice-name=com.example.sudogame,--seinfo=default,--instruction-set=arm,--app-data-dir=/data/user/0/com.example.sudogame,android.app.ActivityThread
01-03 01:46:14.665  7308  7353 D libEGL  : loaded /vendor/lib64/egl/libGLESv1_CM_adreno.so
01-03 01:46:14.668   878  4077 I ActivityManager: Start proc 7354:com.example.sudogame/u0a98 for activity com.example.sudogame/.MainActivity
01-03 01:46:14.670  7283  7320 D libEGL  : loaded /vendor/lib64/egl/libGLESv2_adreno.so
01-03 01:46:14.673  7354  7354 E zygote  : EnableDebugFeatures: debug_flags = 23
01-03 01:46:14.673  7354  7354 I zygote  : Late-enabling -Xcheck:jni
01-03 01:46:14.674  7354  7354 E zygote  : Could not create perf file at /data/misc/trace/perf-7354.map Are you on a user build? Perf only works on userdebug/eng builds
01-03 01:46:14.674  7354  7354 E zygote  : Could not create jit dump file at /data/misc/trace/jit-7354.dump Are you on a user build? Perf only works on userdebug/eng builds
01-03 01:46:14.712  7308  7353 D libEGL  : loaded /vendor/lib64/egl/libGLESv2_adreno.so
01-03 01:46:14.722   429   429 E         : ConsumerFrameEventHistory::addRelease: Did not find frame.
01-03 01:46:14.797  7291  7291 D NetworkSecurityConfig: No Network Security Config specified, using platform default
01-03 01:46:14.798  7291  7291 I GHttpClientFactory: Using the common GoogleHttpClient
01-03 01:46:14.801  7325  7325 W System  : ClassLoader referenced unknown path: /system/priv-app/ContactsProvider/lib/arm64
01-03 01:46:14.805  7291  7291 I BaseStore: Store database version: 139
01-03 01:46:14.831  7354  7377 V ActivityThread: SCHEDULE 138 SET_CORE_SETTINGS: 0 / Bundle[mParcelledData.dataSize=196]
01-03 01:46:14.831  7354  7377 V ActivityThread: SCHEDULE 110 BIND_APPLICATION: 0 / AppBindData{appInfo=ApplicationInfo{6078c06 com.example.sudogame}}
01-03 01:46:14.833  7325  7381 D libEGL  : loaded /vendor/lib64/egl/libEGL_adreno.so
01-03 01:46:14.835  7354  7377 V ActivityThread: SCHEDULE 100 LAUNCH_ACTIVITY: 0 / ActivityRecord{84a2c7 token=android.os.BinderProxy@efc20f4 {com.example.sudogame/com.example.sudogame.MainActivity}}
01-03 01:46:14.840  7354  7354 V ActivityThread: >>> handling: SET_CORE_SETTINGS
01-03 01:46:14.841  7354  7354 V ActivityThread: <<< done: SET_CORE_SETTINGS
01-03 01:46:14.841  7354  7354 V ActivityThread: >>> handling: BIND_APPLICATION
01-03 01:46:14.847  7354  7354 V ActivityThread: Loading code package com.example.sudogame (in com.example.sudogame)
01-03 01:46:14.851  7354  7354 V ApplicationLoaders: createPathClassLoader, zip = /data/app/com.example.sudogame-Y_sSPBKX27D0cHue8zZgOQ==/base.apk, libSearchPath = /data/app/com.example.sudogame-Y_sSPBKX27D0cHue8zZgOQ==/lib/arm:/system/fake-libs:/data/app/com.example.sudogame-Y_sSPBKX27D0cHue8zZgOQ==/base.apk!/lib/armeabi-v7a
01-03 01:46:14.851  7325  7381 D libEGL  : loaded /vendor/lib64/egl/libGLESv1_CM_adreno.so
01-03 01:46:14.852  7354  7354 E zygote  : OatFileManager::OpenDexFilesFromOat, dex /data/app/com.example.sudogame-Y_sSPBKX27D0cHue8zZgOQ==/base.apk, oat null
01-03 01:46:14.866  7354  7354 V ActivityThread: <<< done: BIND_APPLICATION
01-03 01:46:14.866  7354  7354 V ActivityThread: >>> handling: LAUNCH_ACTIVITY
01-03 01:46:14.869  7354  7383 D libEGL  : loaded /vendor/lib/egl/libEGL_adreno.so
01-03 01:46:14.896  7354  7354 D AndroidRuntime: Shutting down VM
01-03 01:46:14.903  7354  7383 D libEGL  : loaded /vendor/lib/egl/libGLESv1_CM_adreno.so
--------- beginning of crash
01-03 01:46:14.907  7354  7354 E AndroidRuntime: FATAL EXCEPTION: main
01-03 01:46:14.907  7354  7354 E AndroidRuntime: Process: com.example.sudogame, PID: 7354
01-03 01:46:14.907  7354  7354 E AndroidRuntime: java.lang.UnsatisfiedLinkError: dalvik.system.PathClassLoader[DexPathList[[zip file "/data/app/com.example.sudogame-Y_sSPBKX27D0cHue8zZgOQ==/base.apk"],nativeLibraryDirectories=[/data/app/com.example.sudogame-Y_sSPBKX27D0cHue8zZgOQ==/lib/arm, /system/fake-libs, /data/app/com.example.sudogame-Y_sSPBKX27D0cHue8zZgOQ==/base.apk!/lib/armeabi-v7a, /system/lib, /vendor/lib]]] couldn't find "libsimpleperf_inplace_sampler.so"
01-03 01:46:14.907  7354  7354 E AndroidRuntime: 	at java.lang.Runtime.loadLibrary0(Runtime.java:1007)
01-03 01:46:14.907  7354  7354 E AndroidRuntime: 	at java.lang.System.loadLibrary(System.java:1671)
01-03 01:46:14.907  7354  7354 E AndroidRuntime: 	at com.example.sudogame.MainActivity.<clinit>(MainActivity.java:15)
01-03 01:46:14.907  7354  7354 E AndroidRuntime: 	at java.lang.Class.newInstance(Native Method)
01-03 01:46:14.907  7354  7354 E AndroidRuntime: 	at android.app.Instrumentation.newActivity(Instrumentation.java:1155)
01-03 01:46:14.907  7354  7354 E AndroidRuntime: 	at android.app.ActivityThread.performLaunchActivity(ActivityThread.java:2624)
01-03 01:46:14.907  7354  7354 E AndroidRuntime: 	at android.app.ActivityThread.handleLaunchActivity(ActivityThread.java:2791)
01-03 01:46:14.907  7354  7354 E AndroidRuntime: 	at android.app.ActivityThread.-wrap11(ActivityThread.java)
01-03 01:46:14.907  7354  7354 E AndroidRuntime: 	at android.app.ActivityThread$H.handleMessage(ActivityThread.java:1529)
01-03 01:46:14.907  7354  7354 E AndroidRuntime: 	at android.os.Handler.dispatchMessage(Handler.java:102)
01-03 01:46:14.907  7354  7354 E AndroidRuntime: 	at android.os.Looper.loop(Looper.java:154)
01-03 01:46:14.907  7354  7354 E AndroidRuntime: 	at android.app.ActivityThread.main(ActivityThread.java:6328)
01-03 01:46:14.907  7354  7354 E AndroidRuntime: 	at java.lang.reflect.Method.invoke(Native Method)
01-03 01:46:14.907  7354  7354 E AndroidRuntime: 	at com.android.internal.os.Zygote$MethodAndArgsCaller.run(Zygote.java:228)
01-03 01:46:14.907  7354  7354 E AndroidRuntime: 	at com.android.internal.os.ZygoteInit.main(ZygoteInit.java:730)
01-03 01:46:14.913  7325  7381 D libEGL  : loaded /vendor/lib64/egl/libGLESv2_adreno.so
01-03 01:46:14.916   878   890 W ActivityManager:   Force finishing activity com.example.sudogame/.MainActivity
01-03 01:46:14.918  7354  7379 V ActivityThread: SCHEDULE PAUSE_ACTIVITY_FINISHING arg1=0 arg2=0seq= 0
01-03 01:46:14.953  7354  7383 D libEGL  : loaded /vendor/lib/egl/libGLESv2_adreno.so
01-03 01:46:14.971  7291  7291 D MusicLifecycle: com.google.android.music.MusicApplication generated event: Application created
01-03 01:46:14.996  7291  7291 W System  : ClassLoader referenced unknown path: /system/priv-app/PrebuiltGmsCore/lib/arm64
01-03 01:46:14.998  7291  7291 D ApplicationLoaders: ignored Vulkan layer search path /system/priv-app/PrebuiltGmsCore/lib/arm64:/system/fake-libs64:/system/priv-app/PrebuiltGmsCore/PrebuiltGmsCore.apk!/lib/arm64-v8a:/system/lib64:/vendor/lib64 for namespace 0x72852a40f0
01-03 01:46:15.011  7291  7291 W linker  : "/system/priv-app/PrebuiltGmsCore/PrebuiltGmsCore.apk!/lib/arm64-v8a/libgmscore.so" unused DT entry: type 0x7ffffffd arg 0x885
01-03 01:46:15.017  7291  7291 W linker  : "/system/priv-app/PrebuiltGmsCore/PrebuiltGmsCore.apk!/lib/arm64-v8a/libconscrypt_gmscore_jni.so" unused DT entry: type 0x7ffffffd arg 0x169
01-03 01:46:15.017  7291  7291 V JNIHelp : Registering com/google/android/gms/org/conscrypt/NativeCrypto's 239 native methods...
01-03 01:46:15.033  7291  7291 I ProviderInstaller: Installed default security provider GmsCore_OpenSSL
01-03 01:46:15.033  7291  7291 D AndroidMusic: GMSCore installation verified
01-03 01:46:15.063  7291  7291 V MediaRouter: Adding route: RouteInfo{ name=Phone, description=null, status=null, category=RouteCategory{ name=System types=ROUTE_TYPE_LIVE_AUDIO ROUTE_TYPE_LIVE_VIDEO  groupable=false }, supportedTypes=ROUTE_TYPE_LIVE_AUDIO ROUTE_TYPE_LIVE_VIDEO , presentationDisplay=null }
01-03 01:46:15.065  7325  7325 I ContactsPerf: VoicemailContentProvider.onCreate start
01-03 01:46:15.067  7291  7291 V MediaRouter: Updating audio routes: AudioRoutesInfo{ type=SPEAKER }
01-03 01:46:15.069  7291  7291 V MediaRouter: Selecting route: RouteInfo{ name=Phone, description=null, status=null, category=RouteCategory{ name=System types=ROUTE_TYPE_LIVE_AUDIO ROUTE_TYPE_LIVE_VIDEO  groupable=false }, supportedTypes=ROUTE_TYPE_LIVE_AUDIO ROUTE_TYPE_LIVE_VIDEO , presentationDisplay=null }
01-03 01:46:15.073  7291  7291 I MediaRouter: Found default route: MediaRouter.RouteInfo{ uniqueId=android/.support.v7.media.SystemMediaRouteProvider:DEFAULT_ROUTE, name=Phone, description=null, iconUri=null, enabled=true, connecting=false, connectionState=0, canDisconnect=false, playbackType=0, playbackStream=3, deviceType=0, volumeHandling=1, volume=11, volumeMax=15, presentationDisplayId=-1, extras=null, settingsIntent=null, providerPackageName=android }
01-03 01:46:15.076  7325  7325 I ContactsPerf: VoicemailContentProvider.onCreate finish
01-03 01:46:15.091   429   429 E         : ConsumerFrameEventHistory::addRelease: Did not find frame.
01-03 01:46:15.092  7325  7325 W System  : ClassLoader referenced unknown path: /system/priv-app/BlockedNumberProvider/lib/arm64
01-03 01:46:15.094  7325  7325 D ApplicationLoaders: ignored Vulkan layer search path /system/priv-app/BlockedNumberProvider/lib/arm64:/system/lib64:/vendor/lib64 for namespace 0x72850320f0
01-03 01:46:15.105  7291  7291 I MusicExperimentManager: Received config change, experiments list is null
01-03 01:46:15.105  7291  7291 W MusicExperimentManager: Parsing error while updating analysis experiments
01-03 01:46:15.108  7325  7325 W System  : ClassLoader referenced unknown path: /system/app/UserDictionaryProvider/lib/arm64
01-03 01:46:15.110  7325  7325 D ApplicationLoaders: ignored Vulkan layer search path /system/app/UserDictionaryProvider/lib/arm64:/system/lib64:/vendor/lib64 for namespace 0x7285032160
01-03 01:46:15.115  7291  7291 W InstanceID/Rpc: Found 10017
01-03 01:46:15.119  7291  7291 D MusicLifecycle: com.google.android.music.browse.MediaBrowserService generated event: Service created
01-03 01:46:15.141  2593  3397 V Avrcp   : received onActiveSessionsChanged
01-03 01:46:15.142  2593  3397 D Avrcp   : Current MediaPlayer List Empty.= true
01-03 01:46:15.142  2593  3397 D Avrcp   : players list is not empty, but local player list is empty
01-03 01:46:15.142  2593  3397 D Avrcp   : isAvailablePlayersChanged: true
01-03 01:46:15.144  2593  3397 V Avrcp   : initMediaPlayerInfoList: 0 controllers
01-03 01:46:15.144  2593  3397 D Avrcp   : prepareMediaPlayerRspObj: numPlayers = 0
01-03 01:46:15.144  2593  3397 I Avrcp   : No players available in the media players list
01-03 01:46:15.144  2593  3397 E Avrcp   : Opening player to support AVRCP operations failed, No browsable players available!
01-03 01:46:15.144  2593  3397 D Avrcp   : sendAvailablePlayersChanged
01-03 01:46:15.144  2593  3397 E bt_btif : register_notification_rsp: Avrcp device is not connected, handle: 0x0
01-03 01:46:15.150  7291  7291 D MusicLifecycle: com.google.android.music.preferences.MusicPreferenceService$MusicPreferenceServiceBinder generated event: Service created
01-03 01:46:15.149  6029  6029 W Finsky  : [1] com.google.android.finsky.application.FinskyAppImpl.V(1772): No account configured on this device.
01-03 01:46:15.154  6029  6029 W Finsky  : [1] com.google.android.finsky.application.FinskyAppImpl.V(1772): No account configured on this device.
01-03 01:46:15.159  7291  7291 D MusicLifecycle: com.google.android.music.download.cache.StorageMigrationService generated event: Service created
01-03 01:46:15.164  7291  7291 D MusicLifecycle: com.google.android.music.download.artwork.ArtDownloadService generated event: Service created
01-03 01:46:15.165  7291  7291 V MediaRouter: Selecting route: RouteInfo{ name=Phone, description=null, status=null, category=RouteCategory{ name=System types=ROUTE_TYPE_LIVE_AUDIO ROUTE_TYPE_LIVE_VIDEO  groupable=false }, supportedTypes=ROUTE_TYPE_LIVE_AUDIO ROUTE_TYPE_LIVE_VIDEO , presentationDisplay=null }
01-03 01:46:15.168  7291  7291 D MusicLifecycle: com.google.android.music.playback.MusicPlaybackService generated event: Service created
01-03 01:46:15.182   582   582 W Zygote  : runOnce, args = --runtime-args,--setuid=10060,--setgid=10060,--generate-debug-info,--mount-external-default,--target-sdk-version=24,--setgroups=50060,20060,9997,3003,--nice-name=com.google.android.apps.docs,--seinfo=default,--instruction-set=arm64,--app-data-dir=/data/user/0/com.google.android.apps.docs,android.app.ActivityThread
01-03 01:46:15.183   582  7329 I zygote64: Starting a blocking GC HeapTrim
01-03 01:46:15.196   878  2635 I ActivityManager: Start proc 7410:com.google.android.apps.docs/u0a60 for broadcast com.google.android.apps.docs/.receivers.AppPackageAddRemoveReceiver
01-03 01:46:15.199  7410  7410 E zygote64: Could not create perf file at /data/misc/trace/perf-7410.map Are you on a user build? Perf only works on userdebug/eng builds
01-03 01:46:15.199  7410  7410 E zygote64: Could not create jit dump file at /data/misc/trace/jit-7410.dump Are you on a user build? Perf only works on userdebug/eng builds
01-03 01:46:15.216  7291  7291 I DevicePlayback: Streaming client created.
01-03 01:46:15.228  7291  7291 D DevicePlayback: clearOrphanedFiles
01-03 01:46:15.254  7291  7352 D SystemUtils: getSystemProperty: lpa.decode=null
01-03 01:46:15.260  7291  7352 D DevicePlayback: expireWoodstockTracks
01-03 01:46:15.265  7325  7399 D ContactsDatabaseHelper: WAL enabled for contacts2.db: true
01-03 01:46:15.285  7291  7291 D MusicPlaybackService: Playback service created
01-03 01:46:15.303  7291  7291 I MusicPlaybackService: onStartCommand null / null
01-03 01:46:15.326  7291  7352 D DevicePlayback: Current route null, CQ mode: false
01-03 01:46:15.348  7291  7291 W WhitelistManager: No match. SHA1 for com.android.bluetooth
01-03 01:46:15.365  7325  7399 I ContactLocale: AddressBook Labels [[en_US]]: [, A, B, C, D, E, F, G, H, I, J, K, L, M, N, O, P, Q, R, S, T, U, V, W, X, Y, Z, , , , , , , , , , , , , , , , , , , , , , , , , , , , , , , , , , , , , , , , , , , , , , , , , , , , , , , , , , , , , , , , , , , , , , , , , , , , , , , , , , , , , , , , , , , , , , , , , , , , , , , , , , , , , , , , , , , , , , , , , , , , , , , , , , , , , , , , , , , , , , , , , , , , , , , , , , , , , , , , , , , , , , , , , , , , , , , , , , , , , , , , , , , #, ]
01-03 01:46:15.395  7291  7291 I MediaBrowserService: No root for client com.android.bluetooth from service android.service.media.MediaBrowserService$ServiceBinder$1
01-03 01:46:15.397  2593  2593 E MediaBrowser: onConnectFailed for ComponentInfo{com.google.android.music/com.google.android.music.browse.MediaBrowserService}
01-03 01:46:15.400  2593  2593 D Avrcp   : BrowsablePlayerListBuilder: com.google.android.music FAIL
01-03 01:46:15.401  2593  2593 V Avrcp   : initMediaPlayerInfoList: 0 controllers
01-03 01:46:15.401  2593  2593 D Avrcp   : prepareMediaPlayerRspObj: numPlayers = 0
01-03 01:46:15.401  2593  2593 I Avrcp   : No players available in the media players list
01-03 01:46:15.401  2593  2593 E Avrcp   : Opening player to support AVRCP operations failed, No browsable players available!
01-03 01:46:15.409  7410  7410 W System  : ClassLoader referenced unknown path: /system/app/Drive/lib/arm64
01-03 01:46:15.417   878   894 W ActivityManager: Activity pause timeout for ActivityRecord{a7ac88c u0 com.example.sudogame/.MainActivity t28 f}
01-03 01:46:15.422  2593  3397 V Avrcp   : received onActiveSessionsChanged
01-03 01:46:15.422  2593  3397 D Avrcp   : Current MediaPlayer List Empty.= true
01-03 01:46:15.422  2593  3397 D Avrcp   : players list is not empty, but local player list is empty
01-03 01:46:15.422  2593  3397 D Avrcp   : isAvailablePlayersChanged: true
01-03 01:46:15.424  2593  3397 V Avrcp   : initMediaPlayerInfoList: 1 controllers
01-03 01:46:15.424  2593  3397 W Avrcp   : playState object null, sending playStateBytes = 0
01-03 01:46:15.424  2593  3397 V Avrcp   : isBrowseSupported for com.google.android.music: false
01-03 01:46:15.425  2593  3397 D Avrcp   : 
01-03 01:46:15.425  2593  3397 D Avrcp   : +++ MediaPlayerInfo: +++
01-03 01:46:15.425  2593  3397 D Avrcp   : Player Package Name = com.google.android.music
01-03 01:46:15.425  2593  3397 D Avrcp   : Major Player Type = 1
01-03 01:46:15.425  2593  3397 D Avrcp   : Player SubType = 0
01-03 01:46:15.425  2593  3397 D Avrcp   : Play Status = 0
01-03 01:46:15.425  2593  3397 D Avrcp   : FeatureBitMask:
01-03 01:46:15.425  2593  3397 D Avrcp   :  
01-03 01:46:15.425  2593  3397 D Avrcp   : Feature BitMask[0] = 40
01-03 01:46:15.425  2593  3397 D Avrcp   : Feature BitMask[1] = 41
01-03 01:46:15.425  2593  3397 D Avrcp   : Feature BitMask[2] = 42
01-03 01:46:15.425  2593  3397 D Avrcp   : Feature BitMask[3] = 44
01-03 01:46:15.425  2593  3397 D Avrcp   : Feature BitMask[4] = 45
01-03 01:46:15.425  2593  3397 D Avrcp   : Feature BitMask[5] = 47
01-03 01:46:15.425  2593  3397 D Avrcp   : Feature BitMask[6] = 48
01-03 01:46:15.425  2593  3397 D Avrcp   : Feature BitMask[7] = 58
01-03 01:46:15.425  2593  3397 D Avrcp   : Displayable Name = Google Play Music
01-03 01:46:15.425  2593  3397 D Avrcp   : Media Controller = com.android.bluetooth.avrcp.MediaController@289574a
01-03 01:46:15.425  2593  3397 D Avrcp   : 
01-03 01:46:15.425  2593  3397 D Avrcp   :    +++ Player 0 +++   
01-03 01:46:15.425  2593  3397 D Avrcp   : display Name[0]: Google Play Music
01-03 01:46:15.425  2593  3397 D Avrcp   : Package Name[0]: com.google.android.music
01-03 01:46:15.425  2593  3397 D Avrcp   : player Types[0]: 1
01-03 01:46:15.425  2593  3397 D Avrcp   : Play Status Value[0]: 0
01-03 01:46:15.425  2593  3397 D Avrcp   : 
01-03 01:46:15.425  2593  3397 D Avrcp   : prepareMediaPlayerRspObj: numPlayers = 1
01-03 01:46:15.425  2593  3397 D Avrcp   : Id = 1isIdValid = true
01-03 01:46:15.425  2593  3397 V Avrcp   : getCurrentMediaController: com.google.android.music
01-03 01:46:15.425  2593  3397 D Avrcp   : unregOldMediaControllerCb: isUnregistered = true
01-03 01:46:15.425  2593  3397 V Avrcp   : Updated CurrentIds: AddrPlayerID:1 to 1, BrowsePlayerID:-1 to -1
01-03 01:46:15.425  2593  3397 D Avrcp   : Id = 1isIdValid = true
01-03 01:46:15.425  2593  3397 V Avrcp   : getCurrentMediaController: com.google.android.music
01-03 01:46:15.425  2593  3397 V Avrcp   : MediaController changed to com.google.android.music
01-03 01:46:15.431  2593  3397 V Avrcp   : Updated [MediaAttributes: none] but no change!
01-03 01:46:15.432  2593  3397 V Avrcp   : updatePlaybackState (1): old=PlaybackState {state=0, position=-1, buffered position=0, speed=0.0, updated=58799, actions=0, custom actions=[], active item id=-1, error=null}(0), new=PlaybackState {state=0, position=-1, buffered position=0, speed=0.0, updated=1934594, actions=0, custom actions=[], active item id=-1, error=null}(0)
01-03 01:46:15.432  2593  3397 D Avrcp   : sendPlayPosNotificationRsp: Not registered or requesting.
01-03 01:46:15.432  2593  3397 D Avrcp   : updateCurrentController: registerRsp = true
01-03 01:46:15.432  2593  3397 D Avrcp   : sendAvailablePlayersChanged
01-03 01:46:15.432  2593  3397 E bt_btif : register_notification_rsp: Avrcp device is not connected, handle: 0x0
01-03 01:46:15.444  7410  7434 D libEGL  : loaded /vendor/lib64/egl/libEGL_adreno.so
01-03 01:46:15.472  7410  7434 D libEGL  : loaded /vendor/lib64/egl/libGLESv1_CM_adreno.so
01-03 01:46:15.488   878  2590 W OpenGLRenderer: Warning: attempt to read pixels from hardware bitmap, which is very slow operation
01-03 01:46:15.496  7291  7291 D MusicLifecycle: com.google.android.music.browse.MediaBrowserService generated event: Service destroyed
01-03 01:46:15.502  7291  7291 D MusicLifecycle: com.google.android.music.download.cache.StorageMigrationService generated event: Service destroyed
01-03 01:46:15.594  7410  7434 D libEGL  : loaded /vendor/lib64/egl/libGLESv2_adreno.so
01-03 01:46:15.751  7354  7377 V ActivityThread: SCHEDULE 140 TRIM_MEMORY: 20 / null
01-03 01:46:15.751  7354  7377 V ActivityThread: SCHEDULE 109 DESTROY_ACTIVITY: 1 / android.os.BinderProxy@efc20f4
01-03 01:46:15.941  7325  7399 D ContactsDatabaseHelper: WAL enabled for profile.db: true
01-03 01:46:15.948   878   902 W WindowManager: Failed looking up window
01-03 01:46:15.948   878   902 W WindowManager: java.lang.IllegalArgumentException: Requested window android.view.ViewRootImpl$W@338b253 does not exist
01-03 01:46:15.948   878   902 W WindowManager: 	at com.android.server.wm.WindowManagerService.windowForClientLocked(WindowManagerService.java:6198)
01-03 01:46:15.948   878   902 W WindowManager: 	at com.android.server.wm.WindowManagerService.windowForClientLocked(WindowManagerService.java:6191)
01-03 01:46:15.948   878   902 W WindowManager: 	at com.android.server.wm.WindowManagerService.removeWindow(WindowManagerService.java:1606)
01-03 01:46:15.948   878   902 W WindowManager: 	at com.android.server.wm.Session.remove(Session.java:192)
01-03 01:46:15.948   878   902 W WindowManager: 	at android.view.ViewRootImpl.dispatchDetachedFromWindow(ViewRootImpl.java:3323)
01-03 01:46:15.948   878   902 W WindowManager: 	at android.view.ViewRootImpl.doDie(ViewRootImpl.java:6050)
01-03 01:46:15.948   878   902 W WindowManager: 	at android.view.ViewRootImpl$ViewRootHandler.handleMessage(ViewRootImpl.java:3657)
01-03 01:46:15.948   878   902 W WindowManager: 	at android.os.Handler.dispatchMessage(Handler.java:102)
01-03 01:46:15.948   878   902 W WindowManager: 	at android.os.Looper.loop(Looper.java:154)
01-03 01:46:15.948   878   902 W WindowManager: 	at android.os.HandlerThread.run(HandlerThread.java:61)
01-03 01:46:15.948   878   902 W WindowManager: 	at com.android.server.ServiceThread.run(ServiceThread.java:46)
01-03 01:46:16.290  7410  7449 I GAv4    : Google Analytics 8.4.87 is starting up. To enable debug logging on a device run:
01-03 01:46:16.290  7410  7449 I GAv4    :   adb shell setprop log.tag.GAv4 DEBUG
01-03 01:46:16.290  7410  7449 I GAv4    :   adb logcat -s GAv4
01-03 01:46:16.335  7410  7449 W GAv4    : AnalyticsReceiver is not registered or is disabled. Register the receiver for reliable dispatching on non-Google Play devices. See http://goo.gl/8Rd3yj for instructions.
01-03 01:46:16.351  7410  7449 W GAv4    : CampaignTrackingReceiver is not registered, not exported or is disabled. Installation campaign tracking is not possible. See http://goo.gl/8Rd3yj for instructions.
01-03 01:46:16.448  7410  7453 W GAv4    : AnalyticsService not registered in the app manifest. Hits might not be delivered reliably. See http://goo.gl/8Rd3yj for instructions.
01-03 01:46:16.663  7410  7429 I zygote64: ThreadFlipBegin blocked for 40.956ms
