01-03 01:46:16.667  7410  7455 I zygote64: IncrementDisableThreadFlip blocked for 45.351ms
01-03 01:46:16.966  3884  3884 E NetworkScheduler.SR: Invalid parameter app
01-03 01:46:16.966  3884  3884 E NetworkScheduler.SR: Invalid package name : Perhaps you didn't include a PendingIntent in the extras?
01-03 01:46:17.035  6029  6029 W Finsky  : [1] com.google.android.finsky.application.FinskyAppImpl.V(1772): No account configured on this device.
01-03 01:46:17.072  6029  6029 I Finsky  : [1] com.google.android.finsky.wear.WearSupportService.a(307): Wear auto install disabled for package com.example.sudogame
01-03 01:46:17.089  6029  6029 W Finsky  : [1] com.google.android.finsky.application.FinskyAppImpl.V(1772): No account configured on this device.
01-03 01:46:17.160  4462  5509 E Drive.UninstallOperation: Package still installed com.example.sudogame
01-03 01:46:17.396  6029  6029 I Finsky  : [1] com.google.android.finsky.utils.PermissionPolicies$PermissionPolicyService.onStartCommand(115): post-install permissions check for com.example.sudogame
01-03 01:46:17.423  6029  6029 I Finsky  : [1] com.google.android.finsky.utils.bd.run(2300): Package state data is missing for com.example.sudogame
01-03 01:46:17.424  6029  6029 W Finsky  : [1] com.google.android.finsky.application.FinskyAppImpl.V(1772): No account configured on this device.
01-03 01:46:17.730   582   582 W Zygote  : runOnce, args = --runtime-args,--setuid=10025,--setgid=10025,--generate-debug-info,--mount-external-default,--target-sdk-version=10000,--setgroups=50025,20025,9997,3003,--nice-name=com.google.android.partnersetup,--seinfo=default:privapp,--app-data-dir=/data/user/0/com.google.android.partnersetup,android.app.ActivityThread
01-03 01:46:17.730   582  7414 I zygote64: Starting a blocking GC HeapTrim
01-03 01:46:17.746   878  4076 I ActivityManager: Start proc 7502:com.google.android.partnersetup/u0a25 for broadcast com.google.android.partnersetup/.RlzPingBroadcastReceiver
01-03 01:46:17.753  7502  7502 E zygote64: Could not create perf file at /data/misc/trace/perf-7502.map Are you on a user build? Perf only works on userdebug/eng builds
01-03 01:46:17.753  7502  7502 E zygote64: Could not create jit dump file at /data/misc/trace/jit-7502.dump Are you on a user build? Perf only works on userdebug/eng builds
01-03 01:46:17.829  5294  7501 I UpdateIcingCorporaServi: Updating corpora: APPS=com.example.sudogame, CONTACTS=MAYBE
01-03 01:46:17.875  7502  7510 I zygote64: Debugger is no longer active
01-03 01:46:17.875  7502  7510 I zygote64: Starting a blocking GC Instrumentation
01-03 01:46:17.912  7502  7502 W System  : ClassLoader referenced unknown path: /system/priv-app/GooglePartnerSetup/lib/arm64
01-03 01:46:17.961   878  2592 E TaskPersister: File error accessing recents directory (directory doesn't exist?).
01-03 01:46:18.102  7325  7369 D DatabaseAnalyzer: Removing [data] from disallow list
01-03 01:46:18.241  4462  7524 W IcingInternalCorpora: getNumBytesRead when not calculated.
01-03 01:46:18.289  7502  7529 D libEGL  : loaded /vendor/lib64/egl/libEGL_adreno.so
01-03 01:46:18.328  7502  7529 D libEGL  : loaded /vendor/lib64/egl/libGLESv1_CM_adreno.so
01-03 01:46:18.586  7502  7529 D libEGL  : loaded /vendor/lib64/egl/libGLESv2_adreno.so
01-03 01:46:18.625   582   582 W Zygote  : runOnce, args = --runtime-args,--setuid=10056,--setgid=10056,--generate-debug-info,--mount-external-default,--target-sdk-version=23,--setgroups=50056,20056,9997,3003,--nice-name=com.google.android.apps.cloudprint,--seinfo=default,--app-data-dir=/data/user/0/com.google.android.apps.cloudprint,android.app.ActivityThread
01-03 01:46:18.625   582  7506 I zygote64: Starting a blocking GC HeapTrim
01-03 01:46:18.640   878  4077 I ActivityManager: Start proc 7541:com.google.android.apps.cloudprint/u0a56 for broadcast com.google.android.apps.cloudprint/.printdialog.receivers.UpgradeBroadcastReceiver
01-03 01:46:18.643  7541  7541 E zygote64: Could not create perf file at /data/misc/trace/perf-7541.map Are you on a user build? Perf only works on userdebug/eng builds
01-03 01:46:18.643  7541  7541 E zygote64: Could not create jit dump file at /data/misc/trace/jit-7541.dump Are you on a user build? Perf only works on userdebug/eng builds
01-03 01:46:18.976  7541  7541 I zygote64: Starting a blocking GC AddRemoveAppImageSpace
01-03 01:46:18.986  7541  7541 W System  : ClassLoader referenced unknown path: /system/app/CloudPrint2/lib/arm64
01-03 01:46:19.044  4462  5578 W Icing   : GSAI from package com.google.android.deskclock is stale.
01-03 01:46:19.053  7541  7562 D libEGL  : loaded /vendor/lib64/egl/libEGL_adreno.so
01-03 01:46:19.079  7541  7562 D libEGL  : loaded /vendor/lib64/egl/libGLESv1_CM_adreno.so
01-03 01:46:19.127  7541  7562 D libEGL  : loaded /vendor/lib64/egl/libGLESv2_adreno.so
01-03 01:46:19.354  3884  3884 E NetworkScheduler.SR: Invalid parameter app
01-03 01:46:19.354  3884  3884 E NetworkScheduler.SR: Invalid package name : Perhaps you didn't include a PendingIntent in the extras?
01-03 01:46:19.364  6427  6427 I Volta-PackageEventReceiver: Package updated: com.example.sudogame
01-03 01:46:19.412  6427  7572 D Volta-PackageEventSaverService: saving package event for pkg: com.example.sudogame
01-03 01:46:19.488  4462  5578 I Icing   : Usage reports 4 indexed 0 rejected 0 imm upload true
01-03 01:46:19.488  3884  4283 W GCoreFlp: No location to return for getLastLocation()
01-03 01:46:19.488  3884  4292 W FusedLocationProvider: location=null
01-03 01:46:19.497  6427  7572 W WakefulBroadcastReceiver: No active wake lock id #1
01-03 01:46:19.537  4462  5578 I Icing   : Usage reports 0 indexed 0 rejected 0 imm upload false
01-03 01:46:19.539  3884  4283 W GCoreFlp: No location to return for getLastLocation()
01-03 01:46:19.539  3884  4135 W FusedLocationProvider: location=null
01-03 01:46:19.553  4462  5578 I Icing   : Usage reports 0 indexed 0 rejected 0 imm upload false
01-03 01:46:19.564  5294  7501 I UpdateIcingCorporaServi: UpdateCorporaTask done [took 1734 ms] updated apps [took 1734 ms] 
01-03 01:46:19.851  4462  5578 W Icing   : App history upload skipped 12 0 0
01-03 01:46:19.907  4462  5578 I Icing   : Usage reports 0 indexed 0 rejected 0 imm upload false
01-03 01:46:19.914  4462  5578 I Icing   : Usage reports 0 indexed 0 rejected 0 imm upload false
01-03 01:46:20.074  7291  7291 D MusicLifecycle: com.google.android.music.autocache.AutoCacheSchedulingService$EnablingReceiver generated event: Broadcast received with context android.app.ReceiverRestrictedContext@91dda40 and intent Intent { act=com.google.android.music.START_DOWNLOAD_SCHEDULING flg=0x10 cmp=com.google.android.music/.autocache.AutoCacheSchedulingService$EnablingReceiver }
01-03 01:46:20.095  7291  7291 D MusicLifecycle: com.google.android.music.autocache.AutoCacheSchedulingService generated event: Service created
01-03 01:46:20.096  7291  7291 D MusicLifecycle: com.google.android.music.autocache.AutoCacheSchedulingService generated event: Service started with intent Intent { act=com.google.android.music.leanback.APP_IN_USE cmp=com.google.android.music/.autocache.AutoCacheSchedulingService (has extras) }
01-03 01:46:20.101  7291  7291 D MusicLifecycle: com.google.android.music.wear.WearBroadcastReceiver generated event: Broadcast received with context android.app.ReceiverRestrictedContext@91dda40 and intent Intent { act=com.google.android.music.START_DOWNLOAD_SCHEDULING flg=0x10 cmp=com.google.android.music/.wear.WearBroadcastReceiver }
01-03 01:46:20.177  3884  3884 I WearableService: Wear is not allowed to run on this device. Not starting Wear service.
01-03 01:46:20.226  7291  7601 E GmsUtils: Failed to connect to Google API client: ConnectionResult{statusCode=API_UNAVAILABLE, resolution=null, message=null}
01-03 01:46:20.281  7291  7599 I MusicLeanback: Conditions not met for autocaching. okToAttempt=false
01-03 01:46:20.282  7291  7599 I MusicLeanback: Stop autocaching.
01-03 01:46:20.284  7291  7291 D MusicLifecycle: com.google.android.music.autocache.AutoCacheSchedulingService generated event: Service destroyed
01-03 01:46:20.351  7410  7450 W System  : ClassLoader referenced unknown path: /system/priv-app/PrebuiltGmsCore/lib/arm64
01-03 01:46:20.361  7410  7450 D ApplicationLoaders: ignored Vulkan layer search path /system/priv-app/PrebuiltGmsCore/lib/arm64:/system/fake-libs64:/system/priv-app/PrebuiltGmsCore/PrebuiltGmsCore.apk!/lib/arm64-v8a:/system/lib64:/vendor/lib64 for namespace 0x72848b10f0
01-03 01:46:20.382  7410  7450 W linker  : "/system/priv-app/PrebuiltGmsCore/PrebuiltGmsCore.apk!/lib/arm64-v8a/libgmscore.so" unused DT entry: type 0x7ffffffd arg 0x885
01-03 01:46:20.448  7410  7450 W linker  : "/system/priv-app/PrebuiltGmsCore/PrebuiltGmsCore.apk!/lib/arm64-v8a/libconscrypt_gmscore_jni.so" unused DT entry: type 0x7ffffffd arg 0x169
01-03 01:46:20.449  7410  7450 V JNIHelp : Registering com/google/android/gms/org/conscrypt/NativeCrypto's 239 native methods...
01-03 01:46:20.472  7410  7450 D NetworkSecurityConfig: No Network Security Config specified, using platform default
01-03 01:46:20.475  7410  7450 I ProviderInstaller: Installed default security provider GmsCore_OpenSSL
01-03 01:46:20.642  4462  5578 I Icing   : Indexing 1E79156A135A280B6F30E0244D22FEA4B80E4053 from com.google.android.googlequicksearchbox
01-03 01:46:20.748  4462  5578 I Icing   : Indexing 3C111966D62F05726009EEAC9C3655CD25240568 from com.google.android.gms
01-03 01:46:20.833  4462  5578 I Icing   : Indexing done 1E79156A135A280B6F30E0244D22FEA4B80E4053
01-03 01:46:20.836  4462  5578 I Icing   : Indexing done 3C111966D62F05726009EEAC9C3655CD25240568
01-03 01:46:20.919  4462  5578 I Icing   : Indexing 3C111966D62F05726009EEAC9C3655CD25240568 from com.google.android.gms
01-03 01:46:20.922  4462  5578 I Icing   : Indexing done 3C111966D62F05726009EEAC9C3655CD25240568
01-03 01:46:25.753   878   894 W ActivityManager: Activity destroy timeout for ActivityRecord{a7ac88c u0 com.example.sudogame/.MainActivity t28 f}
01-03 01:46:29.256   878  2592 E TaskPersister: File error accessing recents directory (directory doesn't exist?).
01-03 01:46:29.982  4462  4471 W SQLiteConnectionPool: A SQLiteConnection object for database '/data/user/0/com.google.android.gms/databases/metrics.db' was leaked!  Please fix your application to end transactions in progress properly and to close the database when it is no longer needed.
01-03 01:46:29.989  4462  4471 W SQLiteConnectionPool: A SQLiteConnection object for database '/data/user/0/com.google.android.gms/databases/help_responses.db' was leaked!  Please fix your application to end transactions in progress properly and to close the database when it is no longer needed.
01-03 01:46:29.995  4462  4471 W SQLiteConnectionPool: A SQLiteConnection object for database '/data/user/0/com.google.android.gms/databases/auto_complete_suggestions.db' was leaked!  Please fix your application to end transactions in progress properly and to close the database when it is no longer needed.
01-03 01:46:32.082  6029  6068 W Finsky  : [307] com.google.android.finsky.application.FinskyAppImpl.V(1772): No account configured on this device.
01-03 01:46:32.111  6427  6427 I Volta-StatsCollectorJobService: starting job
01-03 01:46:32.165  6029  6068 I Finsky  : [307] com.google.android.finsky.d.e.run(1151): Replicating app states via AMAS.
01-03 01:46:32.244  6029  6068 W Finsky  : [307] com.google.android.finsky.application.FinskyAppImpl.V(1772): No account configured on this device.
01-03 01:46:32.262  6427  7779 V Volta-StatsCollectorService: Taking battery level snapshot
01-03 01:46:32.341  6427  7779 D Volta-Utils: processed data collection bitmap: 6
01-03 01:46:32.407  6029  6068 I Finsky  : [307] com.google.android.finsky.d.c.a(313): Completed 0 account content syncs with 0 successful.
01-03 01:46:32.408  6029  6029 I Finsky  : [1] com.google.android.finsky.services.j.a(148): Installation state replication succeeded.
01-03 01:46:35.020   878   894 I ActivityManager: Killing 6262:com.google.android.apps.gcs/u0a18 (adj 904): empty for 1802s
01-03 01:46:35.108  3884  4283 W GCoreFlp: No location to return for getLastLocation()
01-03 01:46:35.108  3884  4292 W FusedLocationProvider: location=null
01-03 01:46:35.172   878  4081 D ActivityManager: cleanUpApplicationRecord -- 6262
01-03 01:46:48.040   575   925 I chatty  : uid=1001(radio) /vendor/bin/qmuxd expire 16 lines
01-03 01:46:50.495  4462  8024 W IcingInternalCorpora: getNumBytesRead when not calculated.
01-03 01:46:50.588  4462  5509 I Icing   : Usage reports 0 indexed 0 rejected 0 imm upload false
01-03 01:46:50.787  4462  5509 I Icing   : Usage reports 0 indexed 0 rejected 0 imm upload false
01-03 01:46:51.482  4462  5509 I chatty  : uid=10017(u0_a17) lowpool[0] identical 4 lines
01-03 01:46:51.652  4462  5509 I Icing   : Usage reports 0 indexed 0 rejected 0 imm upload false
01-03 01:46:56.741   878  4001 I ActivityManager: Killing 4005:android.process.media/u0a13 (adj 906): empty #17
01-03 01:46:56.819   878  2708 D ActivityManager: cleanUpApplicationRecord -- 4005
01-03 01:46:57.342   878  4076 I ActivityManager: Force stopping com.example.sudogame appid=10098 user=0: from pid 8121
01-03 01:46:57.343   878  4076 I ActivityManager: Killing 7354:com.example.sudogame/u0a98 (adj 904): stop com.example.sudogame
01-03 01:46:57.344   878  4076 D ActivityManager: cleanUpApplicationRecord -- 7354
01-03 01:46:57.358   878   890 W ActivityManager: Ignoring remove of inactive process: ProcessRecord{3f057cb 0:com.example.sudogame/u0a98}
01-03 01:46:57.399  3934  3934 D RegisteredNfcFServicesCache: Service unchanged, not updating
01-03 01:46:57.562   429  5220 E SurfaceFlinger: Failed to find layer (Application Error: com.example.sudogame) in layer parent (no-parent).
01-03 01:46:57.565   878   902 W AppOps  : Finishing op nesting under-run: uid 1000 pkg android code 24 time=0 duration=0 nesting=0
01-03 01:47:17.765  5294  5294 I GrammarCompilationSvcCt: #startService for null, APP_NAMES.
01-03 01:47:17.864  5294  8137 I ContextCompilationHandl: Compiling grammar for: en-US, type=APP_NAMES
01-03 01:47:18.055  4462  8141 W IcingInternalCorpora: getNumBytesRead when not calculated.
01-03 01:47:18.174  4462  5511 I Icing   : Query from com.google.android.googlequicksearchbox package restrict com.google.android.googlequicksearchbox start 0 num 1000
01-03 01:47:18.255  4462  5583 I Icing   : Usage reports 0 indexed 0 rejected 0 imm upload true
01-03 01:47:18.292  4462  5511 W Icing   : GSAI from package com.google.android.deskclock is stale.
01-03 01:47:18.293  4462  5583 I Icing   : Usage reports 0 indexed 0 rejected 0 imm upload true
01-03 01:47:18.305  4462  5511 E Icing   : dlopen failed: library "/data/data/com.google.android.gms/files/libAppDataSearchExt_arm64_v8a.so" not found
01-03 01:47:18.305  4462  5511 E Icing   : Loading extension /data/data/com.google.android.gms/files/libAppDataSearchExt_arm64_v8a.so failed
01-03 01:47:18.357  5294  8137 I ContextCompilationHandl: Recognition context unchanged for APP_NAMES en-US
01-03 01:47:22.763  5718  5718 D QC_RIL_OEM_HOOK: Received Broadcast Intent ACTION_UNSOL_RESPONSE_OEM_HOOK_RAW
01-03 01:47:22.767  5718  5718 D QC_RIL_OEM_HOOK: Oem ID in QCRILHOOK UNSOL RESP is QOEMHOOK
01-03 01:47:22.767  5718  5769 I MIPIManagerFlow: checkIfMatchRules:radioIf:5,activeBand:81,activeChannel:587
01-03 01:47:22.767  5718  5769 I MIPIManagerFlow: checkIfMatchRules match key:5,81,NA
01-03 01:47:22.767  5718  5769 I QcRilHookFlow: invoke the qcRilSetMipiFreq method,Mipi:948000000
01-03 01:47:22.768  5718  5769 D QC_RIL_OEM_HOOK: qcRilSetMipiFreq: clkrate : 948000000
01-03 01:47:22.768  5718  5769 V QC_RIL_OEM_HOOK: sendRilOemHookMsgAsync: Outgoing Data is 514f454d484f4f4b142009000400000000558138
01-03 01:47:22.781   575   925 I chatty  : uid=1001(radio) /vendor/bin/qmuxd expire 16 lines
01-03 01:47:22.790  5718  5731 D QC_RIL_OEM_HOOK: qcRilSetMipiFreq DONE!
01-03 01:47:36.832  2962  3124 I chatty  : uid=1001(radio) HwBinder:2962_1 expire 11 lines
01-03 01:47:36.835  5718  5718 D QC_RIL_OEM_HOOK: Received Broadcast Intent ACTION_UNSOL_RESPONSE_OEM_HOOK_RAW
01-03 01:47:36.835  5718  5718 D QC_RIL_OEM_HOOK: Oem ID in QCRILHOOK UNSOL RESP is QOEMHOOK
01-03 01:47:36.841  5718  5769 I MIPIManagerFlow: checkIfMatchRules:radioIf:5,activeBand:81,activeChannel:612
01-03 01:47:36.841  5718  5769 I MIPIManagerFlow: checkIfMatchRules match key:5,81,NA
01-03 01:47:36.841  5718  5769 I QcRilHookFlow: invoke the qcRilSetMipiFreq method,Mipi:948000000
01-03 01:47:36.841  5718  5769 D QC_RIL_OEM_HOOK: qcRilSetMipiFreq: clkrate : 948000000
01-03 01:47:36.841  5718  5769 V QC_RIL_OEM_HOOK: sendRilOemHookMsgAsync: Outgoing Data is 514f454d484f4f4b142009000400000000558138
01-03 01:47:36.851  5718  5732 D QC_RIL_OEM_HOOK: qcRilSetMipiFreq DONE!
01-03 01:47:45.795  5718  5718 D QC_RIL_OEM_HOOK: Received Broadcast Intent ACTION_UNSOL_RESPONSE_OEM_HOOK_RAW
01-03 01:47:45.796  5718  5718 D QC_RIL_OEM_HOOK: Oem ID in QCRILHOOK UNSOL RESP is QOEMHOOK
01-03 01:47:45.803  5718  5769 I MIPIManagerFlow: checkIfMatchRules:radioIf:5,activeBand:81,activeChannel:587
01-03 01:47:45.804  5718  5769 I MIPIManagerFlow: checkIfMatchRules match key:5,81,NA
01-03 01:47:45.804  5718  5769 I QcRilHookFlow: invoke the qcRilSetMipiFreq method,Mipi:948000000
01-03 01:47:45.804  5718  5769 D QC_RIL_OEM_HOOK: qcRilSetMipiFreq: clkrate : 948000000
01-03 01:47:45.804  5718  5769 V QC_RIL_OEM_HOOK: sendRilOemHookMsgAsync: Outgoing Data is 514f454d484f4f4b142009000400000000558138
01-03 01:47:45.811  5718  5732 D QC_RIL_OEM_HOOK: qcRilSetMipiFreq DONE!
01-03 01:47:45.815   575   925 I chatty  : uid=1001(radio) /vendor/bin/qmuxd expire 16 lines
01-03 01:47:50.937  5718  5718 D QC_RIL_OEM_HOOK: Received Broadcast Intent ACTION_UNSOL_RESPONSE_OEM_HOOK_RAW
01-03 01:47:50.938  5718  5718 D QC_RIL_OEM_HOOK: Oem ID in QCRILHOOK UNSOL RESP is QOEMHOOK
01-03 01:47:50.946  5718  5769 I MIPIManagerFlow: checkIfMatchRules:radioIf:5,activeBand:81,activeChannel:612
01-03 01:47:50.946  5718  5769 I MIPIManagerFlow: checkIfMatchRules match key:5,81,NA
01-03 01:47:50.946  5718  5769 I QcRilHookFlow: invoke the qcRilSetMipiFreq method,Mipi:948000000
01-03 01:47:50.946  5718  5769 D QC_RIL_OEM_HOOK: qcRilSetMipiFreq: clkrate : 948000000
01-03 01:47:50.947  5718  5769 V QC_RIL_OEM_HOOK: sendRilOemHookMsgAsync: Outgoing Data is 514f454d484f4f4b142009000400000000558138
01-03 01:47:50.963  5718  5731 D QC_RIL_OEM_HOOK: qcRilSetMipiFreq DONE!
01-03 01:48:10.523  5718  5718 D QC_RIL_OEM_HOOK: Received Broadcast Intent ACTION_UNSOL_RESPONSE_OEM_HOOK_RAW
01-03 01:48:10.525  5718  5718 D QC_RIL_OEM_HOOK: Oem ID in QCRILHOOK UNSOL RESP is QOEMHOOK
01-03 01:48:10.541   575   925 I chatty  : uid=1001(radio) /vendor/bin/qmuxd expire 32 lines
01-03 01:49:00.005   878   878 I ActivityManager: Killing 6378:com.android.chrome/u0a58 (adj 906): empty for 1828s
01-03 01:49:00.069   878  4076 D ActivityManager: cleanUpApplicationRecord -- 6378
01-03 01:50:05.844  6029  6063 I PlayCommon: [304] com.google.android.play.a.g.e(909): Preparing logs for uploading
01-03 01:50:05.859  6029  6063 W PlayCommon: [304] com.google.android.play.a.g.a(1253): No account for auth token provided
01-03 01:50:05.860  6029  6063 I PlayCommon: [304] com.google.android.play.a.g.a(1049): Connecting to server: https://play.googleapis.com/play/log?format=raw&proto_v2=true
01-03 01:50:05.882  6029  6063 E PlayCommon: [304] com.google.android.play.a.g.a(1060): Failed to connect to server: java.net.UnknownHostException: Unable to resolve host "play.googleapis.com": No address associated with hostname
01-03 01:50:10.287   575   925 I chatty  : uid=1001(radio) /vendor/bin/qmuxd expire 38 lines
01-03 01:50:15.629  2962  3124 I chatty  : uid=1001(radio) HwBinder:2962_1 expire 10 lines
01-03 01:50:15.636  5718  5718 D QC_RIL_OEM_HOOK: Received Broadcast Intent ACTION_UNSOL_RESPONSE_OEM_HOOK_RAW
01-03 01:50:15.636  5718  5718 D QC_RIL_OEM_HOOK: Oem ID in QCRILHOOK UNSOL RESP is QOEMHOOK
01-03 01:50:15.646  5718  5769 I MIPIManagerFlow: checkIfMatchRules:radioIf:5,activeBand:81,activeChannel:587
01-03 01:50:15.647  5718  5769 I MIPIManagerFlow: checkIfMatchRules match key:5,81,NA
01-03 01:50:15.648  5718  5769 I QcRilHookFlow: invoke the qcRilSetMipiFreq method,Mipi:948000000
01-03 01:50:15.648  5718  5769 D QC_RIL_OEM_HOOK: qcRilSetMipiFreq: clkrate : 948000000
01-03 01:50:15.649  5718  5769 V QC_RIL_OEM_HOOK: sendRilOemHookMsgAsync: Outgoing Data is 514f454d484f4f4b142009000400000000558138
01-03 01:50:15.662  5718  5731 D QC_RIL_OEM_HOOK: qcRilSetMipiFreq DONE!
01-03 01:51:36.196  5718  5718 D QC_RIL_OEM_HOOK: Received Broadcast Intent ACTION_UNSOL_RESPONSE_OEM_HOOK_RAW
01-03 01:51:36.196  5718  5718 D QC_RIL_OEM_HOOK: Oem ID in QCRILHOOK UNSOL RESP is QOEMHOOK
01-03 01:51:36.205  5718  5769 I MIPIManagerFlow: checkIfMatchRules:radioIf:5,activeBand:81,activeChannel:612
01-03 01:51:36.205  5718  5769 I MIPIManagerFlow: checkIfMatchRules match key:5,81,NA
01-03 01:51:36.205  5718  5769 I QcRilHookFlow: invoke the qcRilSetMipiFreq method,Mipi:948000000
01-03 01:51:36.205  5718  5769 D QC_RIL_OEM_HOOK: qcRilSetMipiFreq: clkrate : 948000000
01-03 01:51:36.206  5718  5769 V QC_RIL_OEM_HOOK: sendRilOemHookMsgAsync: Outgoing Data is 514f454d484f4f4b142009000400000000558138
01-03 01:51:36.218   575   925 I chatty  : uid=1001(radio) /vendor/bin/qmuxd expire 18 lines
01-03 01:51:36.220  5718  5732 D QC_RIL_OEM_HOOK: qcRilSetMipiFreq DONE!
01-03 01:51:46.443  5718  5718 D QC_RIL_OEM_HOOK: Received Broadcast Intent ACTION_UNSOL_RESPONSE_OEM_HOOK_RAW
01-03 01:51:46.443  5718  5718 D QC_RIL_OEM_HOOK: Oem ID in QCRILHOOK UNSOL RESP is QOEMHOOK
01-03 01:51:46.445  5718  5769 I MIPIManagerFlow: checkIfMatchRules:radioIf:5,activeBand:81,activeChannel:587
01-03 01:51:46.446  5718  5769 I MIPIManagerFlow: checkIfMatchRules match key:5,81,NA
01-03 01:51:46.446  5718  5769 I QcRilHookFlow: invoke the qcRilSetMipiFreq method,Mipi:948000000
01-03 01:51:46.446  5718  5769 D QC_RIL_OEM_HOOK: qcRilSetMipiFreq: clkrate : 948000000
01-03 01:51:46.446  5718  5769 V QC_RIL_OEM_HOOK: sendRilOemHookMsgAsync: Outgoing Data is 514f454d484f4f4b142009000400000000558138
01-03 01:51:46.455  5718  5731 D QC_RIL_OEM_HOOK: qcRilSetMipiFreq DONE!
01-03 01:51:55.400  5718  5718 D QC_RIL_OEM_HOOK: Received Broadcast Intent ACTION_UNSOL_RESPONSE_OEM_HOOK_RAW
01-03 01:51:55.401  5718  5718 D QC_RIL_OEM_HOOK: Oem ID in QCRILHOOK UNSOL RESP is QOEMHOOK
01-03 01:51:55.403  2962  3124 I chatty  : uid=1001(radio) HwBinder:2962_1 expire 10 lines
01-03 01:51:55.409  5718  5769 I MIPIManagerFlow: checkIfMatchRules:radioIf:5,activeBand:81,activeChannel:612
01-03 01:51:55.409  5718  5769 I MIPIManagerFlow: checkIfMatchRules match key:5,81,NA
01-03 01:51:55.409  5718  5769 I QcRilHookFlow: invoke the qcRilSetMipiFreq method,Mipi:948000000
01-03 01:51:55.409  5718  5769 D QC_RIL_OEM_HOOK: qcRilSetMipiFreq: clkrate : 948000000
01-03 01:51:55.409  5718  5769 V QC_RIL_OEM_HOOK: sendRilOemHookMsgAsync: Outgoing Data is 514f454d484f4f4b142009000400000000558138
01-03 01:51:55.417   575   925 I chatty  : uid=1001(radio) /vendor/bin/qmuxd expire 12 lines
01-03 01:51:55.422  5718  5732 D QC_RIL_OEM_HOOK: qcRilSetMipiFreq DONE!
01-03 01:52:13.624   878   904 I PowerManagerService: Going to sleep due to screen timeout (uid 1000)...
01-03 01:52:13.693   429   429 E         : ConsumerFrameEventHistory::addRelease: Did not find frame.
01-03 01:52:14.122   878   894 I VrManagerService: VR mode is disallowed
01-03 01:52:14.196   878   904 V KeyguardServiceDelegate: onScreenTurnedOff()
01-03 01:52:14.211   878   904 I sensors : activate
01-03 01:52:14.224   878   904 I nanohub : queueActivate: sensor=12, handle=7, enable=0
01-03 01:52:14.226   429   429 D SurfaceFlinger: Set power mode=0, type=0 flinger=0x7e9988d000
01-03 01:52:14.226   878  1759 I nanohub : osLog: AMS: sensorPowerAls: 0
01-03 01:52:14.226   878   902 I DisplayManagerService: Display device changed state: "Built-in Screen", OFF
01-03 01:52:14.228   429   429 D qdhwcomposer: hwc_setPowerMode: Setting mode 0 on display: 0
01-03 01:52:14.526   429   527 I qdhwcomposer: handle_blank_event: dpy:0 panel power state: 0
01-03 01:52:14.527   429   429 D qdhwcomposer: hwc_setPowerMode: Done setting mode 0 on display 0
01-03 01:52:14.527   878  2591 D SurfaceControl: Excessive delay in setPowerMode(): 301ms
01-03 01:52:14.530   878   904 I DreamManagerService: Entering dreamland.
01-03 01:52:14.530   878   904 I PowerManagerService: Dozing...
01-03 01:52:14.531   878   900 I DreamController: Starting dream: name=ComponentInfo{com.android.systemui/com.android.systemui.doze.DozeService}, isTest=false, canDoze=true, userId=0
01-03 01:52:14.545   878  4001 I sensors : batch
01-03 01:52:14.547   878  4001 I nanohub : queueBatch: sensor=24, handle=20, period=1000000, latency=0
01-03 01:52:14.547   878  4001 I sensors : activate
01-03 01:52:14.549   878  4001 I nanohub : queueActivate: sensor=24, handle=20, enable=1
01-03 01:52:14.553   878  1759 I nanohub : osLog: [PickupGesture] power: 1
01-03 01:52:14.554   878   878 I sensors : activate
01-03 01:52:14.556   878   878 I nanohub : queueActivate: sensor=28, handle=30, enable=0
01-03 01:52:14.559   878  1759 I nanohub : osLog: [Activity]  activity activity powered on, new state 2
01-03 01:52:15.211  2962  5726 I chatty  : uid=1001(radio) ScreenStateTrac expire 5 lines
01-03 01:52:15.214   581  1349 D         : oem-qmi: Connection accepted
01-03 01:52:15.214   581  1349 D         : oem-qmi: Waiting to accept connection
01-03 01:52:18.657   878  4077 I ActivityManager: Setting hasTopUi=true for pid=2616
01-03 01:52:18.677   429  5220 E SurfaceFlinger: Failed to find layer (com.google.android.googlequicksearchbox/com.google.android.launcher.GEL) in layer parent (no-parent).
01-03 01:52:18.685  2616  2616 D StatusBar: disable: < expand icons alerts system_info back home recent clock search quick_settings >
01-03 01:52:18.693  2616  3095 I CameraManagerGlobal: Connecting to camera service
01-03 01:52:18.728  2616  2616 D StatusBar: disable: < expand ICONS* alerts SYSTEM_INFO* back home recent clock search quick_settings >
01-03 01:52:18.732   429   450 E SurfaceFlinger: Failed to find layer (NavigationBar) in layer parent (no-parent).
01-03 01:52:18.738  2616  2616 D StatusBar: disable: < expand ICONS alerts SYSTEM_INFO back HOME* RECENT* clock search quick_settings >
01-03 01:52:20.844   575   925 I chatty  : uid=1001(radio) /vendor/bin/qmuxd expire 46 lines
01-03 01:52:25.683   878  1759 I nanohub : osLog: [Activity]  detected still, confidence: 100, votes: 3, motionConfidence: 0
01-03 01:52:44.680  6029  6029 W Finsky  : [1] com.google.android.finsky.application.FinskyAppImpl.V(1772): No account configured on this device.
01-03 01:52:44.686  6029  6029 W Finsky  : [1] com.google.android.finsky.application.FinskyAppImpl.V(1772): No account configured on this device.
01-03 01:52:44.687  6029  6029 I Finsky  : [1] com.google.android.finsky.dailyhygiene.DailyHygiene$DailyHygieneService.onStartCommand(2397): Beginning daily hygiene, foreground = false, reason = 5
01-03 01:52:44.690  6029  6029 W Finsky  : [1] com.google.android.finsky.application.FinskyAppImpl.V(1772): No account configured on this device.
01-03 01:52:44.692  6029  6029 W Finsky  : [1] com.google.android.finsky.application.FinskyAppImpl.e(1406): No account configured on this device.
01-03 01:52:44.693  6029  6029 I Finsky  : [1] com.google.android.finsky.dailyhygiene.DailyHygiene.a(507): Probe unauthenticated for daily hygiene pass
01-03 01:52:44.833  4462  8281 I EventLogChimeraService: Opted in for usage reporting
01-03 01:52:44.833  4462  8281 I EventLogChimeraService: Aggregate from 1483424252593 (log), 1483424252593 (data)
01-03 01:52:44.868  6029  6029 W Finsky  : [1] com.google.android.finsky.dailyhygiene.e.a(685): Self-update check failed with error: com.android.volley.NoConnectionError: java.net.UnknownHostException: Unable to resolve host "android.clients.google.com": No address associated with hostname
01-03 01:52:44.868  6029  6029 W Finsky  : [1] com.google.android.finsky.dailyhygiene.DailyHygiene.a(722): Concluding Daily Hygiene because unauthenticated
01-03 01:52:44.872  6029  6029 W Finsky  : [1] com.google.android.finsky.dailyhygiene.DailyHygiene.d(1010): Concluding Daily Hygiene because unauthenticated
01-03 01:52:44.872  6029  6029 I Finsky  : [1] com.google.android.finsky.dailyhygiene.DailyHygiene.a(1530): Scheduling new run in 87 minutes (failures=3)
01-03 01:52:44.875  6029  6029 W Finsky  : [1] com.google.android.finsky.application.FinskyAppImpl.V(1772): No account configured on this device.
01-03 01:52:45.089  6029  6063 I PlayCommon: [304] com.google.android.play.a.g.e(909): Preparing logs for uploading
01-03 01:52:45.104  6029  6063 W PlayCommon: [304] com.google.android.play.a.g.a(1253): No account for auth token provided
01-03 01:52:45.105  6029  6063 I PlayCommon: [304] com.google.android.play.a.g.a(1049): Connecting to server: https://play.googleapis.com/play/log?format=raw&proto_v2=true
01-03 01:52:45.121  6029  6063 E PlayCommon: [304] com.google.android.play.a.g.a(1060): Failed to connect to server: java.net.UnknownHostException: Unable to resolve host "play.googleapis.com": No address associated with hostname
01-03 01:52:45.125  3884  4283 W GCoreFlp: No location to return for getLastLocation()
01-03 01:52:45.126  3884  3897 W FusedLocationProvider: location=null
01-03 01:52:45.228   582   582 W Zygote  : runOnce, args = --runtime-args,--setuid=10013,--setgid=10013,--generate-debug-info,--mount-external-default,--target-sdk-version=10000,--setgroups=50013,20013,9997,2001,1023,1015,3003,1024,3007,--nice-name=android.process.media,--seinfo=media:privapp,--app-data-dir=/data/user/0/com.android.providers.media,android.app.ActivityThread
01-03 01:52:45.243   878  1889 I ActivityManager: Start proc 8291:android.process.media/u0a13 for content provider com.android.providers.media/.MediaProvider
01-03 01:52:45.249  8291  8291 E zygote64: Could not create perf file at /data/misc/trace/perf-8291.map Are you on a user build? Perf only works on userdebug/eng builds
01-03 01:52:45.249  8291  8291 E zygote64: Could not create jit dump file at /data/misc/trace/jit-8291.dump Are you on a user build? Perf only works on userdebug/eng builds
01-03 01:52:45.438  8291  8291 W System  : ClassLoader referenced unknown path: /system/priv-app/MediaProvider/lib/arm64
01-03 01:52:45.471  8291  8291 W System  : ClassLoader referenced unknown path: /system/priv-app/DownloadProvider/lib/arm64
01-03 01:52:45.476  8291  8305 D libEGL  : loaded /vendor/lib64/egl/libEGL_adreno.so
01-03 01:52:45.491  8291  8291 D ApplicationLoaders: ignored Vulkan layer search path /system/priv-app/DownloadProvider/lib/arm64:/system/lib64:/vendor/lib64 for namespace 0x72852a40f0
01-03 01:52:45.496  8291  8305 D libEGL  : loaded /vendor/lib64/egl/libGLESv1_CM_adreno.so
01-03 01:52:45.546  8291  8305 D libEGL  : loaded /vendor/lib64/egl/libGLESv2_adreno.so
01-03 01:54:57.192  5718  5718 D QC_RIL_OEM_HOOK: Received Broadcast Intent ACTION_UNSOL_RESPONSE_OEM_HOOK_RAW
01-03 01:54:57.193  5718  5718 D QC_RIL_OEM_HOOK: Oem ID in QCRILHOOK UNSOL RESP is QOEMHOOK
01-03 01:54:57.204  5718  5769 I MIPIManagerFlow: checkIfMatchRules:radioIf:5,activeBand:81,activeChannel:587
01-03 01:54:57.205  5718  5769 I MIPIManagerFlow: checkIfMatchRules match key:5,81,NA
01-03 01:54:57.205  5718  5769 I QcRilHookFlow: invoke the qcRilSetMipiFreq method,Mipi:948000000
01-03 01:54:57.205  5718  5769 D QC_RIL_OEM_HOOK: qcRilSetMipiFreq: clkrate : 948000000
01-03 01:54:57.205  5718  5769 V QC_RIL_OEM_HOOK: sendRilOemHookMsgAsync: Outgoing Data is 514f454d484f4f4b142009000400000000558138
01-03 01:54:57.218   575   925 I chatty  : uid=1001(radio) /vendor/bin/qmuxd expire 24 lines
01-03 01:54:57.221  5718  5732 D QC_RIL_OEM_HOOK: qcRilSetMipiFreq DONE!
01-03 01:55:05.988  6029  6063 I PlayCommon: [304] com.google.android.play.a.g.e(909): Preparing logs for uploading
01-03 01:55:06.002  6029  6063 W PlayCommon: [304] com.google.android.play.a.g.a(1253): No account for auth token provided
01-03 01:55:06.003  6029  6063 I PlayCommon: [304] com.google.android.play.a.g.a(1049): Connecting to server: https://play.googleapis.com/play/log?format=raw&proto_v2=true
01-03 01:55:06.012  6029  6063 E PlayCommon: [304] com.google.android.play.a.g.a(1060): Failed to connect to server: java.net.UnknownHostException: Unable to resolve host "play.googleapis.com": No address associated with hostname
01-03 01:55:06.450  5718  5718 D QC_RIL_OEM_HOOK: Received Broadcast Intent ACTION_UNSOL_RESPONSE_OEM_HOOK_RAW
01-03 01:55:06.450  5718  5718 D QC_RIL_OEM_HOOK: Oem ID in QCRILHOOK UNSOL RESP is QOEMHOOK
01-03 01:55:06.458  5718  5769 I MIPIManagerFlow: checkIfMatchRules:radioIf:5,activeBand:81,activeChannel:612
01-03 01:55:06.458  5718  5769 I MIPIManagerFlow: checkIfMatchRules match key:5,81,NA
01-03 01:55:06.459  5718  5769 I QcRilHookFlow: invoke the qcRilSetMipiFreq method,Mipi:948000000
01-03 01:55:06.459  5718  5769 D QC_RIL_OEM_HOOK: qcRilSetMipiFreq: clkrate : 948000000
01-03 01:55:06.459  5718  5769 V QC_RIL_OEM_HOOK: sendRilOemHookMsgAsync: Outgoing Data is 514f454d484f4f4b142009000400000000558138
01-03 01:55:06.476  5718  5731 D QC_RIL_OEM_HOOK: qcRilSetMipiFreq DONE!
01-03 01:55:45.824  5718  5718 D QC_RIL_OEM_HOOK: Received Broadcast Intent ACTION_UNSOL_RESPONSE_OEM_HOOK_RAW
01-03 01:55:45.824  5718  5718 D QC_RIL_OEM_HOOK: Oem ID in QCRILHOOK UNSOL RESP is QOEMHOOK
01-03 01:55:45.831   575   925 I chatty  : uid=1001(radio) /vendor/bin/qmuxd expire 12 lines
01-03 01:56:00.011   878   878 I ActivityManager: Killing 6918:com.google.android.gms.feedback/u0a17 (adj 906): empty for 1858s
01-03 01:56:00.068   878  2635 D ActivityManager: cleanUpApplicationRecord -- 6918
01-03 01:56:15.558  7291  7291 D MusicPlaybackService: stopSelfResult
01-03 01:56:15.563  7291  7291 D MusicPlaybackService: cancelNotification id=1
01-03 01:56:15.565  7291  7291 V MusicPlaybackService: setting should show notification to false
01-03 01:56:15.565  7291  7291 D MusicPlaybackService: Playback service destroyed
01-03 01:56:15.572  7291  7291 I CastAutoReconnector: Stopping reconnect scan for route: 
01-03 01:56:15.577   878  3470 I MediaFocusControl:  AudioFocus  abandonAudioFocus() from uid/pid 10081/7291 clientId=android.media.AudioManager@f97975dcom.google.android.music.playback.DevicePlayback$19@297f8d2
01-03 01:56:15.588  6903  6903 V MusicFXControlPanelReceiver: onReceive
01-03 01:56:15.588  6903  6903 V MusicFXControlPanelReceiver: Action: android.media.action.CLOSE_AUDIO_EFFECT_CONTROL_SESSION
01-03 01:56:15.588  6903  6903 V MusicFXControlPanelReceiver: Package name: com.google.android.music
01-03 01:56:15.588  6903  6903 V MusicFXControlPanelReceiver: Audio session: 57
01-03 01:56:15.588  6903  6903 V MusicFXControlPanelEffect: closeSession(android.app.ReceiverRestrictedContext@c43e6e7, com.google.android.music, 57)
01-03 01:56:15.604  7291  7291 D MusicLifecycle: com.google.android.music.playback.MusicPlaybackService generated event: Service destroyed
01-03 01:56:15.604  7291  7291 I CastAutoReconnector: Removing callback.
01-03 01:56:15.604  2593  3397 V Avrcp   : MediaController session destroyed
01-03 01:56:15.605  2593  3397 V Avrcp   : received onActiveSessionsChanged
01-03 01:56:15.605  2593  3397 D Avrcp   : Current MediaPlayer List Empty.= false
01-03 01:56:15.605  2593  3397 D Avrcp   : size of new list and old list are different
01-03 01:56:15.605  2593  3397 D Avrcp   : isCtrlListChanged: true
01-03 01:56:15.605  2593  3397 D Avrcp   : isAvailablePlayersChanged: true
01-03 01:56:15.607  2593  3397 V Avrcp   : initMediaPlayerInfoList: 0 controllers
01-03 01:56:15.607  2593  3397 D Avrcp   : prepareMediaPlayerRspObj: numPlayers = 0
01-03 01:56:15.607  2593  3397 I Avrcp   : No players available in the media players list
01-03 01:56:15.607  2593  3397 E Avrcp   : Opening player to support AVRCP operations failed, No browsable players available!
01-03 01:56:15.607  2593  3397 D Avrcp   : sendAvailablePlayersChanged
01-03 01:56:15.607  2593  3397 E bt_btif : register_notification_rsp: Avrcp device is not connected, handle: 0x0
01-03 01:56:15.665  7291  7420 D LocalAsyncMediaPlayer: resetBuffering
01-03 01:56:23.100   575   925 I chatty  : uid=1001(radio) /vendor/bin/qmuxd expire 17 lines
01-03 01:56:25.819  5718  5718 D QC_RIL_OEM_HOOK: Received Broadcast Intent ACTION_UNSOL_RESPONSE_OEM_HOOK_RAW
01-03 01:56:25.819  5718  5718 D QC_RIL_OEM_HOOK: Oem ID in QCRILHOOK UNSOL RESP is QOEMHOOK
01-03 01:56:25.820  2962  3124 I chatty  : uid=1001(radio) HwBinder:2962_1 expire 11 lines
01-03 01:56:25.826  5718  5769 I MIPIManagerFlow: checkIfMatchRules:radioIf:5,activeBand:81,activeChannel:587
01-03 01:56:25.826  5718  5769 I MIPIManagerFlow: checkIfMatchRules match key:5,81,NA
01-03 01:56:25.826  5718  5769 I QcRilHookFlow: invoke the qcRilSetMipiFreq method,Mipi:948000000
01-03 01:56:25.826  5718  5769 D QC_RIL_OEM_HOOK: qcRilSetMipiFreq: clkrate : 948000000
01-03 01:56:25.826  5718  5769 V QC_RIL_OEM_HOOK: sendRilOemHookMsgAsync: Outgoing Data is 514f454d484f4f4b142009000400000000558138
01-03 01:56:25.833  5718  5731 D QC_RIL_OEM_HOOK: qcRilSetMipiFreq DONE!
01-03 01:57:46.556   878  1759 I nanohub : osLog: [Activity]  detected still, confidence: 100, votes: 3, motionConfidence: 0
01-03 01:57:49.363   878  1561 E PackageInstaller: Commit of session 514871559 failed: Package /data/app/vmdl514871559.tmp/base.apk has no certificates at entry lib/armeabi-v7a/wrap.sh
01-03 01:57:57.828   575   925 I chatty  : uid=1001(radio) /vendor/bin/qmuxd expire 11 lines
01-03 01:58:25.368   878  1759 I nanohub : osLog: [Activity]  detected still, confidence: 100, votes: 3, motionConfidence: 0
01-03 01:58:28.544   575   925 I chatty  : uid=1001(radio) /vendor/bin/qmuxd expire 18 lines
01-03 01:59:32.766  5718  5718 D QC_RIL_OEM_HOOK: Received Broadcast Intent ACTION_UNSOL_RESPONSE_OEM_HOOK_RAW
01-03 01:59:32.766  5718  5718 D QC_RIL_OEM_HOOK: Oem ID in QCRILHOOK UNSOL RESP is QOEMHOOK
01-03 01:59:32.793   575   925 I chatty  : uid=1001(radio) /vendor/bin/qmuxd expire 14 lines
01-03 02:00:06.083  6029  6063 I PlayCommon: [304] com.google.android.play.a.g.e(909): Preparing logs for uploading
01-03 02:00:06.099  6029  6063 W PlayCommon: [304] com.google.android.play.a.g.a(1253): No account for auth token provided
01-03 02:00:06.100  6029  6063 I PlayCommon: [304] com.google.android.play.a.g.a(1049): Connecting to server: https://play.googleapis.com/play/log?format=raw&proto_v2=true
01-03 02:00:06.112  6029  6063 E PlayCommon: [304] com.google.android.play.a.g.a(1060): Failed to connect to server: java.net.UnknownHostException: Unable to resolve host "play.googleapis.com": No address associated with hostname
01-03 02:00:38.766   575   925 I chatty  : uid=1001(radio) /vendor/bin/qmuxd expire 44 lines
01-03 02:03:39.736   878  1759 I nanohub : osLog: [Activity]  detected still, confidence: 100, votes: 3, motionConfidence: 0
01-03 02:03:40.519   575   925 I chatty  : uid=1001(radio) /vendor/bin/qmuxd expire 12 lines
01-03 02:03:58.625  5718  5718 D QC_RIL_OEM_HOOK: Received Broadcast Intent ACTION_UNSOL_RESPONSE_OEM_HOOK_RAW
01-03 02:03:58.625  5718  5718 D QC_RIL_OEM_HOOK: Oem ID in QCRILHOOK UNSOL RESP is QOEMHOOK
01-03 02:03:58.641   575   925 I chatty  : uid=1001(radio) /vendor/bin/qmuxd expire 12 lines
01-03 02:05:06.222  6029  6063 I PlayCommon: [304] com.google.android.play.a.g.e(909): Preparing logs for uploading
01-03 02:05:06.240  6029  6063 W PlayCommon: [304] com.google.android.play.a.g.a(1253): No account for auth token provided
01-03 02:05:06.241  6029  6063 I PlayCommon: [304] com.google.android.play.a.g.a(1049): Connecting to server: https://play.googleapis.com/play/log?format=raw&proto_v2=true
01-03 02:05:06.249  6029  6063 E PlayCommon: [304] com.google.android.play.a.g.a(1060): Failed to connect to server: java.net.UnknownHostException: Unable to resolve host "play.googleapis.com": No address associated with hostname
01-03 02:05:16.346   878  1759 I nanohub : osLog: [Activity]  detected still, confidence: 100, votes: 3, motionConfidence: 0
01-03 02:05:30.945   575   925 I chatty  : uid=1001(radio) /vendor/bin/qmuxd expire 10 lines
01-03 02:05:54.199  5718  5718 D QC_RIL_OEM_HOOK: Received Broadcast Intent ACTION_UNSOL_RESPONSE_OEM_HOOK_RAW
01-03 02:05:54.199  5718  5718 D QC_RIL_OEM_HOOK: Oem ID in QCRILHOOK UNSOL RESP is QOEMHOOK
01-03 02:05:54.219   575   925 I chatty  : uid=1001(radio) /vendor/bin/qmuxd expire 78 lines
01-03 02:06:00.221  5718  5718 D QC_RIL_OEM_HOOK: Received Broadcast Intent ACTION_UNSOL_RESPONSE_OEM_HOOK_RAW
01-03 02:06:00.222  5718  5718 D QC_RIL_OEM_HOOK: Oem ID in QCRILHOOK UNSOL RESP is QOEMHOOK
01-03 02:06:12.814   878   893 I UsageStatsService: User[0] Flushing usage stats to disk
01-03 02:10:06.357  6029  6063 I PlayCommon: [304] com.google.android.play.a.g.e(909): Preparing logs for uploading
01-03 02:10:06.373  6029  6063 W PlayCommon: [304] com.google.android.play.a.g.a(1253): No account for auth token provided
01-03 02:10:06.373  6029  6063 I PlayCommon: [304] com.google.android.play.a.g.a(1049): Connecting to server: https://play.googleapis.com/play/log?format=raw&proto_v2=true
01-03 02:10:06.383  6029  6063 E PlayCommon: [304] com.google.android.play.a.g.a(1060): Failed to connect to server: java.net.UnknownHostException: Unable to resolve host "play.googleapis.com": No address associated with hostname
01-03 02:10:07.421   575   925 I chatty  : uid=1001(radio) /vendor/bin/qmuxd expire 12 lines
01-03 02:10:29.406  2962  3124 I chatty  : uid=1001(radio) HwBinder:2962_1 expire 3 lines
01-03 02:10:29.406  5718  5718 D QC_RIL_OEM_HOOK: Received Broadcast Intent ACTION_UNSOL_RESPONSE_OEM_HOOK_RAW
01-03 02:10:29.408  5718  5718 D QC_RIL_OEM_HOOK: Oem ID in QCRILHOOK UNSOL RESP is QOEMHOOK
01-03 02:10:29.418  5718  5769 I MIPIManagerFlow: checkIfMatchRules:radioIf:5,activeBand:81,activeChannel:612
01-03 02:10:29.419  5718  5769 I MIPIManagerFlow: checkIfMatchRules match key:5,81,NA
01-03 02:10:29.419  5718  5769 I QcRilHookFlow: invoke the qcRilSetMipiFreq method,Mipi:948000000
01-03 02:10:29.419  5718  5769 D QC_RIL_OEM_HOOK: qcRilSetMipiFreq: clkrate : 948000000
01-03 02:10:29.419  5718  5769 V QC_RIL_OEM_HOOK: sendRilOemHookMsgAsync: Outgoing Data is 514f454d484f4f4b142009000400000000558138
01-03 02:10:29.425   575   925 I chatty  : uid=1001(radio) /vendor/bin/qmuxd expire 10 lines
01-03 02:10:29.431  5718  5732 D QC_RIL_OEM_HOOK: qcRilSetMipiFreq DONE!
01-03 02:10:40.540  2962  3124 I chatty  : uid=1001(radio) HwBinder:2962_1 expire 3 lines
01-03 02:10:40.541  5718  5718 D QC_RIL_OEM_HOOK: Received Broadcast Intent ACTION_UNSOL_RESPONSE_OEM_HOOK_RAW
01-03 02:10:40.542  5718  5718 D QC_RIL_OEM_HOOK: Oem ID in QCRILHOOK UNSOL RESP is QOEMHOOK
01-03 02:10:40.551  5718  5769 I MIPIManagerFlow: checkIfMatchRules:radioIf:5,activeBand:81,activeChannel:587
01-03 02:10:40.551  5718  5769 I MIPIManagerFlow: checkIfMatchRules match key:5,81,NA
01-03 02:10:40.551  5718  5769 I QcRilHookFlow: invoke the qcRilSetMipiFreq method,Mipi:948000000
01-03 02:10:40.551  5718  5769 D QC_RIL_OEM_HOOK: qcRilSetMipiFreq: clkrate : 948000000
01-03 02:10:40.552  5718  5769 V QC_RIL_OEM_HOOK: sendRilOemHookMsgAsync: Outgoing Data is 514f454d484f4f4b142009000400000000558138
01-03 02:10:40.562  5718  5731 D QC_RIL_OEM_HOOK: qcRilSetMipiFreq DONE!
01-03 02:10:40.565   575   925 I chatty  : uid=1001(radio) /vendor/bin/qmuxd expire 24 lines
01-03 02:11:25.723  2962  3124 I chatty  : uid=1001(radio) HwBinder:2962_1 expire 3 lines
01-03 02:11:25.725  5718  5718 D QC_RIL_OEM_HOOK: Received Broadcast Intent ACTION_UNSOL_RESPONSE_OEM_HOOK_RAW
01-03 02:11:25.725  5718  5718 D QC_RIL_OEM_HOOK: Oem ID in QCRILHOOK UNSOL RESP is QOEMHOOK
01-03 02:11:25.738  5718  5769 I MIPIManagerFlow: checkIfMatchRules:radioIf:5,activeBand:81,activeChannel:612
01-03 02:11:25.739  5718  5769 I MIPIManagerFlow: checkIfMatchRules match key:5,81,NA
01-03 02:11:25.739  5718  5769 I QcRilHookFlow: invoke the qcRilSetMipiFreq method,Mipi:948000000
01-03 02:11:25.739  5718  5769 D QC_RIL_OEM_HOOK: qcRilSetMipiFreq: clkrate : 948000000
01-03 02:11:25.739  5718  5769 V QC_RIL_OEM_HOOK: sendRilOemHookMsgAsync: Outgoing Data is 514f454d484f4f4b142009000400000000558138
01-03 02:11:25.751  5718  5732 D QC_RIL_OEM_HOOK: qcRilSetMipiFreq DONE!
01-03 02:11:25.759   575   925 I chatty  : uid=1001(radio) /vendor/bin/qmuxd expire 1 line
01-03 02:11:25.759   575   925 E QC-QMI  : linux_qmi_qmux_io_wake_unlock: Err in writing wakelock=qmuxd_port_wl_0, error [1:Operation not permitted]
01-03 02:11:27.741   575   925 E QC-QMI  : linux_qmi_qmux_io_wake_lock: Err in writing wakelock=qmuxd_port_wl_0, error [1:Operation not permitted]
01-03 02:11:27.741   575   925 E QC-QMI  : linux_qmi_qmux_io_wake_unlock: Err in writing wakelock=qmuxd_port_wl_0, error [1:Operation not permitted]
01-03 02:11:48.200   575   925 E QC-QMI  : linux_qmi_qmux_io_wake_lock: Err in writing wakelock=qmuxd_port_wl_0, error [1:Operation not permitted]
01-03 02:11:48.200   575   925 E QC-QMI  : linux_qmi_qmux_io_wake_unlock: Err in writing wakelock=qmuxd_port_wl_0, error [1:Operation not permitted]
01-03 02:11:50.765   575   925 E QC-QMI  : linux_qmi_qmux_io_wake_lock: Err in writing wakelock=qmuxd_port_wl_0, error [1:Operation not permitted]
01-03 02:11:50.765   575   925 E QC-QMI  : linux_qmi_qmux_io_wake_unlock: Err in writing wakelock=qmuxd_port_wl_0, error [1:Operation not permitted]
01-03 02:11:58.440   575   925 E QC-QMI  : linux_qmi_qmux_io_wake_lock: Err in writing wakelock=qmuxd_port_wl_0, error [1:Operation not permitted]
01-03 02:11:58.443   575   925 E QC-QMI  : linux_qmi_qmux_io_wake_unlock: Err in writing wakelock=qmuxd_port_wl_0, error [1:Operation not permitted]
01-03 02:12:03.561   575   925 E QC-QMI  : linux_qmi_qmux_io_wake_lock: Err in writing wakelock=qmuxd_port_wl_0, error [1:Operation not permitted]
01-03 02:12:03.561   575   925 E QC-QMI  : linux_qmi_qmux_io_wake_unlock: Err in writing wakelock=qmuxd_port_wl_0, error [1:Operation not permitted]
01-03 02:12:04.843   575   925 E QC-QMI  : linux_qmi_qmux_io_wake_lock: Err in writing wakelock=qmuxd_port_wl_0, error [1:Operation not permitted]
01-03 02:12:04.844   575   925 E QC-QMI  : linux_qmi_qmux_io_wake_unlock: Err in writing wakelock=qmuxd_port_wl_0, error [1:Operation not permitted]
01-03 02:12:06.127   575   925 E QC-QMI  : linux_qmi_qmux_io_wake_lock: Err in writing wakelock=qmuxd_port_wl_0, error [1:Operation not permitted]
01-03 02:12:06.127   575   925 E QC-QMI  : linux_qmi_qmux_io_wake_unlock: Err in writing wakelock=qmuxd_port_wl_0, error [1:Operation not permitted]
01-03 02:12:11.239   575   925 E QC-QMI  : linux_qmi_qmux_io_wake_lock: Err in writing wakelock=qmuxd_port_wl_0, error [1:Operation not permitted]
01-03 02:12:11.239   575   925 E QC-QMI  : linux_qmi_qmux_io_wake_unlock: Err in writing wakelock=qmuxd_port_wl_0, error [1:Operation not permitted]
01-03 02:12:13.806   575   925 E QC-QMI  : linux_qmi_qmux_io_wake_lock: Err in writing wakelock=qmuxd_port_wl_0, error [1:Operation not permitted]
01-03 02:12:13.807   575   925 E QC-QMI  : linux_qmi_qmux_io_wake_unlock: Err in writing wakelock=qmuxd_port_wl_0, error [1:Operation not permitted]
01-03 02:12:17.881   575   925 E QC-QMI  : linux_qmi_qmux_io_wake_lock: Err in writing wakelock=qmuxd_port_wl_0, error [1:Operation not permitted]
01-03 02:12:17.882   575   925 E QC-QMI  : linux_qmi_qmux_io_wake_unlock: Err in writing wakelock=qmuxd_port_wl_0, error [1:Operation not permitted]
01-03 02:12:17.898  2962  3124 E IPCThreadState: Not sending reply in one-way transaction
01-03 02:12:17.900  5718  5718 D QC_RIL_OEM_HOOK: Received Broadcast Intent ACTION_UNSOL_RESPONSE_OEM_HOOK_RAW
01-03 02:12:17.900  5718  5718 D QC_RIL_OEM_HOOK: Oem ID in QCRILHOOK UNSOL RESP is QOEMHOOK
01-03 02:12:17.902  2962  3124 E IPCThreadState: Not sending reply in one-way transaction
01-03 02:12:17.923   575   925 E QC-QMI  : linux_qmi_qmux_io_wake_lock: Err in writing wakelock=qmuxd_port_wl_0, error [1:Operation not permitted]
01-03 02:12:17.924   575   925 E QC-QMI  : linux_qmi_qmux_io_wake_unlock: Err in writing wakelock=qmuxd_port_wl_0, error [1:Operation not permitted]
01-03 02:12:29.504   575   925 E QC-QMI  : linux_qmi_qmux_io_wake_lock: Err in writing wakelock=qmuxd_port_wl_0, error [1:Operation not permitted]
01-03 02:12:29.505   575   925 E QC-QMI  : linux_qmi_qmux_io_wake_unlock: Err in writing wakelock=qmuxd_port_wl_0, error [1:Operation not permitted]
01-03 02:12:34.625   575   925 E QC-QMI  : linux_qmi_qmux_io_wake_lock: Err in writing wakelock=qmuxd_port_wl_0, error [1:Operation not permitted]
01-03 02:12:34.625   575   925 E QC-QMI  : linux_qmi_qmux_io_wake_unlock: Err in writing wakelock=qmuxd_port_wl_0, error [1:Operation not permitted]
01-03 02:12:42.299   575   925 E QC-QMI  : linux_qmi_qmux_io_wake_lock: Err in writing wakelock=qmuxd_port_wl_0, error [1:Operation not permitted]
01-03 02:12:42.302   575   925 E QC-QMI  : linux_qmi_qmux_io_wake_unlock: Err in writing wakelock=qmuxd_port_wl_0, error [1:Operation not permitted]
01-03 02:12:42.427   575   925 E QC-QMI  : linux_qmi_qmux_io_wake_lock: Err in writing wakelock=qmuxd_port_wl_0, error [1:Operation not permitted]
01-03 02:12:42.428   575   925 E QC-QMI  : linux_qmi_qmux_io_wake_unlock: Err in writing wakelock=qmuxd_port_wl_0, error [1:Operation not permitted]
01-03 02:12:42.429   575   925 E QC-QMI  : linux_qmi_qmux_io_wake_lock: Err in writing wakelock=qmuxd_port_wl_0, error [1:Operation not permitted]
01-03 02:12:42.429   575   925 E QC-QMI  : linux_qmi_qmux_io_wake_unlock: Err in writing wakelock=qmuxd_port_wl_0, error [1:Operation not permitted]
01-03 02:12:42.452  2962  3124 E IPCThreadState: Not sending reply in one-way transaction
